[    0.000000] Linux version 6.19.9-200.fc43.x86_64 (mockbuild@11e1a27eb6fa42019458042bfa272d8a) (gcc (GCC) 15.2.1 20260123 (Red Hat 15.2.1-7), GNU ld version 2.45.1-4.fc43) #1 SMP PREEMPT_DYNAMIC Thu Mar 19 21:34:56 UTC 2026
[    0.000000] Command line: BOOT_IMAGE=(hd1,gpt2)/vmlinuz-6.19.9-200.fc43.x86_64 root=UUID=7e68572e-c329-46b9-acfb-ebd45df85463 ro rootflags=subvol=root rhgb quiet random.trust_cpu=off pcie_aspm=off amd_iommu=pgtbl_v2
[    0.000000] x86/split lock detection: #DB: warning on user-space bus_locks
[    0.000000] BIOS-provided physical RAM map:
[    0.000000] BIOS-e820: [mem 0x0000000000000000-0x000000000009ffff] usable
[    0.000000] BIOS-e820: [mem 0x00000000000a0000-0x00000000000fffff] reserved
[    0.000000] BIOS-e820: [mem 0x0000000000100000-0x0000000009a7efff] usable
[    0.000000] BIOS-e820: [mem 0x0000000009a7f000-0x0000000009ffffff] reserved
[    0.000000] BIOS-e820: [mem 0x000000000a000000-0x000000000a1fffff] usable
[    0.000000] BIOS-e820: [mem 0x000000000a200000-0x000000000a23bfff] ACPI NVS
[    0.000000] BIOS-e820: [mem 0x000000000a23c000-0x0000000067f7efff] usable
[    0.000000] BIOS-e820: [mem 0x0000000067f7f000-0x000000006df7efff] reserved
[    0.000000] BIOS-e820: [mem 0x000000006df7f000-0x000000006e07efff] ACPI data
[    0.000000] BIOS-e820: [mem 0x000000006e07f000-0x000000007007efff] ACPI NVS
[    0.000000] BIOS-e820: [mem 0x000000007007f000-0x00000000781fefff] reserved
[    0.000000] BIOS-e820: [mem 0x00000000781ff000-0x0000000079ff6fff] usable
[    0.000000] BIOS-e820: [mem 0x0000000079ff7000-0x0000000079ffcfff] reserved
[    0.000000] BIOS-e820: [mem 0x0000000079ffd000-0x0000000079ffefff] usable
[    0.000000] BIOS-e820: [mem 0x0000000079fff000-0x000000007bffffff] reserved
[    0.000000] BIOS-e820: [mem 0x000000007d675000-0x000000007d6fffff] reserved
[    0.000000] BIOS-e820: [mem 0x000000007d800000-0x000000007fffffff] reserved
[    0.000000] BIOS-e820: [mem 0x00000000e0000000-0x00000000efffffff] reserved
[    0.000000] BIOS-e820: [mem 0x00000000fd000000-0x00000000ffffffff] reserved
[    0.000000] BIOS-e820: [mem 0x0000000100000000-0x000000167e17ffff] usable
[    0.000000] BIOS-e820: [mem 0x000000167f1c0000-0x00000018a01fffff] reserved
[    0.000000] NX (Execute Disable) protection: active
[    0.000000] APIC: Static calls initialized
[    0.000000] efi: EFI v2.9 by American Megatrends
[    0.000000] efi: ACPI=0x70064000 ACPI 2.0=0x70064014 TPMFinalLog=0x70033000 SMBIOS=0x77e68000 SMBIOS 3.0=0x77e67000 MEMATTR=0x62b27698 ESRT=0x651f2098 MOKvar=0x77e53000 RNG=0x6e026018 TPMEventLog=0x6e01b018 
[    0.000000] random: crng init done
[    0.000000] efi: Remove mem64: MMIO range=[0xe0000000-0xefffffff] (256MB) from e820 map
[    0.000000] e820: remove [mem 0xe0000000-0xefffffff] reserved
[    0.000000] efi: Remove mem65: MMIO range=[0xfd000000-0xfedfffff] (30MB) from e820 map
[    0.000000] e820: remove [mem 0xfd000000-0xfedfffff] reserved
[    0.000000] efi: Not removing mem66: MMIO range=[0xfee00000-0xfee00fff] (4KB) from e820 map
[    0.000000] efi: Remove mem67: MMIO range=[0xfee01000-0xffffffff] (17MB) from e820 map
[    0.000000] e820: remove [mem 0xfee01000-0xffffffff] reserved
[    0.000000] efi: Remove mem69: MMIO range=[0x1880000000-0x18a01fffff] (514MB) from e820 map
[    0.000000] e820: remove [mem 0x1880000000-0x18a01fffff] reserved
[    0.000000] secureboot: Secure boot disabled
[    0.000000] SMBIOS 3.7.0 present.
[    0.000000] DMI: Micro Computer (HK) Tech Limited N5 PRO/F8NAA, BIOS 1.04 06/13/2025
[    0.000000] DMI: Memory slots populated: 2/2
[    0.000000] tsc: Fast TSC calibration using PIT
[    0.000000] tsc: Detected 1996.193 MHz processor
[    0.000123] e820: update [mem 0x00000000-0x00000fff] usable ==> reserved
[    0.000125] e820: remove [mem 0x000a0000-0x000fffff] usable
[    0.000129] last_pfn = 0x167e180 max_arch_pfn = 0x400000000
[    0.000135] MTRR map: 6 entries (3 fixed + 3 variable; max 20), built from 9 variable MTRRs
[    0.000137] x86/PAT: Configuration [0-7]: WB  WC  UC- UC  WB  WP  UC- WT  
[    0.000282] last_pfn = 0x79fff max_arch_pfn = 0x400000000
[    0.003492] esrt: Reserving ESRT space from 0x00000000651f2098 to 0x00000000651f20d0.
[    0.003499] e820: update [mem 0x651f2000-0x651f2fff] usable ==> reserved
[    0.003512] Using GB pages for direct mapping
[    0.003647] secureboot: Secure boot disabled
[    0.003648] RAMDISK: [mem 0x4fcd7000-0x540c9fff]
[    0.003652] ACPI: Early table checksum verification disabled
[    0.003655] ACPI: RSDP 0x0000000070064014 000024 (v02 ALASKA)
[    0.003658] ACPI: XSDT 0x0000000070063728 00012C (v01 ALASKA A M I    01072009 AMI  01000013)
[    0.003663] ACPI: FACP 0x000000006E074000 000114 (v06 ALASKA A M I    01072009 AMI  00010013)
[    0.003667] ACPI: DSDT 0x000000006E06C000 007622 (v02 ALASKA A M I    01072009 INTL 20230331)
[    0.003669] ACPI: FACS 0x000000006FA18000 000040
[    0.003670] ACPI: SSDT 0x000000006E076000 0083FE (v02 AMD    AmdTable 00000002 MSFT 04000000)
[    0.003671] ACPI: SSDT 0x000000006E075000 000309 (v02 ALASKA CPUSSDT  01072009 AMI  01072009)
[    0.003673] ACPI: FIDT 0x000000006E06B000 00009C (v01 ALASKA A M I    01072009 AMI  00010013)
[    0.003674] ACPI: MCFG 0x000000006E06A000 00003C (v01 ALASKA A M I    01072009 MSFT 00010013)
[    0.003675] ACPI: HPET 0x000000006E069000 000038 (v01 ALASKA A M I    01072009 AMI  00000005)
[    0.003677] ACPI: UEFI 0x000000006FA16000 000048 (v01 ALASKA A M I    01072009 AMI  01000013)
[    0.003678] ACPI: FPDT 0x000000006E068000 000044 (v01 ALASKA A M I    01072009 AMI  01000013)
[    0.003679] ACPI: ABLT 0x000000006E067000 0002C2 (v00                 00000000      00000000)
[    0.003681] ACPI: VFCT 0x000000006E062000 004484 (v01 ALASKA A M I    00000001 AMD  33504F47)
[    0.003682] ACPI: BGRT 0x000000006E061000 000038 (v01 ALASKA A M I    01072009 AMI  00010013)
[    0.003683] ACPI: SSDT 0x000000006E060000 00021A (v02 AMD    Hetero   00000001 INTL 20230331)
[    0.003684] ACPI: PCCT 0x000000006E05F000 0000D4 (v02 AMD    AmdTable 00000001 AMD  00000001)
[    0.003686] ACPI: SSDT 0x000000006E057000 007EA6 (v02 AMD    AMD CPU  00000001 AMD  00000001)
[    0.003687] ACPI: TPM2 0x000000006E056000 00004C (v04 ALASKA A M I    00000001 AMI  00000000)
[    0.003689] ACPI: SSDT 0x000000006E054000 00169E (v02 AMD    CPMDFIG2 00000001 INTL 20230331)
[    0.003690] ACPI: SSDT 0x000000006E051000 002AA6 (v02 AMD    CDFAAIG2 00000001 INTL 20230331)
[    0.003691] ACPI: SSDT 0x000000006E04F000 001D2D (v02 AMD    OEMACP   00000001 INTL 20230331)
[    0.003692] ACPI: SSDT 0x000000006E04E000 000A70 (v02 AMD    OEMPMF   00000001 INTL 20230331)
[    0.003694] ACPI: SSDT 0x000000006E044000 009A53 (v02 AMD    CPMCMN   00000001 INTL 20230331)
[    0.003695] ACPI: SSDT 0x000000006E041000 0023E0 (v02 AMD    AOD      00000001 INTL 20230331)
[    0.003696] ACPI: WSMT 0x000000006E040000 000028 (v01 ALASKA A M I    01072009 AMI  00010013)
[    0.003697] ACPI: APIC 0x000000006E03F000 000128 (v06 ALASKA A M I    01072009 AMI  00010013)
[    0.003699] ACPI: IVRS 0x000000006E03E000 0001BE (v02 AMD    AmdTable 00000001 AMD  00000001)
[    0.003700] ACPI: SSDT 0x000000006E03D000 00096A (v02 AMD    CPMMSOSC 00000001 INTL 20230331)
[    0.003701] ACPI: SSDT 0x000000006E03C000 000F5C (v02 AMD    CPMACPV8 00000001 INTL 20230331)
[    0.003703] ACPI: SSDT 0x000000006E03B000 000500 (v02 AMD    MEMTOOL0 00000002 INTL 20230331)
[    0.003704] ACPI: SSDT 0x000000006E03A000 0008ED (v02 AMD    THERMAL0 00000001 INTL 20230331)
[    0.003705] ACPI: SSDT 0x000000006E038000 00101C (v02 AMD    GPP_PME_ 00000001 INTL 20230331)
[    0.003707] ACPI: SSDT 0x000000006E02E000 00972B (v02 AMD    INTGPPC_ 00000001 INTL 20230331)
[    0.003708] ACPI: SSDT 0x000000006E029000 004608 (v02 AMD    INTGPPA_ 00000001 INTL 20230331)
[    0.003709] ACPI: SSDT 0x000000006E028000 000A04 (v02 AMD    CPMGPIO0 00000001 INTL 20230331)
[    0.003710] ACPI: SSDT 0x000000006E027000 000509 (v02 AMD    CPMSFAML 00000001 INTL 20230331)
[    0.003711] ACPI: Reserving FACP table memory at [mem 0x6e074000-0x6e074113]
[    0.003712] ACPI: Reserving DSDT table memory at [mem 0x6e06c000-0x6e073621]
[    0.003712] ACPI: Reserving FACS table memory at [mem 0x6fa18000-0x6fa1803f]
[    0.003712] ACPI: Reserving SSDT table memory at [mem 0x6e076000-0x6e07e3fd]
[    0.003712] ACPI: Reserving SSDT table memory at [mem 0x6e075000-0x6e075308]
[    0.003713] ACPI: Reserving FIDT table memory at [mem 0x6e06b000-0x6e06b09b]
[    0.003713] ACPI: Reserving MCFG table memory at [mem 0x6e06a000-0x6e06a03b]
[    0.003713] ACPI: Reserving HPET table memory at [mem 0x6e069000-0x6e069037]
[    0.003713] ACPI: Reserving UEFI table memory at [mem 0x6fa16000-0x6fa16047]
[    0.003714] ACPI: Reserving FPDT table memory at [mem 0x6e068000-0x6e068043]
[    0.003714] ACPI: Reserving ABLT table memory at [mem 0x6e067000-0x6e0672c1]
[    0.003714] ACPI: Reserving VFCT table memory at [mem 0x6e062000-0x6e066483]
[    0.003715] ACPI: Reserving BGRT table memory at [mem 0x6e061000-0x6e061037]
[    0.003715] ACPI: Reserving SSDT table memory at [mem 0x6e060000-0x6e060219]
[    0.003715] ACPI: Reserving PCCT table memory at [mem 0x6e05f000-0x6e05f0d3]
[    0.003715] ACPI: Reserving SSDT table memory at [mem 0x6e057000-0x6e05eea5]
[    0.003716] ACPI: Reserving TPM2 table memory at [mem 0x6e056000-0x6e05604b]
[    0.003716] ACPI: Reserving SSDT table memory at [mem 0x6e054000-0x6e05569d]
[    0.003716] ACPI: Reserving SSDT table memory at [mem 0x6e051000-0x6e053aa5]
[    0.003716] ACPI: Reserving SSDT table memory at [mem 0x6e04f000-0x6e050d2c]
[    0.003717] ACPI: Reserving SSDT table memory at [mem 0x6e04e000-0x6e04ea6f]
[    0.003717] ACPI: Reserving SSDT table memory at [mem 0x6e044000-0x6e04da52]
[    0.003717] ACPI: Reserving SSDT table memory at [mem 0x6e041000-0x6e0433df]
[    0.003717] ACPI: Reserving WSMT table memory at [mem 0x6e040000-0x6e040027]
[    0.003718] ACPI: Reserving APIC table memory at [mem 0x6e03f000-0x6e03f127]
[    0.003718] ACPI: Reserving IVRS table memory at [mem 0x6e03e000-0x6e03e1bd]
[    0.003718] ACPI: Reserving SSDT table memory at [mem 0x6e03d000-0x6e03d969]
[    0.003718] ACPI: Reserving SSDT table memory at [mem 0x6e03c000-0x6e03cf5b]
[    0.003719] ACPI: Reserving SSDT table memory at [mem 0x6e03b000-0x6e03b4ff]
[    0.003719] ACPI: Reserving SSDT table memory at [mem 0x6e03a000-0x6e03a8ec]
[    0.003719] ACPI: Reserving SSDT table memory at [mem 0x6e038000-0x6e03901b]
[    0.003719] ACPI: Reserving SSDT table memory at [mem 0x6e02e000-0x6e03772a]
[    0.003720] ACPI: Reserving SSDT table memory at [mem 0x6e029000-0x6e02d607]
[    0.003720] ACPI: Reserving SSDT table memory at [mem 0x6e028000-0x6e028a03]
[    0.003720] ACPI: Reserving SSDT table memory at [mem 0x6e027000-0x6e027508]
[    0.003812] No NUMA configuration found
[    0.003813] Faking a node at [mem 0x0000000000000000-0x000000167e17ffff]
[    0.003817] NODE_DATA(0) allocated [mem 0x167e155280-0x167e17ffff]
[    0.003948] Zone ranges:
[    0.003948]   DMA      [mem 0x0000000000001000-0x0000000000ffffff]
[    0.003949]   DMA32    [mem 0x0000000001000000-0x00000000ffffffff]
[    0.003950]   Normal   [mem 0x0000000100000000-0x000000167e17ffff]
[    0.003951]   Device   empty
[    0.003951] Movable zone start for each node
[    0.003952] Early memory node ranges
[    0.003952]   node   0: [mem 0x0000000000001000-0x000000000009ffff]
[    0.003953]   node   0: [mem 0x0000000000100000-0x0000000009a7efff]
[    0.003953]   node   0: [mem 0x000000000a000000-0x000000000a1fffff]
[    0.003954]   node   0: [mem 0x000000000a23c000-0x0000000067f7efff]
[    0.003954]   node   0: [mem 0x00000000781ff000-0x0000000079ff6fff]
[    0.003954]   node   0: [mem 0x0000000079ffd000-0x0000000079ffefff]
[    0.003955]   node   0: [mem 0x0000000100000000-0x000000167e17ffff]
[    0.003959] Initmem setup node 0 [mem 0x0000000000001000-0x000000167e17ffff]
[    0.003964] On node 0, zone DMA: 1 pages in unavailable ranges
[    0.003970] On node 0, zone DMA: 96 pages in unavailable ranges
[    0.004015] On node 0, zone DMA32: 1409 pages in unavailable ranges
[    0.004651] On node 0, zone DMA32: 60 pages in unavailable ranges
[    0.004671] On node 0, zone DMA32: 640 pages in unavailable ranges
[    0.004672] On node 0, zone DMA32: 6 pages in unavailable ranges
[    0.054280] On node 0, zone Normal: 24577 pages in unavailable ranges
[    0.054300] On node 0, zone Normal: 7808 pages in unavailable ranges
[    0.054617] ACPI: PM-Timer IO Port: 0x808
[    0.054628] ACPI: LAPIC_NMI (acpi_id[0xff] high edge lint[0x1])
[    0.054641] IOAPIC[0]: apic_id 33, version 33, address 0xfec00000, GSI 0-23
[    0.054646] IOAPIC[1]: apic_id 34, version 33, address 0xfec01000, GSI 24-55
[    0.054647] ACPI: INT_SRC_OVR (bus 0 bus_irq 0 global_irq 2 dfl dfl)
[    0.054649] ACPI: INT_SRC_OVR (bus 0 bus_irq 1 global_irq 1 low edge)
[    0.054649] ACPI: INT_SRC_OVR (bus 0 bus_irq 9 global_irq 9 low level)
[    0.054652] ACPI: Using ACPI (MADT) for SMP configuration information
[    0.054653] ACPI: HPET id: 0x10228201 base: 0xfed00000
[    0.054661] e820: update [mem 0x62bc4000-0x62c5cfff] usable ==> reserved
[    0.054673] CPU topo: Max. logical packages:   1
[    0.054674] CPU topo: Max. logical nodes:      1
[    0.054674] CPU topo: Num. nodes per package:  1
[    0.054675] CPU topo: Max. logical dies:       1
[    0.054675] CPU topo: Max. dies per package:   1
[    0.054677] CPU topo: Max. threads per core:   2
[    0.054678] CPU topo: Num. cores per package:    12
[    0.054678] CPU topo: Num. threads per package:  24
[    0.054678] CPU topo: Allowing 24 present CPUs plus 0 hotplug CPUs
[    0.054691] PM: hibernation: Registered nosave memory: [mem 0x00000000-0x00000fff]
[    0.054692] PM: hibernation: Registered nosave memory: [mem 0x000a0000-0x000fffff]
[    0.054692] PM: hibernation: Registered nosave memory: [mem 0x09a7f000-0x09ffffff]
[    0.054693] PM: hibernation: Registered nosave memory: [mem 0x0a200000-0x0a23bfff]
[    0.054693] PM: hibernation: Registered nosave memory: [mem 0x62bc4000-0x62c5cfff]
[    0.054694] PM: hibernation: Registered nosave memory: [mem 0x651f2000-0x651f2fff]
[    0.054695] PM: hibernation: Registered nosave memory: [mem 0x67f7f000-0x781fefff]
[    0.054695] PM: hibernation: Registered nosave memory: [mem 0x79ff7000-0x79ffcfff]
[    0.054696] PM: hibernation: Registered nosave memory: [mem 0x79fff000-0xffffffff]
[    0.054697] [mem 0x80000000-0xfedfffff] available for PCI devices
[    0.054698] Booting paravirtualized kernel on bare hardware
[    0.054700] clocksource: refined-jiffies: mask: 0xffffffff max_cycles: 0xffffffff, max_idle_ns: 1910969940391419 ns
[    0.058892] setup_percpu: NR_CPUS:8192 nr_cpumask_bits:24 nr_cpu_ids:24 nr_node_ids:1
[    0.059401] percpu: Embedded 84 pages/cpu s221184 r8192 d114688 u524288
[    0.059407] pcpu-alloc: s221184 r8192 d114688 u524288 alloc=1*2097152
[    0.059409] pcpu-alloc: [0] 00 01 02 03 [0] 04 05 06 07 
[    0.059411] pcpu-alloc: [0] 08 09 10 11 [0] 12 13 14 15 
[    0.059412] pcpu-alloc: [0] 16 17 18 19 [0] 20 21 22 23 
[    0.059423] Kernel command line: BOOT_IMAGE=(hd1,gpt2)/vmlinuz-6.19.9-200.fc43.x86_64 root=UUID=7e68572e-c329-46b9-acfb-ebd45df85463 ro rootflags=subvol=root rhgb quiet random.trust_cpu=off pcie_aspm=off amd_iommu=pgtbl_v2
[    0.059476] PCIe ASPM is disabled
[    0.059483] Unknown kernel command line parameters "rhgb", will be passed to user space.
[    0.059495] printk: log buffer data + meta data: 262144 + 917504 = 1179648 bytes
[    0.061730] Dentry cache hash table entries: 8388608 (order: 14, 67108864 bytes, linear)
[    0.062829] Inode-cache hash table entries: 4194304 (order: 13, 33554432 bytes, linear)
[    0.062962] software IO TLB: area num 32.
[    0.067543] Fallback order for Node 0: 0 
[    0.067550] Built 1 zonelists, mobility grouping on.  Total pages: 22968539
[    0.067551] Policy zone: Normal
[    0.067639] mem auto-init: stack:all(zero), heap alloc:on, heap free:off
[    0.139401] SLUB: HWalign=64, Order=0-3, MinObjects=0, CPUs=24, Nodes=1
[    0.149887] ftrace: allocating 63403 entries in 248 pages
[    0.149888] ftrace: allocated 248 pages with 5 groups
[    0.150386] Dynamic Preempt: lazy
[    0.150447] rcu: Preemptible hierarchical RCU implementation.
[    0.150447] rcu: 	RCU event tracing is enabled.
[    0.150448] rcu: 	RCU restricting CPUs from NR_CPUS=8192 to nr_cpu_ids=24.
[    0.150449] 	Trampoline variant of Tasks RCU enabled.
[    0.150450] 	Rude variant of Tasks RCU enabled.
[    0.150450] 	Tracing variant of Tasks RCU enabled.
[    0.150450] rcu: RCU calculated value of scheduler-enlistment delay is 100 jiffies.
[    0.150451] rcu: Adjusting geometry for rcu_fanout_leaf=16, nr_cpu_ids=24
[    0.150460] RCU Tasks: Setting shift to 5 and lim to 1 rcu_task_cb_adjust=1 rcu_task_cpu_ids=24.
[    0.150462] RCU Tasks Rude: Setting shift to 5 and lim to 1 rcu_task_cb_adjust=1 rcu_task_cpu_ids=24.
[    0.150464] RCU Tasks Trace: Setting shift to 5 and lim to 1 rcu_task_cb_adjust=1 rcu_task_cpu_ids=24.
[    0.152931] NR_IRQS: 524544, nr_irqs: 1160, preallocated irqs: 16
[    0.153121] rcu: srcu_init: Setting srcu_struct sizes based on contention.
[    0.153222] kfence: initialized - using 2097152 bytes for 255 objects at 0x(____ptrval____)-0x(____ptrval____)
[    0.153259] Console: colour dummy device 80x25
[    0.153262] printk: legacy console [tty0] enabled
[    0.153288] ACPI: Core revision 20250807
[    0.153435] clocksource: hpet: mask: 0xffffffff max_cycles: 0xffffffff, max_idle_ns: 133484873504 ns
[    0.153453] APIC: Switch to symmetric I/O mode setup
[    0.153635] AMD-Vi: ivrs, add hid:AMDI0020, uid:ID00, rdevid:0xa0
[    0.153637] AMD-Vi: ivrs, add hid:AMDI0020, uid:ID01, rdevid:0xa0
[    0.153637] AMD-Vi: ivrs, add hid:AMDI0020, uid:ID02, rdevid:0xa0
[    0.153638] AMD-Vi: ivrs, add hid:AMDI0020, uid:ID03, rdevid:0x98
[    0.153638] AMD-Vi: ivrs, add hid:AMDI0020, uid:ID04, rdevid:0x98
[    0.153638] AMD-Vi: Using global IVHD EFR:0x246577efa2254afa, EFR2:0x10
[    0.154789] ..TIMER: vector=0x30 apic1=0 pin1=2 apic2=-1 pin2=-1
[    0.159458] clocksource: tsc-early: mask: 0xffffffffffffffff max_cycles: 0x398c43ee08e, max_idle_ns: 881590544408 ns
[    0.159460] Calibrating delay loop (skipped), value calculated using timer frequency.. 3992.38 BogoMIPS (lpj=1996193)
[    0.159476] RDSEED32 is broken. Disabling the corresponding CPUID bit.
[    0.159482] x86/cpu: User Mode Instruction Prevention (UMIP) activated
[    0.159514] LVT offset 1 assigned for vector 0xf9
[    0.159515] LVT offset 2 assigned for vector 0xf4
[    0.159761] Last level iTLB entries: 4KB 64, 2MB 64, 4MB 32
[    0.159762] Last level dTLB entries: 4KB 128, 2MB 128, 4MB 64, 1GB 0
[    0.159766] process: using mwait in idle threads
[    0.159767] mitigations: Enabled attack vectors: user_kernel, user_user, guest_host, guest_guest, SMT mitigations: auto
[    0.159769] Speculative Store Bypass: Mitigation: Speculative Store Bypass disabled via prctl
[    0.159771] Spectre V2 : Mitigation: Enhanced / Automatic IBRS
[    0.159771] Spectre V2 : User space: Mitigation: STIBP always-on protection
[    0.159772] Speculative Return Stack Overflow: Mitigation: IBPB on VMEXIT only
[    0.159773] VMSCAPE: Mitigation: IBPB on VMEXIT
[    0.159773] Spectre V1 : Mitigation: usercopy/swapgs barriers and __user pointer sanitization
[    0.159774] Spectre V2 : mitigation: Enabling conditional Indirect Branch Prediction Barrier
[    0.159782] x86/fpu: Supporting XSAVE feature 0x001: 'x87 floating point registers'
[    0.159783] x86/fpu: Supporting XSAVE feature 0x002: 'SSE registers'
[    0.159783] x86/fpu: Supporting XSAVE feature 0x004: 'AVX registers'
[    0.159783] x86/fpu: Supporting XSAVE feature 0x020: 'AVX-512 opmask'
[    0.159784] x86/fpu: Supporting XSAVE feature 0x040: 'AVX-512 Hi256'
[    0.159784] x86/fpu: Supporting XSAVE feature 0x080: 'AVX-512 ZMM_Hi256'
[    0.159785] x86/fpu: Supporting XSAVE feature 0x200: 'Protection Keys User registers'
[    0.159785] x86/fpu: Supporting XSAVE feature 0x800: 'Control-flow User registers'
[    0.159786] x86/fpu: Supporting XSAVE feature 0x1000: 'Control-flow Kernel registers (KVM only)'
[    0.159787] x86/fpu: xstate_offset[2]:  576, xstate_sizes[2]:  256
[    0.159788] x86/fpu: xstate_offset[5]:  832, xstate_sizes[5]:   64
[    0.159788] x86/fpu: xstate_offset[6]:  896, xstate_sizes[6]:  512
[    0.159789] x86/fpu: xstate_offset[7]: 1408, xstate_sizes[7]: 1024
[    0.159789] x86/fpu: xstate_offset[9]: 2432, xstate_sizes[9]:    8
[    0.159790] x86/fpu: xstate_offset[11]: 2440, xstate_sizes[11]:   16
[    0.159790] x86/fpu: xstate_offset[12]: 2456, xstate_sizes[12]:   24
[    0.159791] x86/fpu: Enabled xstate features 0x1ae7, context size is 2480 bytes, using 'compacted' format.
[    0.181666] Freeing SMP alternatives memory: 56K
[    0.181669] pid_max: default: 32768 minimum: 301
[    0.181717] Yama: becoming mindful.
[    0.181721] SELinux:  Initializing.
[    0.181941] LSM support for eBPF active
[    0.181954] landlock: Up and running.
[    0.182017] Mount-cache hash table entries: 131072 (order: 8, 1048576 bytes, linear)
[    0.182052] Mountpoint-cache hash table entries: 131072 (order: 8, 1048576 bytes, linear)
[    0.284428] smpboot: CPU0: AMD Ryzen AI 9 HX PRO 370 w/ Radeon 890M (family: 0x1a, model: 0x24, stepping: 0x0)
[    0.284459] Performance Events: Fam17h+ 16-deep LBR, core perfctr, AMD PMU driver.
[    0.284459] ... version:                   2
[    0.284459] ... bit width:                 48
[    0.284459] ... generic counters:          6
[    0.284459] ... generic bitmap:            000000000000003f
[    0.284459] ... fixed-purpose counters:    0
[    0.284459] ... fixed-purpose bitmap:      0000000000000000
[    0.284459] ... value mask:                0000ffffffffffff
[    0.284459] ... max period:                00007fffffffffff
[    0.284459] ... global_ctrl mask:          000000000000003f
[    0.284459] signal: max sigframe size: 3376
[    0.284459] rcu: Hierarchical SRCU implementation.
[    0.284459] rcu: 	Max phase no-delay instances is 400.
[    0.284459] Timer migration: 2 hierarchy levels; 8 children per group; 2 crossnode level
[    0.284459] NMI watchdog: Enabled. Permanently consumes one hw-PMU counter.
[    0.284459] smp: Bringing up secondary CPUs ...
[    0.284459] smpboot: x86: Booting SMP configuration:
[    0.284459] .... node  #0, CPUs:        #1  #2  #3  #4  #5  #6  #7  #8  #9 #10 #11 #12 #13 #14 #15 #16 #17 #18 #19 #20 #21 #22 #23
[    0.288894] Spectre V2 : Update user space SMT mitigation: STIBP always-on
[    0.290533] smp: Brought up 1 node, 24 CPUs
[    0.290533] smpboot: Total of 24 processors activated (95817.26 BogoMIPS)
[    0.291614] Memory: 90012068K/91874156K available (22585K kernel code, 4587K rwdata, 17848K rodata, 5196K init, 5800K bss, 1828512K reserved, 0K cma-reserved)
[    0.292756] devtmpfs: initialized
[    0.292756] x86/mm: Memory block size: 2048MB
[    0.292965] ACPI: PM: Registering ACPI NVS region [mem 0x0a200000-0x0a23bfff] (245760 bytes)
[    0.292965] ACPI: PM: Registering ACPI NVS region [mem 0x6e07f000-0x7007efff] (33554432 bytes)
[    0.293560] clocksource: jiffies: mask: 0xffffffff max_cycles: 0xffffffff, max_idle_ns: 1911260446275000 ns
[    0.293560] posixtimers hash table entries: 16384 (order: 6, 262144 bytes, linear)
[    0.293560] futex hash table entries: 8192 (524288 bytes on 1 NUMA nodes, total 512 KiB, linear).
[    0.293638] PM: RTC time: 02:45:06, date: 2026-03-27
[    0.293843] NET: Registered PF_NETLINK/PF_ROUTE protocol family
[    0.294031] DMA: preallocated 4096 KiB GFP_KERNEL pool for atomic allocations
[    0.294155] DMA: preallocated 4096 KiB GFP_KERNEL|GFP_DMA pool for atomic allocations
[    0.294299] DMA: preallocated 4096 KiB GFP_KERNEL|GFP_DMA32 pool for atomic allocations
[    0.294305] audit: initializing netlink subsys (disabled)
[    0.294467] audit: type=2000 audit(1774579506.140:1): state=initialized audit_enabled=0 res=1
[    0.294513] thermal_sys: Registered thermal governor 'fair_share'
[    0.294515] thermal_sys: Registered thermal governor 'bang_bang'
[    0.294516] thermal_sys: Registered thermal governor 'step_wise'
[    0.294516] thermal_sys: Registered thermal governor 'user_space'
[    0.294530] cpuidle: using governor menu
[    0.294596] Detected 1 PCC Subspaces
[    0.294597] Registering PCC driver as Mailbox controller
[    0.296002] efi: Freeing EFI boot services memory: 78800K
[    0.296005] acpiphp: ACPI Hot Plug PCI Controller Driver version: 0.5
[    0.296069] PCI: ECAM [mem 0xe0000000-0xefffffff] (base 0xe0000000) for domain 0000 [bus 00-ff]
[    0.296075] PCI: Using configuration type 1 for base access
[    0.296154] kprobes: kprobe jump-optimization is enabled. All kprobes are optimized if possible.
[    0.298482] HugeTLB: registered 1.00 GiB page size, pre-allocated 0 pages
[    0.298484] HugeTLB: 16380 KiB vmemmap can be freed for a 1.00 GiB page
[    0.298485] HugeTLB: registered 2.00 MiB page size, pre-allocated 0 pages
[    0.298485] HugeTLB: 28 KiB vmemmap can be freed for a 2.00 MiB page
[    0.299519] raid6: skipped pq benchmark and selected avx512x4
[    0.299520] raid6: using avx512x2 recovery algorithm
[    0.299557] fbcon: Taking over console
[    0.299577] ACPI: Added _OSI(Module Device)
[    0.299577] ACPI: Added _OSI(Processor Device)
[    0.299578] ACPI: Added _OSI(Processor Aggregator Device)
[    0.309360] ACPI: 20 ACPI AML tables successfully acquired and loaded
[    0.314608] ACPI: USB4 _OSC: OS supports USB3+ DisplayPort+ PCIe+ XDomain+
[    0.314610] ACPI: USB4 _OSC: OS controls USB3+ DisplayPort+ PCIe+ XDomain+
[    0.315343] ACPI: Interpreter enabled
[    0.315384] ACPI: PM: (supports S0 S4 S5)
[    0.315388] ACPI: Using IOAPIC for interrupt routing
[    0.316623] PCI: Using host bridge windows from ACPI; if necessary, use "pci=nocrs" and report a bug
[    0.316625] PCI: Ignoring E820 reservations for host bridge windows
[    0.317154] ACPI: Enabled 3 GPEs in block 00 to 1F
[    0.320673] ACPI: \_SB_.PCI0.GPP0.PWRS: New power resource
[    0.322251] ACPI: \_SB_.PCI0.GPP0.SWUS.PWRS: New power resource
[    0.323834] ACPI: \_SB_.PCI0.GPP1.PWRS: New power resource
[    0.325462] ACPI: \_SB_.PCI0.GPP1.SWUS.PWRS: New power resource
[    0.326153] ACPI: \_SB_.PCI0.GPPA.PWRS: New power resource
[    0.326498] ACPI: \_SB_.PCI0.GPPA.VGA_.PWRS: New power resource
[    0.326975] ACPI: \_SB_.PCI0.GPPA.ACP_.PWRS: New power resource
[    0.327465] ACPI: \_SB_.PCI0.GPPA.AZAL.PWRS: New power resource
[    0.327977] ACPI: \_SB_.PCI0.GPPA.HDAU.PWRS: New power resource
[    0.328532] ACPI: \_SB_.PCI0.GPPA.XHC1.PWRS: New power resource
[    0.330239] ACPI: \_SB_.PCI0.GPPC.XHC0.PWRS: New power resource
[    0.333512] ACPI: \_SB_.PCI0.GPPC.XHC3.PWRS: New power resource
[    0.335177] ACPI: \_SB_.PCI0.GPPC.XHC4.PWRS: New power resource
[    0.336847] ACPI: \_SB_.PCI0.GPPC.NHI0.PWRS: New power resource
[    0.337798] ACPI: \_SB_.PCI0.GPPC.NHI1.PWRS: New power resource
[    0.345852] ACPI: PCI Root Bridge [PCI0] (domain 0000 [bus 00-ff])
[    0.345863] acpi PNP0A08:00: _OSC: OS supports [ExtendedConfig Segments MSI EDR HPX-Type3]
[    0.345868] acpi PNP0A08:00: _OSC: not requesting OS control; OS requires [ExtendedConfig ASPM ClockPM MSI]
[    0.346705] PCI host bridge to bus 0000:00
[    0.346711] pci_bus 0000:00: root bus resource [io  0x0000-0x03af window]
[    0.346715] pci_bus 0000:00: root bus resource [io  0x03e0-0x0cf7 window]
[    0.346717] pci_bus 0000:00: root bus resource [io  0x03b0-0x03df window]
[    0.346719] pci_bus 0000:00: root bus resource [io  0x0d00-0xffff window]
[    0.346721] pci_bus 0000:00: root bus resource [mem 0x000a0000-0x000dffff window]
[    0.346723] pci_bus 0000:00: root bus resource [mem 0x80000000-0xdfffffff window]
[    0.346725] pci_bus 0000:00: root bus resource [mem 0xf0000000-0xfcffffff window]
[    0.346726] pci_bus 0000:00: root bus resource [mem 0x1880000000-0x7fffffffff window]
[    0.346729] pci_bus 0000:00: root bus resource [bus 00-ff]
[    0.346755] pci 0000:00:00.0: [1022:1507] type 00 class 0x060000 conventional PCI endpoint
[    0.346908] pci 0000:00:00.2: [1022:1508] type 00 class 0x080600 conventional PCI endpoint
[    0.347070] pci 0000:00:01.0: [1022:1509] type 00 class 0x060000 conventional PCI endpoint
[    0.347171] pci 0000:00:01.1: [1022:150a] type 01 class 0x060400 PCIe Root Port
[    0.347388] pci 0000:00:01.1: PCI bridge to [bus 01-60]
[    0.347396] pci 0000:00:01.1:   bridge window [io  0xa000-0xdfff]
[    0.347401] pci 0000:00:01.1:   bridge window [mem 0xc4000000-0xdbffffff]
[    0.347440] pci 0000:00:01.1:   bridge window [mem 0x5800000000-0x77ffffffff 64bit pref]
[    0.347454] pci 0000:00:01.1: enabling Extended Tags
[    0.347544] pci 0000:00:01.1: PME# supported from D0 D3hot D3cold
[    0.349183] pci 0000:00:01.2: [1022:150a] type 01 class 0x060400 PCIe Root Port
[    0.349398] pci 0000:00:01.2: PCI bridge to [bus 61-c0]
[    0.349405] pci 0000:00:01.2:   bridge window [io  0x6000-0x9fff]
[    0.349409] pci 0000:00:01.2:   bridge window [mem 0xac000000-0xc3ffffff]
[    0.349448] pci 0000:00:01.2:   bridge window [mem 0x3800000000-0x57ffffffff 64bit pref]
[    0.349466] pci 0000:00:01.2: enabling Extended Tags
[    0.349559] pci 0000:00:01.2: PME# supported from D0 D3hot D3cold
[    0.351137] pci 0000:00:02.0: [1022:1509] type 00 class 0x060000 conventional PCI endpoint
[    0.351235] pci 0000:00:02.1: [1022:150b] type 01 class 0x060400 PCIe Root Port
[    0.351258] pci 0000:00:02.1: PCI bridge to [bus c1]
[    0.351267] pci 0000:00:02.1:   bridge window [mem 0xdd400000-0xdd4fffff]
[    0.351287] pci 0000:00:02.1: enabling Extended Tags
[    0.351363] pci 0000:00:02.1: PME# supported from D0 D3hot D3cold
[    0.351540] pci 0000:00:02.2: [1022:150b] type 01 class 0x060400 PCIe Root Port
[    0.351563] pci 0000:00:02.2: PCI bridge to [bus c2]
[    0.351571] pci 0000:00:02.2:   bridge window [mem 0xdd300000-0xdd3fffff]
[    0.351590] pci 0000:00:02.2: enabling Extended Tags
[    0.351664] pci 0000:00:02.2: PME# supported from D0 D3hot D3cold
[    0.351850] pci 0000:00:02.4: [1022:150b] type 01 class 0x060400 PCIe Root Port
[    0.351873] pci 0000:00:02.4: PCI bridge to [bus c3]
[    0.351881] pci 0000:00:02.4:   bridge window [mem 0xdc000000-0xdc4fffff]
[    0.351970] pci 0000:00:02.4: PME# supported from D0 D3hot D3cold
[    0.352157] pci 0000:00:02.5: [1022:150b] type 01 class 0x060400 PCIe Root Port
[    0.352181] pci 0000:00:02.5: PCI bridge to [bus c4]
[    0.352187] pci 0000:00:02.5:   bridge window [io  0xf000-0xffff]
[    0.352190] pci 0000:00:02.5:   bridge window [mem 0xdd200000-0xdd2fffff]
[    0.352210] pci 0000:00:02.5: enabling Extended Tags
[    0.352283] pci 0000:00:02.5: PME# supported from D0 D3hot D3cold
[    0.352467] pci 0000:00:03.0: [1022:1509] type 00 class 0x060000 conventional PCI endpoint
[    0.352564] pci 0000:00:08.0: [1022:1509] type 00 class 0x060000 conventional PCI endpoint
[    0.352654] pci 0000:00:08.1: [1022:150c] type 01 class 0x060400 PCIe Root Port
[    0.352673] pci 0000:00:08.1: PCI bridge to [bus c5]
[    0.352678] pci 0000:00:08.1:   bridge window [io  0xe000-0xefff]
[    0.352681] pci 0000:00:08.1:   bridge window [mem 0xdc600000-0xdcbfffff]
[    0.352688] pci 0000:00:08.1:   bridge window [mem 0x7800000000-0x780fffffff 64bit pref]
[    0.352697] pci 0000:00:08.1: enabling Extended Tags
[    0.352754] pci 0000:00:08.1: PME# supported from D0 D3hot D3cold
[    0.353072] pci 0000:00:08.2: [1022:150c] type 01 class 0x060400 PCIe Root Port
[    0.353099] pci 0000:00:08.2: PCI bridge to [bus c6]
[    0.353106] pci 0000:00:08.2:   bridge window [mem 0xdd000000-0xdd1fffff]
[    0.353113] pci 0000:00:08.2:   bridge window [mem 0x7810000000-0x78100fffff 64bit pref]
[    0.353122] pci 0000:00:08.2: enabling Extended Tags
[    0.353171] pci 0000:00:08.2: PME# supported from D0 D3hot D3cold
[    0.353306] pci 0000:00:08.3: [1022:150c] type 01 class 0x060400 PCIe Root Port
[    0.353325] pci 0000:00:08.3: PCI bridge to [bus c7]
[    0.353331] pci 0000:00:08.3:   bridge window [mem 0xdcc00000-0xdcffffff]
[    0.353345] pci 0000:00:08.3: enabling Extended Tags
[    0.353395] pci 0000:00:08.3: PME# supported from D0 D3hot D3cold
[    0.353741] pci 0000:00:14.0: [1022:790b] type 00 class 0x0c0500 conventional PCI endpoint
[    0.353879] pci 0000:00:14.3: [1022:790e] type 00 class 0x060100 conventional PCI endpoint
[    0.354026] pci 0000:00:18.0: [1022:16f8] type 00 class 0x060000 conventional PCI endpoint
[    0.354083] pci 0000:00:18.1: [1022:16f9] type 00 class 0x060000 conventional PCI endpoint
[    0.354137] pci 0000:00:18.2: [1022:16fa] type 00 class 0x060000 conventional PCI endpoint
[    0.354196] pci 0000:00:18.3: [1022:16fb] type 00 class 0x060000 conventional PCI endpoint
[    0.354250] pci 0000:00:18.4: [1022:16fc] type 00 class 0x060000 conventional PCI endpoint
[    0.354304] pci 0000:00:18.5: [1022:16fd] type 00 class 0x060000 conventional PCI endpoint
[    0.354358] pci 0000:00:18.6: [1022:16fe] type 00 class 0x060000 conventional PCI endpoint
[    0.354416] pci 0000:00:18.7: [1022:16ff] type 00 class 0x060000 conventional PCI endpoint
[    0.354619] pci 0000:00:01.1: PCI bridge to [bus 01-60]
[    0.354758] pci 0000:00:01.2: PCI bridge to [bus 61-c0]
[    0.354837] pci 0000:c1:00.0: [197b:0585] type 00 class 0x010601 PCIe Legacy Endpoint
[    0.354892] pci 0000:c1:00.0: BAR 5 [mem 0xdd410000-0xdd411fff]
[    0.354896] pci 0000:c1:00.0: ROM [mem 0xdd400000-0xdd40ffff pref]
[    0.354991] pci 0000:c1:00.0: PME# supported from D3hot
[    0.355165] pci 0000:00:02.1: PCI bridge to [bus c1]
[    0.355243] pci 0000:c2:00.0: [1e4b:1202] type 00 class 0x010802 PCIe Endpoint
[    0.355289] pci 0000:c2:00.0: BAR 0 [mem 0xdd300000-0xdd303fff 64bit]
[    0.355387] pci 0000:c2:00.0: PME# supported from D0 D3hot D3cold
[    0.355497] pci 0000:c2:00.0: 7.876 Gb/s available PCIe bandwidth, limited by 8.0 GT/s PCIe x1 link at 0000:00:02.2 (capable of 31.504 Gb/s with 8.0 GT/s PCIe x4 link)
[    0.355601] pci 0000:00:02.2: PCI bridge to [bus c2]
[    0.355678] pci 0000:c3:00.0: [1d6a:04c0] type 00 class 0x020000 PCIe Endpoint
[    0.355722] pci 0000:c3:00.0: BAR 0 [mem 0xdc400000-0xdc47ffff 64bit]
[    0.355726] pci 0000:c3:00.0: BAR 2 [mem 0xdc4a0000-0xdc4a0fff 64bit]
[    0.355729] pci 0000:c3:00.0: BAR 4 [mem 0xdc000000-0xdc3fffff 64bit]
[    0.355732] pci 0000:c3:00.0: ROM [mem 0xdc480000-0xdc49ffff pref]
[    0.355834] pci 0000:c3:00.0: supports D1 D2
[    0.355836] pci 0000:c3:00.0: PME# supported from D0 D1 D3hot D3cold
[    0.355997] pci 0000:c3:00.0: 15.753 Gb/s available PCIe bandwidth, limited by 16.0 GT/s PCIe x1 link at 0000:00:02.4 (capable of 63.012 Gb/s with 16.0 GT/s PCIe x4 link)
[    0.356092] pci 0000:00:02.4: PCI bridge to [bus c3]
[    0.356180] pci 0000:c4:00.0: [10ec:8126] type 00 class 0x020000 PCIe Endpoint
[    0.356239] pci 0000:c4:00.0: BAR 0 [io  0xf000-0xf0ff]
[    0.356246] pci 0000:c4:00.0: BAR 2 [mem 0xdd200000-0xdd20ffff 64bit]
[    0.356250] pci 0000:c4:00.0: BAR 4 [mem 0xdd210000-0xdd213fff 64bit]
[    0.356379] pci 0000:c4:00.0: supports D1 D2
[    0.356381] pci 0000:c4:00.0: PME# supported from D0 D1 D2 D3hot D3cold
[    0.356649] pci 0000:00:02.5: PCI bridge to [bus c4]
[    0.356756] pci 0000:c5:00.0: [1002:150e] type 00 class 0x038000 PCIe Legacy Endpoint
[    0.356795] pci 0000:c5:00.0: BAR 0 [mem 0x7800000000-0x780fffffff 64bit pref]
[    0.356799] pci 0000:c5:00.0: BAR 2 [mem 0xdc600000-0xdc7fffff 64bit pref]
[    0.356801] pci 0000:c5:00.0: BAR 4 [io  0xe000-0xe0ff]
[    0.356804] pci 0000:c5:00.0: BAR 5 [mem 0xdcb00000-0xdcb7ffff]
[    0.356811] pci 0000:c5:00.0: enabling Extended Tags
[    0.356887] pci 0000:c5:00.0: PME# supported from D1 D2 D3hot D3cold
[    0.357251] pci 0000:c5:00.1: [1002:1640] type 00 class 0x040300 PCIe Legacy Endpoint
[    0.357284] pci 0000:c5:00.1: BAR 0 [mem 0xdcb88000-0xdcb8bfff]
[    0.357295] pci 0000:c5:00.1: enabling Extended Tags
[    0.357345] pci 0000:c5:00.1: PME# supported from D1 D2 D3hot D3cold
[    0.357631] pci 0000:c5:00.2: [1022:17e0] type 00 class 0x108000 PCIe Endpoint
[    0.357665] pci 0000:c5:00.2: BAR 2 [mem 0xdca00000-0xdcafffff]
[    0.357670] pci 0000:c5:00.2: BAR 5 [mem 0xdcb8e000-0xdcb8ffff]
[    0.357677] pci 0000:c5:00.2: enabling Extended Tags
[    0.357836] pci 0000:c5:00.4: [1022:151e] type 00 class 0x0c0330 PCIe Endpoint
[    0.357871] pci 0000:c5:00.4: BAR 0 [mem 0xdc900000-0xdc9fffff 64bit]
[    0.357881] pci 0000:c5:00.4: enabling Extended Tags
[    0.357933] pci 0000:c5:00.4: PME# supported from D0 D3hot D3cold
[    0.358412] pci 0000:c5:00.6: [1022:15e3] type 00 class 0x040300 PCIe Endpoint
[    0.358444] pci 0000:c5:00.6: BAR 0 [mem 0xdcb80000-0xdcb87fff]
[    0.358456] pci 0000:c5:00.6: enabling Extended Tags
[    0.358511] pci 0000:c5:00.6: PME# supported from D0 D3hot D3cold
[    0.358795] pci 0000:c5:00.7: [1022:164a] type 00 class 0x118000 PCIe Endpoint
[    0.358829] pci 0000:c5:00.7: BAR 2 [mem 0xdc800000-0xdc8fffff]
[    0.358833] pci 0000:c5:00.7: BAR 5 [mem 0xdcb8c000-0xdcb8dfff]
[    0.358840] pci 0000:c5:00.7: enabling Extended Tags
[    0.358980] pci 0000:00:08.1: PCI bridge to [bus c5]
[    0.359042] pci 0000:c6:00.0: [1022:150d] type 00 class 0x130000 PCIe Endpoint
[    0.359084] pci 0000:c6:00.0: enabling Extended Tags
[    0.359253] pci 0000:c6:00.1: [1022:17f0] type 00 class 0x118000 PCIe Endpoint
[    0.359289] pci 0000:c6:00.1: BAR 0 [mem 0xdd000000-0xdd0fffff]
[    0.359291] pci 0000:c6:00.1: BAR 1 [mem 0xdd100000-0xdd101fff]
[    0.359295] pci 0000:c6:00.1: BAR 2 [mem 0x7810000000-0x781007ffff 64bit pref]
[    0.359297] pci 0000:c6:00.1: BAR 4 [mem 0xdd103000-0xdd103fff]
[    0.359300] pci 0000:c6:00.1: BAR 5 [mem 0xdd102000-0xdd102fff]
[    0.359307] pci 0000:c6:00.1: enabling Extended Tags
[    0.359466] pci 0000:00:08.2: PCI bridge to [bus c6]
[    0.359554] pci 0000:c7:00.0: [1022:151f] type 00 class 0x0c0330 PCIe Endpoint
[    0.359588] pci 0000:c7:00.0: BAR 0 [mem 0xdce00000-0xdcefffff 64bit]
[    0.359599] pci 0000:c7:00.0: enabling Extended Tags
[    0.359662] pci 0000:c7:00.0: PME# supported from D0 D3hot D3cold
[    0.360182] pci 0000:c7:00.3: [1022:151a] type 00 class 0x0c0330 PCIe Endpoint
[    0.360216] pci 0000:c7:00.3: BAR 0 [mem 0xdcd00000-0xdcdfffff 64bit]
[    0.360227] pci 0000:c7:00.3: enabling Extended Tags
[    0.360279] pci 0000:c7:00.3: PME# supported from D0 D3hot D3cold
[    0.360749] pci 0000:c7:00.4: [1022:151b] type 00 class 0x0c0330 PCIe Endpoint
[    0.360784] pci 0000:c7:00.4: BAR 0 [mem 0xdcc00000-0xdccfffff 64bit]
[    0.360794] pci 0000:c7:00.4: enabling Extended Tags
[    0.360846] pci 0000:c7:00.4: PME# supported from D0 D3hot D3cold
[    0.361308] pci 0000:c7:00.5: [1022:151c] type 00 class 0x0c0340 PCIe Endpoint
[    0.361345] pci 0000:c7:00.5: BAR 0 [mem 0xdcf80000-0xdcffffff 64bit]
[    0.361356] pci 0000:c7:00.5: enabling Extended Tags
[    0.361407] pci 0000:c7:00.5: PME# supported from D0 D3hot D3cold
[    0.361874] pci 0000:c7:00.6: [1022:151d] type 00 class 0x0c0340 PCIe Endpoint
[    0.361911] pci 0000:c7:00.6: BAR 0 [mem 0xdcf00000-0xdcf7ffff 64bit]
[    0.361921] pci 0000:c7:00.6: enabling Extended Tags
[    0.361973] pci 0000:c7:00.6: PME# supported from D0 D3hot D3cold
[    0.362425] pci 0000:00:08.3: PCI bridge to [bus c7]
[    0.371710] ACPI: PCI: Interrupt link LNKA configured for IRQ 0
[    0.371770] ACPI: PCI: Interrupt link LNKB configured for IRQ 0
[    0.371819] ACPI: PCI: Interrupt link LNKC configured for IRQ 0
[    0.371880] ACPI: PCI: Interrupt link LNKD configured for IRQ 0
[    0.371934] ACPI: PCI: Interrupt link LNKE configured for IRQ 0
[    0.371979] ACPI: PCI: Interrupt link LNKF configured for IRQ 0
[    0.372024] ACPI: PCI: Interrupt link LNKG configured for IRQ 0
[    0.372068] ACPI: PCI: Interrupt link LNKH configured for IRQ 0
[    0.373732] iommu: Default domain type: Translated
[    0.373735] iommu: DMA domain TLB invalidation policy: lazy mode
[    0.374597] SCSI subsystem initialized
[    0.374611] libata version 3.00 loaded.
[    0.374611] ACPI: bus type USB registered
[    0.374611] usbcore: registered new interface driver usbfs
[    0.374611] usbcore: registered new interface driver hub
[    0.374611] usbcore: registered new device driver usb
[    0.374611] pps_core: LinuxPPS API ver. 1 registered
[    0.374611] pps_core: Software ver. 5.3.6 - Copyright 2005-2007 Rodolfo Giometti <giometti@linux.it>
[    0.374611] PTP clock support registered
[    0.374630] EDAC MC: Ver: 3.0.0
[    0.374630] efivars: Registered efivars operations
[    0.374847] NetLabel: Initializing
[    0.374849] NetLabel:  domain hash size = 128
[    0.374850] NetLabel:  protocols = UNLABELED CIPSOv4 CALIPSO
[    0.374872] NetLabel:  unlabeled traffic allowed by default
[    0.374877] mctp: management component transport protocol core
[    0.374879] NET: Registered PF_MCTP protocol family
[    0.374894] PCI: Using ACPI for IRQ routing
[    0.384794] PCI: pci_cache_line_size set to 64 bytes
[    0.384889] e820: reserve RAM buffer [mem 0x09a7f000-0x0bffffff]
[    0.384893] e820: reserve RAM buffer [mem 0x0a200000-0x0bffffff]
[    0.384895] e820: reserve RAM buffer [mem 0x62bc4000-0x63ffffff]
[    0.384896] e820: reserve RAM buffer [mem 0x651f2000-0x67ffffff]
[    0.384898] e820: reserve RAM buffer [mem 0x67f7f000-0x67ffffff]
[    0.384899] e820: reserve RAM buffer [mem 0x79ff7000-0x7bffffff]
[    0.384900] e820: reserve RAM buffer [mem 0x79fff000-0x7bffffff]
[    0.384901] e820: reserve RAM buffer [mem 0x167e180000-0x167fffffff]
[    0.384962] vgaarb: loaded
[    0.384962] hpet0: at MMIO 0xfed00000, IRQs 2, 8, 0
[    0.384962] hpet0: 3 comparators, 32-bit 14.318180 MHz counter
[    0.387551] clocksource: Switched to clocksource tsc-early
[    0.387742] VFS: Disk quotas dquot_6.6.0
[    0.387750] VFS: Dquot-cache hash table entries: 512 (order 0, 4096 bytes)
[    0.387893] pnp: PnP ACPI init
[    0.388518] system 00:01: [io  0x04d0-0x04d1] has been reserved
[    0.388524] system 00:01: [io  0x040b] has been reserved
[    0.388527] system 00:01: [io  0x04d6] has been reserved
[    0.388529] system 00:01: [io  0x0c00-0x0c01] has been reserved
[    0.388531] system 00:01: [io  0x0c14] has been reserved
[    0.388532] system 00:01: [io  0x0c50-0x0c51] has been reserved
[    0.388534] system 00:01: [io  0x0c52] has been reserved
[    0.388535] system 00:01: [io  0x0c6c] has been reserved
[    0.388537] system 00:01: [io  0x0c6f] has been reserved
[    0.388538] system 00:01: [io  0x0cd0-0x0cd1] has been reserved
[    0.388540] system 00:01: [io  0x0cd2-0x0cd3] has been reserved
[    0.388541] system 00:01: [io  0x0cd4-0x0cd5] has been reserved
[    0.388543] system 00:01: [io  0x0cd6-0x0cd7] has been reserved
[    0.388544] system 00:01: [io  0x0cd8-0x0cdf] has been reserved
[    0.388546] system 00:01: [io  0x0800-0x089f] has been reserved
[    0.388547] system 00:01: [io  0x0b00-0x0b0f] has been reserved
[    0.388549] system 00:01: [io  0x0b20-0x0b3f] has been reserved
[    0.388551] system 00:01: [io  0x0900-0x090f] has been reserved
[    0.388552] system 00:01: [io  0x0910-0x091f] has been reserved
[    0.388557] system 00:01: [mem 0xfec00000-0xfec00fff] could not be reserved
[    0.388560] system 00:01: [mem 0xfec01000-0xfec01fff] could not be reserved
[    0.388563] system 00:01: [mem 0xfedc0000-0xfedc0fff] has been reserved
[    0.388566] system 00:01: [mem 0xfee00000-0xfee00fff] has been reserved
[    0.388568] system 00:01: [mem 0xfed80000-0xfed8ffff] could not be reserved
[    0.388570] system 00:01: [mem 0xfec10000-0xfec10fff] has been reserved
[    0.388573] system 00:01: [mem 0xff000000-0xffffffff] has been reserved
[    0.393613] system 00:02: [mem 0xe0000000-0xefffffff] has been reserved
[    0.394344] pnp: PnP ACPI: found 3 devices
[    0.400552] clocksource: acpi_pm: mask: 0xffffff max_cycles: 0xffffff, max_idle_ns: 2085701024 ns
[    0.400638] NET: Registered PF_INET protocol family
[    0.400778] IP idents hash table entries: 262144 (order: 9, 2097152 bytes, linear)
[    0.427256] tcp_listen_portaddr_hash hash table entries: 65536 (order: 8, 1048576 bytes, linear)
[    0.427397] Table-perturb hash table entries: 65536 (order: 6, 262144 bytes, linear)
[    0.427604] TCP established hash table entries: 524288 (order: 10, 4194304 bytes, linear)
[    0.428223] TCP bind hash table entries: 65536 (order: 9, 2097152 bytes, linear)
[    0.428423] TCP: Hash tables configured (established 524288 bind 65536)
[    0.428632] MPTCP token hash table entries: 65536 (order: 9, 1572864 bytes, linear)
[    0.428982] UDP hash table entries: 65536 (order: 10, 4194304 bytes, linear)
[    0.429638] UDP-Lite hash table entries: 65536 (order: 10, 4194304 bytes, linear)
[    0.430222] NET: Registered PF_UNIX/PF_LOCAL protocol family
[    0.430240] NET: Registered PF_XDP protocol family
[    0.430274] pci 0000:00:01.1: PCI bridge to [bus 01-60]
[    0.430286] pci 0000:00:01.1:   bridge window [io  0xa000-0xdfff]
[    0.430298] pci 0000:00:01.1:   bridge window [mem 0xc4000000-0xdbffffff]
[    0.430347] pci 0000:00:01.1:   bridge window [mem 0x5800000000-0x77ffffffff 64bit pref]
[    0.430376] pci 0000:00:01.2: PCI bridge to [bus 61-c0]
[    0.430379] pci 0000:00:01.2:   bridge window [io  0x6000-0x9fff]
[    0.430403] pci 0000:00:01.2:   bridge window [mem 0xac000000-0xc3ffffff]
[    0.430429] pci 0000:00:01.2:   bridge window [mem 0x3800000000-0x57ffffffff 64bit pref]
[    0.430458] pci 0000:00:02.1: PCI bridge to [bus c1]
[    0.430462] pci 0000:00:02.1:   bridge window [mem 0xdd400000-0xdd4fffff]
[    0.430470] pci 0000:00:02.2: PCI bridge to [bus c2]
[    0.430474] pci 0000:00:02.2:   bridge window [mem 0xdd300000-0xdd3fffff]
[    0.430481] pci 0000:00:02.4: PCI bridge to [bus c3]
[    0.430486] pci 0000:00:02.4:   bridge window [mem 0xdc000000-0xdc4fffff]
[    0.430493] pci 0000:00:02.5: PCI bridge to [bus c4]
[    0.430496] pci 0000:00:02.5:   bridge window [io  0xf000-0xffff]
[    0.430500] pci 0000:00:02.5:   bridge window [mem 0xdd200000-0xdd2fffff]
[    0.430509] pci 0000:00:08.1: PCI bridge to [bus c5]
[    0.430516] pci 0000:00:08.1:   bridge window [io  0xe000-0xefff]
[    0.430519] pci 0000:00:08.1:   bridge window [mem 0xdc600000-0xdcbfffff]
[    0.430522] pci 0000:00:08.1:   bridge window [mem 0x7800000000-0x780fffffff 64bit pref]
[    0.430527] pci 0000:00:08.2: PCI bridge to [bus c6]
[    0.430531] pci 0000:00:08.2:   bridge window [mem 0xdd000000-0xdd1fffff]
[    0.430534] pci 0000:00:08.2:   bridge window [mem 0x7810000000-0x78100fffff 64bit pref]
[    0.430539] pci 0000:00:08.3: PCI bridge to [bus c7]
[    0.430542] pci 0000:00:08.3:   bridge window [mem 0xdcc00000-0xdcffffff]
[    0.430551] pci_bus 0000:00: resource 4 [io  0x0000-0x03af window]
[    0.430554] pci_bus 0000:00: resource 5 [io  0x03e0-0x0cf7 window]
[    0.430556] pci_bus 0000:00: resource 6 [io  0x03b0-0x03df window]
[    0.430557] pci_bus 0000:00: resource 7 [io  0x0d00-0xffff window]
[    0.430559] pci_bus 0000:00: resource 8 [mem 0x000a0000-0x000dffff window]
[    0.430561] pci_bus 0000:00: resource 9 [mem 0x80000000-0xdfffffff window]
[    0.430562] pci_bus 0000:00: resource 10 [mem 0xf0000000-0xfcffffff window]
[    0.430564] pci_bus 0000:00: resource 11 [mem 0x1880000000-0x7fffffffff window]
[    0.430566] pci_bus 0000:01: resource 0 [io  0xa000-0xdfff]
[    0.430568] pci_bus 0000:01: resource 1 [mem 0xc4000000-0xdbffffff]
[    0.430569] pci_bus 0000:01: resource 2 [mem 0x5800000000-0x77ffffffff 64bit pref]
[    0.430571] pci_bus 0000:61: resource 0 [io  0x6000-0x9fff]
[    0.430573] pci_bus 0000:61: resource 1 [mem 0xac000000-0xc3ffffff]
[    0.430574] pci_bus 0000:61: resource 2 [mem 0x3800000000-0x57ffffffff 64bit pref]
[    0.430576] pci_bus 0000:c1: resource 1 [mem 0xdd400000-0xdd4fffff]
[    0.430578] pci_bus 0000:c2: resource 1 [mem 0xdd300000-0xdd3fffff]
[    0.430580] pci_bus 0000:c3: resource 1 [mem 0xdc000000-0xdc4fffff]
[    0.430581] pci_bus 0000:c4: resource 0 [io  0xf000-0xffff]
[    0.430583] pci_bus 0000:c4: resource 1 [mem 0xdd200000-0xdd2fffff]
[    0.430584] pci_bus 0000:c5: resource 0 [io  0xe000-0xefff]
[    0.430586] pci_bus 0000:c5: resource 1 [mem 0xdc600000-0xdcbfffff]
[    0.430587] pci_bus 0000:c5: resource 2 [mem 0x7800000000-0x780fffffff 64bit pref]
[    0.430589] pci_bus 0000:c6: resource 1 [mem 0xdd000000-0xdd1fffff]
[    0.430590] pci_bus 0000:c6: resource 2 [mem 0x7810000000-0x78100fffff 64bit pref]
[    0.430592] pci_bus 0000:c7: resource 1 [mem 0xdcc00000-0xdcffffff]
[    0.430842] pci 0000:c5:00.1: D0 power state depends on 0000:c5:00.0
[    0.431360] PCI: CLS 64 bytes, default 64
[    0.431404] pci 0000:00:00.2: AMD-Vi: IOMMU performance counters supported
[    0.431452] Trying to unpack rootfs image as initramfs...
[    0.431533] pci 0000:00:01.0: Adding to iommu group 0
[    0.431562] pci 0000:00:01.1: Adding to iommu group 1
[    0.431589] pci 0000:00:01.2: Adding to iommu group 2
[    0.431656] pci 0000:00:02.0: Adding to iommu group 3
[    0.431677] pci 0000:00:02.1: Adding to iommu group 4
[    0.431698] pci 0000:00:02.2: Adding to iommu group 5
[    0.431720] pci 0000:00:02.4: Adding to iommu group 6
[    0.431741] pci 0000:00:02.5: Adding to iommu group 7
[    0.431767] pci 0000:00:03.0: Adding to iommu group 8
[    0.431832] pci 0000:00:08.0: Adding to iommu group 9
[    0.431853] pci 0000:00:08.1: Adding to iommu group 10
[    0.431873] pci 0000:00:08.2: Adding to iommu group 11
[    0.431892] pci 0000:00:08.3: Adding to iommu group 12
[    0.431927] pci 0000:00:14.0: Adding to iommu group 13
[    0.431945] pci 0000:00:14.3: Adding to iommu group 13
[    0.432033] pci 0000:00:18.0: Adding to iommu group 14
[    0.432052] pci 0000:00:18.1: Adding to iommu group 14
[    0.432070] pci 0000:00:18.2: Adding to iommu group 14
[    0.432087] pci 0000:00:18.3: Adding to iommu group 14
[    0.432105] pci 0000:00:18.4: Adding to iommu group 14
[    0.432124] pci 0000:00:18.5: Adding to iommu group 14
[    0.432142] pci 0000:00:18.6: Adding to iommu group 14
[    0.432160] pci 0000:00:18.7: Adding to iommu group 14
[    0.432184] pci 0000:c1:00.0: Adding to iommu group 15
[    0.432202] pci 0000:c2:00.0: Adding to iommu group 16
[    0.432222] pci 0000:c3:00.0: Adding to iommu group 17
[    0.432240] pci 0000:c4:00.0: Adding to iommu group 18
[    0.432283] pci 0000:c5:00.0: Adding to iommu group 19
[    0.432303] pci 0000:c5:00.1: Adding to iommu group 20
[    0.432331] pci 0000:c5:00.2: Adding to iommu group 21
[    0.432352] pci 0000:c5:00.4: Adding to iommu group 22
[    0.432374] pci 0000:c5:00.6: Adding to iommu group 23
[    0.432395] pci 0000:c5:00.7: Adding to iommu group 24
[    0.432416] pci 0000:c6:00.0: Adding to iommu group 25
[    0.432439] pci 0000:c6:00.1: Adding to iommu group 26
[    0.432459] pci 0000:c7:00.0: Adding to iommu group 27
[    0.432481] pci 0000:c7:00.3: Adding to iommu group 28
[    0.432502] pci 0000:c7:00.4: Adding to iommu group 29
[    0.432523] pci 0000:c7:00.5: Adding to iommu group 30
[    0.432545] pci 0000:c7:00.6: Adding to iommu group 31
[    0.437088] AMD-Vi: Extended features (0x246577efa2254afa, 0x10): PPR NX GT [5] IA GA PC GA_vAPIC
[    0.437101] AMD-Vi: Interrupt remapping enabled
[    0.437102] AMD-Vi: V2 page table enabled (Paging mode : 4 level)
[    0.437269] AMD-Vi: Virtual APIC enabled
[    0.437331] PCI-DMA: Using software bounce buffering for IO (SWIOTLB)
[    0.437339] software IO TLB: mapped [mem 0x000000005b254000-0x000000005f254000] (64MB)
[    0.437421] LVT offset 0 assigned for vector 0x400
[    0.439388] perf: AMD IBS detected (0x00081bff)
[    0.440368] amd_uncore: 8 amd_df counters detected
[    0.440375] amd_uncore: 6 amd_l3 counters detected
[    0.440379] amd_uncore: 4 amd_umc_0 counters detected
[    0.440380] amd_uncore: 4 amd_umc_1 counters detected
[    0.440382] amd_uncore: 4 amd_umc_2 counters detected
[    0.440384] amd_uncore: 4 amd_umc_3 counters detected
[    0.441363] perf/amd_iommu: Detected AMD IOMMU #0 (2 banks, 4 counters/bank).
[    0.487542] Initialise system trusted keyrings
[    0.487565] Key type blacklist registered
[    0.487626] workingset: timestamp_bits=36 max_order=25 bucket_order=0
[    0.488409] integrity: Platform Keyring initialized
[    0.488420] integrity: Machine keyring initialized
[    0.488519] cryptd: max_cpu_qlen set to 1000
[    0.506232] NET: Registered PF_ALG protocol family
[    0.506245] xor: automatically using best checksumming function   avx       
[    0.506248] Key type asymmetric registered
[    0.506251] Asymmetric key parser 'x509' registered
[    0.506577] Block layer SCSI generic (bsg) driver version 0.4 loaded (major 244)
[    0.506633] io scheduler mq-deadline registered
[    0.506635] io scheduler kyber registered
[    0.506651] io scheduler bfq registered
[    0.509420] atomic64_test: passed for x86-64 platform with CX8 and with SSE
[    0.513025] input: Power Button as /devices/LNXSYSTM:00/LNXSYBUS:00/PNP0C0C:00/input/input0
[    0.513067] ACPI: button: Power Button [PWRB]
[    0.513798] Monitor-Mwait will be used to enter C-1 state
[    0.518654] Estimated ratio of average max frequency by base frequency (times 1024): 1832
[    0.518964] thermal LNXTHERM:00: registered as thermal_zone0
[    0.518969] ACPI: thermal: Thermal Zone [TZ01] (20 C)
[    0.519274] Serial: 8250/16550 driver, 32 ports, IRQ sharing enabled
[    0.521711] Non-volatile memory driver v1.3
[    0.521718] Linux agpgart interface v0.103
[    0.559784] tpm_crb MSFT0101:00: Disabling hwrng
[    0.560612] ACPI: bus type drm_connector registered
[    0.566139] ahci 0000:c1:00.0: enabling device (0000 -> 0002)
[    0.566572] ahci 0000:c1:00.0: SSS flag set, parallel bus scan disabled
[    0.566632] ahci 0000:c1:00.0: AHCI vers 0001.0301, 32 command slots, 6 Gbps, SATA mode
[    0.566637] ahci 0000:c1:00.0: 5/5 ports implemented (port mask 0x1f)
[    0.566640] ahci 0000:c1:00.0: flags: 64bit ncq sntf stag pm led clo pmp fbs pio slum part ccc apst boh 
[    0.567375] scsi host0: ahci
[    0.567675] scsi host1: ahci
[    0.567926] scsi host2: ahci
[    0.568142] scsi host3: ahci
[    0.568249] scsi host4: ahci
[    0.568317] ata1: SATA max UDMA/133 abar m8192@0xdd410000 port 0xdd410100 irq 40 lpm-pol 1 ext
[    0.568322] ata2: SATA max UDMA/133 abar m8192@0xdd410000 port 0xdd410180 irq 41 lpm-pol 1 ext
[    0.568325] ata3: SATA max UDMA/133 abar m8192@0xdd410000 port 0xdd410200 irq 42 lpm-pol 1 ext
[    0.568328] ata4: SATA max UDMA/133 abar m8192@0xdd410000 port 0xdd410280 irq 43 lpm-pol 1 ext
[    0.568331] ata5: SATA max UDMA/133 abar m8192@0xdd410000 port 0xdd410300 irq 44 lpm-pol 1 ext
[    0.568528] CAN device driver interface
[    0.568759] xhci_hcd 0000:c5:00.4: xHCI Host Controller
[    0.568796] xhci_hcd 0000:c5:00.4: new USB bus registered, assigned bus number 1
[    0.569261] xhci_hcd 0000:c5:00.4: hcc params 0x0118ffc5 hci version 0x120 quirks 0x0000000200000010
[    0.569664] xhci_hcd 0000:c5:00.4: xHCI Host Controller
[    0.569700] xhci_hcd 0000:c5:00.4: new USB bus registered, assigned bus number 2
[    0.569703] xhci_hcd 0000:c5:00.4: Host supports USB 3.1 Enhanced SuperSpeed
[    0.569784] usb usb1: New USB device found, idVendor=1d6b, idProduct=0002, bcdDevice= 6.19
[    0.569788] usb usb1: New USB device strings: Mfr=3, Product=2, SerialNumber=1
[    0.569791] usb usb1: Product: xHCI Host Controller
[    0.569793] usb usb1: Manufacturer: Linux 6.19.9-200.fc43.x86_64 xhci-hcd
[    0.569795] usb usb1: SerialNumber: 0000:c5:00.4
[    0.569943] hub 1-0:1.0: USB hub found
[    0.569975] hub 1-0:1.0: 1 port detected
[    0.570895] usb usb2: We don't know the algorithms for LPM for this host, disabling LPM.
[    0.570925] usb usb2: New USB device found, idVendor=1d6b, idProduct=0003, bcdDevice= 6.19
[    0.570927] usb usb2: New USB device strings: Mfr=3, Product=2, SerialNumber=1
[    0.570929] usb usb2: Product: xHCI Host Controller
[    0.570930] usb usb2: Manufacturer: Linux 6.19.9-200.fc43.x86_64 xhci-hcd
[    0.570931] usb usb2: SerialNumber: 0000:c5:00.4
[    0.571023] hub 2-0:1.0: USB hub found
[    0.571049] hub 2-0:1.0: 1 port detected
[    0.572044] xhci_hcd 0000:c7:00.0: xHCI Host Controller
[    0.572081] xhci_hcd 0000:c7:00.0: new USB bus registered, assigned bus number 3
[    0.572554] xhci_hcd 0000:c7:00.0: hcc params 0x0128ffc5 hci version 0x120 quirks 0x0000000200000010
[    0.572874] xhci_hcd 0000:c7:00.0: xHCI Host Controller
[    0.572904] xhci_hcd 0000:c7:00.0: new USB bus registered, assigned bus number 4
[    0.572907] xhci_hcd 0000:c7:00.0: Host supports USB 3.1 Enhanced SuperSpeed
[    0.572961] usb usb3: New USB device found, idVendor=1d6b, idProduct=0002, bcdDevice= 6.19
[    0.572963] usb usb3: New USB device strings: Mfr=3, Product=2, SerialNumber=1
[    0.572965] usb usb3: Product: xHCI Host Controller
[    0.572967] usb usb3: Manufacturer: Linux 6.19.9-200.fc43.x86_64 xhci-hcd
[    0.572968] usb usb3: SerialNumber: 0000:c7:00.0
[    0.573070] hub 3-0:1.0: USB hub found
[    0.573098] hub 3-0:1.0: 5 ports detected
[    0.577020] usb usb4: We don't know the algorithms for LPM for this host, disabling LPM.
[    0.577047] usb usb4: New USB device found, idVendor=1d6b, idProduct=0003, bcdDevice= 6.19
[    0.577050] usb usb4: New USB device strings: Mfr=3, Product=2, SerialNumber=1
[    0.577051] usb usb4: Product: xHCI Host Controller
[    0.577052] usb usb4: Manufacturer: Linux 6.19.9-200.fc43.x86_64 xhci-hcd
[    0.577054] usb usb4: SerialNumber: 0000:c7:00.0
[    0.577134] hub 4-0:1.0: USB hub found
[    0.577160] hub 4-0:1.0: 2 ports detected
[    0.578896] xhci_hcd 0000:c7:00.3: xHCI Host Controller
[    0.578929] xhci_hcd 0000:c7:00.3: new USB bus registered, assigned bus number 5
[    0.579325] xhci_hcd 0000:c7:00.3: hcc params 0x0118ffc5 hci version 0x120 quirks 0x0000000200000010
[    0.579805] xhci_hcd 0000:c7:00.3: xHCI Host Controller
[    0.579838] xhci_hcd 0000:c7:00.3: new USB bus registered, assigned bus number 6
[    0.579841] xhci_hcd 0000:c7:00.3: Host supports USB 3.1 Enhanced SuperSpeed
[    0.579892] usb usb5: New USB device found, idVendor=1d6b, idProduct=0002, bcdDevice= 6.19
[    0.579894] usb usb5: New USB device strings: Mfr=3, Product=2, SerialNumber=1
[    0.579896] usb usb5: Product: xHCI Host Controller
[    0.579898] usb usb5: Manufacturer: Linux 6.19.9-200.fc43.x86_64 xhci-hcd
[    0.579899] usb usb5: SerialNumber: 0000:c7:00.3
[    0.579982] hub 5-0:1.0: USB hub found
[    0.580008] hub 5-0:1.0: 1 port detected
[    0.580908] usb usb6: We don't know the algorithms for LPM for this host, disabling LPM.
[    0.580935] usb usb6: New USB device found, idVendor=1d6b, idProduct=0003, bcdDevice= 6.19
[    0.580937] usb usb6: New USB device strings: Mfr=3, Product=2, SerialNumber=1
[    0.580938] usb usb6: Product: xHCI Host Controller
[    0.580940] usb usb6: Manufacturer: Linux 6.19.9-200.fc43.x86_64 xhci-hcd
[    0.580941] usb usb6: SerialNumber: 0000:c7:00.3
[    0.581019] hub 6-0:1.0: USB hub found
[    0.581044] hub 6-0:1.0: 1 port detected
[    0.582171] xhci_hcd 0000:c7:00.4: xHCI Host Controller
[    0.582207] xhci_hcd 0000:c7:00.4: new USB bus registered, assigned bus number 7
[    0.582565] xhci_hcd 0000:c7:00.4: hcc params 0x0118ffc5 hci version 0x120 quirks 0x0000000200000010
[    0.583011] xhci_hcd 0000:c7:00.4: xHCI Host Controller
[    0.583040] xhci_hcd 0000:c7:00.4: new USB bus registered, assigned bus number 8
[    0.583042] xhci_hcd 0000:c7:00.4: Host supports USB 3.1 Enhanced SuperSpeed
[    0.583086] usb usb7: New USB device found, idVendor=1d6b, idProduct=0002, bcdDevice= 6.19
[    0.583088] usb usb7: New USB device strings: Mfr=3, Product=2, SerialNumber=1
[    0.583090] usb usb7: Product: xHCI Host Controller
[    0.583091] usb usb7: Manufacturer: Linux 6.19.9-200.fc43.x86_64 xhci-hcd
[    0.583092] usb usb7: SerialNumber: 0000:c7:00.4
[    0.583176] hub 7-0:1.0: USB hub found
[    0.583197] hub 7-0:1.0: 1 port detected
[    0.584082] usb usb8: We don't know the algorithms for LPM for this host, disabling LPM.
[    0.584110] usb usb8: New USB device found, idVendor=1d6b, idProduct=0003, bcdDevice= 6.19
[    0.584112] usb usb8: New USB device strings: Mfr=3, Product=2, SerialNumber=1
[    0.584113] usb usb8: Product: xHCI Host Controller
[    0.584115] usb usb8: Manufacturer: Linux 6.19.9-200.fc43.x86_64 xhci-hcd
[    0.584116] usb usb8: SerialNumber: 0000:c7:00.4
[    0.584194] hub 8-0:1.0: USB hub found
[    0.584219] hub 8-0:1.0: 1 port detected
[    0.585349] usbcore: registered new interface driver usbserial_generic
[    0.585357] usbserial: USB Serial support registered for generic
[    0.585410] i8042: PNP: No PS/2 controller found.
[    0.585446] mousedev: PS/2 mouse device common for all mice
[    0.585530] rtc_cmos 00:00: RTC can wake from S4
[    0.585831] rtc_cmos 00:00: registered as rtc0
[    0.585876] rtc_cmos 00:00: setting system clock to 2026-03-27T02:45:07 UTC (1774579507)
[    0.585918] rtc_cmos 00:00: alarms up to one month, y3k, 114 bytes nvram
[    0.585948] device-mapper: core: CONFIG_IMA_DISABLE_HTABLE is disabled. Duplicate IMA measurements will not be recorded in the IMA log.
[    0.585959] device-mapper: uevent: version 1.0.3
[    0.586009] device-mapper: ioctl: 4.50.0-ioctl (2025-04-28) initialised: dm-devel@lists.linux.dev
[    0.588558] simple-framebuffer simple-framebuffer.0: [drm] Registered 1 planes with drm panic
[    0.588612] [drm] Initialized simpledrm 1.0.0 for simple-framebuffer.0 on minor 0
[    0.590718] Console: switching to colour frame buffer device 240x67
[    0.592957] simple-framebuffer simple-framebuffer.0: [drm] fb0: simpledrmdrmfb frame buffer device
[    0.593074] ccp 0000:c5:00.2: enabling device (0000 -> 0002)
[    0.594518] ccp 0000:c5:00.2: tee enabled
[    0.594537] ccp 0000:c5:00.2: psp: TSME enabled
[    0.594538] ccp 0000:c5:00.2: psp enabled
[    0.594589] hid: raw HID events driver (C) Jiri Kosina
[    0.594628] usbcore: registered new interface driver usbhid
[    0.594629] usbhid: USB HID core driver
[    0.595553] drop_monitor: Initializing network drop monitor service
[    0.595640] Initializing XFRM netlink socket
[    0.595673] NET: Registered PF_INET6 protocol family
[    0.595966] Segment Routing with IPv6
[    0.595967] RPL Segment Routing with IPv6
[    0.595975] In-situ OAM (IOAM) with IPv6
[    0.595993] mip6: Mobile IPv6
[    0.595996] NET: Registered PF_PACKET protocol family
[    0.595998] can: controller area network core
[    0.596008] NET: Registered PF_CAN protocol family
[    0.597759] x86/amd: Previous system reset reason [0x00080800]: software wrote 0x6 to reset control register 0xCF9
[    0.597766] microcode: Current revision: 0x0b20401b
[    0.603475] resctrl: L3 allocation detected
[    0.603479] resctrl: MB allocation detected
[    0.603480] resctrl: SMBA allocation detected
[    0.603480] resctrl: L3 monitoring detected
[    0.603499] IPI shorthand broadcast: enabled
[    0.604297] sched_clock: Marking stable (602138961, 1312386)->(606584494, -3133147)
[    0.604506] registered taskstats version 1
[    0.605934] Loading compiled-in X.509 certificates
[    0.606648] Loaded X.509 cert 'Fedora kernel signing key: eb2cb59e70db0e7649415ddcc60aafde826a188b'
[    0.626962] Freeing initrd memory: 69580K
[    0.644790] Loaded X.509 cert 'Fedora IMA CA: a8a00c31663f853f9c6ff2564872e378af026b28'
[    0.646568] Demotion targets for Node 0: null
[    0.646570] page_owner is disabled
[    0.646662] Key type .fscrypt registered
[    0.646663] Key type fscrypt-provisioning registered
[    0.646852] Btrfs loaded, zoned=yes, fsverity=yes
[    0.646906] Key type big_key registered
[    0.646909] Key type trusted registered
[    0.647347] Key type encrypted registered
[    0.647357] Loading compiled-in module X.509 certificates
[    0.647808] Loaded X.509 cert 'Fedora kernel signing key: eb2cb59e70db0e7649415ddcc60aafde826a188b'
[    0.647902] ima: Allocated hash algorithm: sha256
[    0.706607] ima: No architecture policies found
[    0.706632] evm: Initialising EVM extended attributes:
[    0.706633] evm: security.selinux
[    0.706634] evm: security.SMACK64 (disabled)
[    0.706635] evm: security.SMACK64EXEC (disabled)
[    0.706636] evm: security.SMACK64TRANSMUTE (disabled)
[    0.706637] evm: security.SMACK64MMAP (disabled)
[    0.706637] evm: security.apparmor (disabled)
[    0.706638] evm: security.ima
[    0.706638] evm: security.capability
[    0.706639] evm: HMAC attrs: 0x1
[    0.706773] integrity: Loading X.509 certificate: UEFI:db
[    0.706791] integrity: Loaded X.509 cert 'MINISFORUM OWN CA: 815a459eeaeb7a9e42fabf9897858520'
[    0.706792] integrity: Loading X.509 certificate: UEFI:db
[    0.706806] integrity: Loaded X.509 cert 'Microsoft Corporation: Windows UEFI CA 2023: aefc5fbbbe055d8f8daa585473499417ab5a5272'
[    0.706807] integrity: Loading X.509 certificate: UEFI:db
[    0.706818] integrity: Loaded X.509 cert 'Microsoft Corporation UEFI CA 2011: 13adbf4309bd82709c8cd54f316ed522988a1bd4'
[    0.706819] integrity: Loading X.509 certificate: UEFI:db
[    0.706828] integrity: Loaded X.509 cert 'Microsoft Windows Production PCA 2011: a92902398e16c49778cd90f99e4f9ae17c55af53'
[    0.706828] integrity: Loading X.509 certificate: UEFI:db
[    0.706836] integrity: Loaded X.509 cert 'Microsoft UEFI CA 2023: 81aa6b3244c935bce0d6628af39827421e32497d'
[    0.706837] integrity: Loading X.509 certificate: UEFI:db
[    0.706844] integrity: Loaded X.509 cert 'Microsoft Option ROM UEFI CA 2023: 514fbf937fa46fb57bf07af8bed84b3b864b1711'
[    0.708580] alg: No test for 842 (842-scomp)
[    0.711585] PM:   Magic number: 2:456:764
[    0.711651] event_source breakpoint: hash matches
[    0.713133] RAS: Correctable Errors collector initialized.
[    0.718147] clk: Disabling unused clocks
[    0.718151] PM: genpd: Disabling unused power domains
[    0.819390] usb 7-1: new high-speed USB device number 2 using xhci_hcd
[    0.873556] ata1: SATA link down (SStatus 0 SControl 300)
[    0.945348] usb 7-1: New USB device found, idVendor=14cd, idProduct=8608, bcdDevice= 0.00
[    0.945357] usb 7-1: New USB device strings: Mfr=1, Product=3, SerialNumber=0
[    0.945359] usb 7-1: Product: USB 2.0 Hub            
[    0.945361] usb 7-1: Manufacturer: USB Device  
[    1.000140] hub 7-1:1.0: USB hub found
[    1.000548] hub 7-1:1.0: 4 ports detected
[    1.285685] usb 7-1.1: new full-speed USB device number 3 using xhci_hcd
[    1.354922] ata2: SATA link up 6.0 Gbps (SStatus 133 SControl 300)
[    1.356099] ata2.00: ATA-12: ST28000NT000-4AB103, EN02, max UDMA/133
[    1.393589] usb 7-1.1: New USB device found, idVendor=1532, idProduct=0083, bcdDevice= 2.00
[    1.393600] usb 7-1.1: New USB device strings: Mfr=1, Product=2, SerialNumber=0
[    1.393602] usb 7-1.1: Product: Razer Basilisk X HyperSpeed
[    1.393603] usb 7-1.1: Manufacturer: Razer
[    1.432565] ata2.00: 54689529856 sectors, multi 16: LBA48 NCQ (depth 32), AA
[    1.434237] ata2.00: Command duration guideline is not supported
[    1.434810] ata2.00: Features: NCQ-sndrcv NCQ-prio CDL
[    1.466359] tsc: Refined TSC clocksource calibration: 1996.249 MHz
[    1.466378] clocksource: tsc: mask: 0xffffffffffffffff max_cycles: 0x398cadd9d93, max_idle_ns: 881590552906 ns
[    1.466611] clocksource: Switched to clocksource tsc
[    1.468243] ata2.00: Command duration guideline is not supported
[    1.468859] ata2.00: configured for UDMA/133
[    1.479576] scsi 1:0:0:0: Direct-Access     ATA      ST28000NT000-4AB EN02 PQ: 0 ANSI: 5
[    1.479898] sd 1:0:0:0: [sda] 54689529856 512-byte logical blocks: (28.0 TB/25.5 TiB)
[    1.479902] sd 1:0:0:0: [sda] 4096-byte physical blocks
[    1.479910] sd 1:0:0:0: [sda] Write Protect is off
[    1.479912] sd 1:0:0:0: [sda] Mode Sense: 00 3a 00 00
[    1.479922] sd 1:0:0:0: [sda] Write cache: enabled, read cache: enabled, doesn't support DPO or FUA
[    1.479940] sd 1:0:0:0: [sda] Preferred minimum I/O size 4096 bytes
[    1.479977] sd 1:0:0:0: Attached scsi generic sg0 type 0
[    1.514740] sd 1:0:0:0: [sda] Attached SCSI disk
[    1.517753] input: Razer Razer Basilisk X HyperSpeed as /devices/pci0000:00/0000:00:08.3/0000:c7:00.4/usb7/7-1/7-1.1/7-1.1:1.0/0003:1532:0083.0001/input/input1
[    1.517971] hid-generic 0003:1532:0083.0001: input,hidraw0: USB HID v1.11 Mouse [Razer Razer Basilisk X HyperSpeed] on usb-0000:c7:00.4-1.1/input0
[    1.522902] input: Razer Razer Basilisk X HyperSpeed Keyboard as /devices/pci0000:00/0000:00:08.3/0000:c7:00.4/usb7/7-1/7-1.1/7-1.1:1.1/0003:1532:0083.0002/input/input2
[    1.574199] input: Razer Razer Basilisk X HyperSpeed as /devices/pci0000:00/0000:00:08.3/0000:c7:00.4/usb7/7-1/7-1.1/7-1.1:1.1/0003:1532:0083.0002/input/input3
[    1.574339] hid-generic 0003:1532:0083.0002: input,hidraw1: USB HID v1.11 Keyboard [Razer Razer Basilisk X HyperSpeed] on usb-0000:c7:00.4-1.1/input1
[    1.578780] input: Razer Razer Basilisk X HyperSpeed as /devices/pci0000:00/0000:00:08.3/0000:c7:00.4/usb7/7-1/7-1.1/7-1.1:1.2/0003:1532:0083.0003/input/input4
[    1.630475] hid-generic 0003:1532:0083.0003: input,hidraw2: USB HID v1.11 Keyboard [Razer Razer Basilisk X HyperSpeed] on usb-0000:c7:00.4-1.1/input2
[    1.704906] usb 7-1.3: new full-speed USB device number 4 using xhci_hcd
[    1.812173] usb 7-1.3: New USB device found, idVendor=05ac, idProduct=024f, bcdDevice= 1.04
[    1.812187] usb 7-1.3: New USB device strings: Mfr=1, Product=2, SerialNumber=0
[    1.812191] usb 7-1.3: Product: Keychron K8
[    1.812193] usb 7-1.3: Manufacturer: Keychron K8
[    1.946884] ata3: SATA link up 6.0 Gbps (SStatus 133 SControl 300)
[    1.947505] ata3.00: ATA-12: ST28000NT000-4AB103, EN02, max UDMA/133
[    1.979912] usb 7-1.4: new high-speed USB device number 5 using xhci_hcd
[    1.990843] ata3.00: 54689529856 sectors, multi 16: LBA48 NCQ (depth 32), AA
[    1.992245] ata3.00: Command duration guideline is not supported
[    1.992801] ata3.00: Features: NCQ-sndrcv NCQ-prio CDL
[    2.022962] ata3.00: Command duration guideline is not supported
[    2.023574] ata3.00: configured for UDMA/133
[    2.034347] scsi 2:0:0:0: Direct-Access     ATA      ST28000NT000-4AB EN02 PQ: 0 ANSI: 5
[    2.034774] sd 2:0:0:0: Attached scsi generic sg1 type 0
[    2.034815] sd 2:0:0:0: [sdb] 54689529856 512-byte logical blocks: (28.0 TB/25.5 TiB)
[    2.034824] sd 2:0:0:0: [sdb] 4096-byte physical blocks
[    2.034837] sd 2:0:0:0: [sdb] Write Protect is off
[    2.034844] sd 2:0:0:0: [sdb] Mode Sense: 00 3a 00 00
[    2.034859] sd 2:0:0:0: [sdb] Write cache: enabled, read cache: enabled, doesn't support DPO or FUA
[    2.034886] sd 2:0:0:0: [sdb] Preferred minimum I/O size 4096 bytes
[    2.069104] sd 2:0:0:0: [sdb] Attached SCSI disk
[    2.078746] usb 7-1.4: New USB device found, idVendor=05e3, idProduct=0745, bcdDevice= 9.04
[    2.078761] usb 7-1.4: New USB device strings: Mfr=0, Product=1, SerialNumber=2
[    2.078765] usb 7-1.4: Product: USB Storage
[    2.078767] usb 7-1.4: SerialNumber: 000000000904
[    2.506688] ata4: SATA link up 6.0 Gbps (SStatus 133 SControl 300)
[    2.508534] ata4.00: ATA-10: WDC WD60EFAX-68JH4N1, 83.00A83, max UDMA/133
[    2.517623] ata4.00: 11721045168 sectors, multi 16: LBA48 NCQ (depth 32), AA
[    2.517640] ata4.00: Features: HIPM DIPM NCQ-prio
[    2.527686] ata4.00: configured for UDMA/133
[    2.539104] scsi 3:0:0:0: Direct-Access     ATA      WDC WD60EFAX-68J 0A83 PQ: 0 ANSI: 5
[    2.539479] sd 3:0:0:0: Attached scsi generic sg2 type 0
[    2.539518] sd 3:0:0:0: [sdc] 11721045168 512-byte logical blocks: (6.00 TB/5.46 TiB)
[    2.539524] sd 3:0:0:0: [sdc] 4096-byte physical blocks
[    2.539533] sd 3:0:0:0: [sdc] Write Protect is off
[    2.539535] sd 3:0:0:0: [sdc] Mode Sense: 00 3a 00 00
[    2.539544] sd 3:0:0:0: [sdc] Write cache: enabled, read cache: enabled, doesn't support DPO or FUA
[    2.539562] sd 3:0:0:0: [sdc] Preferred minimum I/O size 4096 bytes
[    2.557543] sd 3:0:0:0: [sdc] Attached SCSI disk
[    3.010626] ata5: SATA link up 6.0 Gbps (SStatus 133 SControl 300)
[    3.012459] ata5.00: ATA-10: WDC WD60EFAX-68JH4N1, 83.00A83, max UDMA/133
[    3.021675] ata5.00: 11721045168 sectors, multi 16: LBA48 NCQ (depth 32), AA
[    3.021693] ata5.00: Features: HIPM DIPM NCQ-prio
[    3.031775] ata5.00: configured for UDMA/133
[    3.042976] scsi 4:0:0:0: Direct-Access     ATA      WDC WD60EFAX-68J 0A83 PQ: 0 ANSI: 5
[    3.043387] sd 4:0:0:0: Attached scsi generic sg3 type 0
[    3.043451] sd 4:0:0:0: [sdd] 11721045168 512-byte logical blocks: (6.00 TB/5.46 TiB)
[    3.043461] sd 4:0:0:0: [sdd] 4096-byte physical blocks
[    3.043474] sd 4:0:0:0: [sdd] Write Protect is off
[    3.043477] sd 4:0:0:0: [sdd] Mode Sense: 00 3a 00 00
[    3.043493] sd 4:0:0:0: [sdd] Write cache: enabled, read cache: enabled, doesn't support DPO or FUA
[    3.043519] sd 4:0:0:0: [sdd] Preferred minimum I/O size 4096 bytes
[    3.074745] sd 4:0:0:0: [sdd] Attached SCSI disk
[    3.076240] Freeing unused decrypted memory: 2028K
[    3.077276] Freeing unused kernel image (initmem) memory: 5196K
[    3.077302] Write protecting the kernel read-only data: 43008k
[    3.077743] Freeing unused kernel image (text/rodata gap) memory: 1988K
[    3.077864] Freeing unused kernel image (rodata/data gap) memory: 584K
[    3.104652] x86/mm: Checked W+X mappings: passed, no W+X pages found.
[    3.104670] Run /init as init process
[    3.104671]   with arguments:
[    3.104672]     /init
[    3.104673]     rhgb
[    3.104673]   with environment:
[    3.104674]     HOME=/
[    3.104675]     TERM=linux
[    3.129165] systemd[1]: Successfully made /usr/ read-only.
[    3.131455] systemd[1]: systemd 258.7-1.fc43 running in system mode (+PAM +AUDIT +SELINUX -APPARMOR +IMA +IPE +SMACK +SECCOMP -GCRYPT +GNUTLS +OPENSSL +ACL +BLKID +CURL +ELFUTILS +FIDO2 +IDN2 -IDN -IPTC +KMOD +LIBCRYPTSETUP +LIBCRYPTSETUP_PLUGINS +LIBFDISK +PCRE2 +PWQUALITY +P11KIT +QRENCODE +TPM2 +BZIP2 +LZ4 +XZ +ZLIB +ZSTD +BPF_FRAMEWORK +BTF +XKBCOMMON +UTMP +SYSVINIT +LIBARCHIVE)
[    3.131463] systemd[1]: Detected architecture x86-64.
[    3.131465] systemd[1]: Running in initrd.
[    3.131800] systemd[1]: No hostname configured, using default hostname.
[    3.131841] systemd[1]: Hostname set to <fedora>.
[    3.209750] systemd[1]: bpf-restrict-fs: LSM BPF program attached
[    3.245394] systemd[1]: Queued start job for default target initrd.target.
[    3.259626] systemd[1]: Expecting device dev-disk-by\x2duuid-7e68572e\x2dc329\x2d46b9\x2dacfb\x2debd45df85463.device - /dev/disk/by-uuid/7e68572e-c329-46b9-acfb-ebd45df85463...
[    3.259664] systemd[1]: Reached target initrd-usr-fs.target - Initrd /usr File System.
[    3.259682] systemd[1]: Reached target slices.target - Slice Units.
[    3.259692] systemd[1]: Reached target swap.target - Swaps.
[    3.259700] systemd[1]: Reached target timers.target - Timer Units.
[    3.259749] systemd[1]: Listening on systemd-journald-dev-log.socket - Journal Socket (/dev/log).
[    3.259778] systemd[1]: Listening on systemd-journald.socket - Journal Sockets.
[    3.259804] systemd[1]: Listening on systemd-udevd-control.socket - udev Control Socket.
[    3.259820] systemd[1]: Listening on systemd-udevd-kernel.socket - udev Kernel Socket.
[    3.259827] systemd[1]: Reached target sockets.target - Socket Units.
[    3.260444] systemd[1]: Starting kmod-static-nodes.service - Create List of Static Device Nodes...
[    3.260469] systemd[1]: memstrack.service - Memstrack Anylazing Service skipped, no trigger condition checks were met.
[    3.261544] systemd[1]: Starting systemd-journald.service - Journal Service...
[    3.262413] systemd[1]: Starting systemd-modules-load.service - Load Kernel Modules...
[    3.262439] systemd[1]: systemd-pcrphase-initrd.service - TPM PCR Barrier (initrd) skipped, unmet condition check ConditionSecurity=measured-uki
[    3.263001] systemd[1]: Starting systemd-vconsole-setup.service - Virtual Console Setup...
[    3.263737] systemd[1]: Finished kmod-static-nodes.service - Create List of Static Device Nodes.
[    3.264768] systemd[1]: Starting systemd-tmpfiles-setup-dev-early.service - Create Static Device Nodes in /dev gracefully...
[    3.269695] i2c_dev: i2c /dev entries driver
[    3.272908] systemd-journald[385]: Collecting audit messages is disabled.
[    3.273587] systemd[1]: Finished systemd-tmpfiles-setup-dev-early.service - Create Static Device Nodes in /dev gracefully.
[    3.274299] systemd[1]: Starting systemd-sysusers.service - Create System Users...
[    3.281836] systemd[1]: Finished systemd-sysusers.service - Create System Users.
[    3.282610] systemd[1]: Starting systemd-tmpfiles-setup-dev.service - Create Static Device Nodes in /dev...
[    3.284824] fuse: init (API version 7.45)
[    3.285592] systemd[1]: Finished systemd-modules-load.service - Load Kernel Modules.
[    3.286119] systemd[1]: Starting systemd-sysctl.service - Apply Kernel Variables...
[    3.291168] systemd[1]: Finished systemd-sysctl.service - Apply Kernel Variables.
[    3.292636] systemd[1]: Finished systemd-tmpfiles-setup-dev.service - Create Static Device Nodes in /dev.
[    3.292688] systemd[1]: Reached target local-fs-pre.target - Preparation for Local File Systems.
[    3.292696] systemd[1]: Reached target local-fs.target - Local File Systems.
[    3.292916] systemd[1]: Finished systemd-vconsole-setup.service - Virtual Console Setup.
[    3.293446] systemd[1]: Starting dracut-cmdline-ask.service - dracut ask for additional cmdline parameters...
[    3.302811] systemd[1]: Finished dracut-cmdline-ask.service - dracut ask for additional cmdline parameters.
[    3.303310] systemd[1]: Starting dracut-cmdline.service - dracut cmdline hook...
[    3.307314] systemd[1]: Started systemd-journald.service - Journal Service.
[    3.502704] sp5100_tco: SP5100/SB800 TCO WatchDog Timer Driver
[    3.503863] pcie_mp2_amd 0000:c5:00.7: enabling device (0000 -> 0002)
[    3.504424] sp5100-tco sp5100-tco: Using 0xfeb00000 for watchdog MMIO address
[    3.505732] sp5100-tco sp5100-tco: initialized. heartbeat=60 sec (nowayout=0)
[    3.510909] Key type psk registered
[    3.511542] ACPI: video: Video Device [VGA] (multi-head: yes  rom: no  post: no)
[    3.512004] input: Video Bus as /devices/LNXSYSTM:00/LNXSYBUS:00/PNP0A08:00/device:17/LNXVIDEO:00/input/input5
[    3.512988] apple 0003:05AC:024F.0004: Non-apple keyboard detected; function keys will default to fnmode=2 behavior
[    3.513044] input: Keychron K8 Keychron K8 as /devices/pci0000:00/0000:00:08.3/0000:c7:00.4/usb7/7-1/7-1.3/7-1.3:1.0/0003:05AC:024F.0004/input/input6
[    3.514443] usb-storage 7-1.4:1.0: USB Mass Storage device detected
[    3.514645] scsi host5: usb-storage 7-1.4:1.0
[    3.514735] usbcore: registered new interface driver usb-storage
[    3.514800] BTRFS: device label 6TB_RAID devid 1 transid 2174 /dev/sdc (8:32) scanned by (udev-worker) (521)
[    3.520555] usbcore: registered new interface driver uas
[    3.520714] ACPI: bus type thunderbolt registered
[    3.526371] amdxdna 0000:c6:00.1: enabling device (0000 -> 0002)
[    3.536153] nvme nvme0: pci function 0000:c2:00.0
[    3.543130] nvme nvme0: allocated 8 MiB host memory buffer (1 segment).
[    3.546262] nvme nvme0: 8/0/0 default/read/poll queues
[    3.550825] BTRFS: device label 6TB_RAID devid 2 transid 2174 /dev/sdd (8:48) scanned by (udev-worker) (515)
[    3.551708] nvme nvme0: Ignoring bogus Namespace Identifiers
[    3.554811]  nvme0n1: p1 p2 p3
[    3.557438] apple 0003:05AC:024F.0004: input,hidraw3: USB HID v1.11 Keyboard [Keychron K8 Keychron K8] on usb-0000:c7:00.4-1.3/input0
[    3.557601] apple 0003:05AC:024F.0005: Fn key not found (Apple Wireless Keyboard clone?), disabling Fn key handling
[    3.557604] apple 0003:05AC:024F.0005: Non-apple keyboard detected; function keys will default to fnmode=2 behavior
[    3.557654] input: Keychron K8 Keychron K8 as /devices/pci0000:00/0000:00:08.3/0000:c7:00.4/usb7/7-1/7-1.3/7-1.3:1.1/0003:05AC:024F.0005/input/input7
[    3.557718] apple 0003:05AC:024F.0005: input,hidraw4: USB HID v1.11 Keyboard [Keychron K8 Keychron K8] on usb-0000:c7:00.4-1.3/input1
[    3.576060] BTRFS: device label 28TB_RAID devid 2 transid 11136 /dev/sdb (8:16) scanned by (udev-worker) (544)
[    3.581163] BTRFS: device label 28TB_RAID devid 1 transid 11136 /dev/sda (8:0) scanned by (udev-worker) (550)
[    3.648069] [drm] Initialized amdxdna_accel_driver 0.6.0 for 0000:c6:00.1 on minor 0
[    4.446381] BTRFS: device label fedora devid 1 transid 70021 /dev/nvme0n1p3 (259:3) scanned by mount (635)
[    4.446673] BTRFS info (device nvme0n1p3): first mount of filesystem 7e68572e-c329-46b9-acfb-ebd45df85463
[    4.446686] BTRFS info (device nvme0n1p3): using crc32c (crc32c-lib) checksum algorithm
[    4.451329] BTRFS info (device nvme0n1p3): enabling ssd optimizations
[    4.451331] BTRFS info (device nvme0n1p3): turning on async discard
[    4.451332] BTRFS info (device nvme0n1p3): enabling free space tree
[    4.542020] scsi 5:0:0:0: Direct-Access     Generic  MassStorageClass 0904 PQ: 0 ANSI: 6
[    4.542193] sd 5:0:0:0: Attached scsi generic sg4 type 0
[    4.543352] sd 5:0:0:0: [sde] Media removed, stopped polling
[    4.667544] sd 5:0:0:0: [sde] Attached SCSI removable disk
[    5.140451] amdgpu: Virtual CRAT table created for CPU
[    5.140463] amdgpu: Topology: Add CPU node
[    5.140566] amdgpu 0000:c5:00.0: enabling device (0006 -> 0007)
[    5.140630] amdgpu 0000:c5:00.0: amdgpu: initializing kernel modesetting (IP DISCOVERY 0x1002:0x150E 0x1F4C:0xB020 0xD1).
[    5.140639] amdgpu 0000:c5:00.0: amdgpu: register mmio base: 0xDCB00000
[    5.140640] amdgpu 0000:c5:00.0: amdgpu: register mmio size: 524288
[    5.142502] amdgpu 0000:c5:00.0: amdgpu: detected ip block number 0 <common_v1_0_0> (soc21_common)
[    5.142504] amdgpu 0000:c5:00.0: amdgpu: detected ip block number 1 <gmc_v11_0_0> (gmc_v11_0)
[    5.142506] amdgpu 0000:c5:00.0: amdgpu: detected ip block number 2 <ih_v6_0_0> (ih_v6_1)
[    5.142506] amdgpu 0000:c5:00.0: amdgpu: detected ip block number 3 <psp_v13_0_0> (psp)
[    5.142508] amdgpu 0000:c5:00.0: amdgpu: detected ip block number 4 <smu_v14_0_0> (smu)
[    5.142508] amdgpu 0000:c5:00.0: amdgpu: detected ip block number 5 <dce_v1_0_0> (dm)
[    5.142510] amdgpu 0000:c5:00.0: amdgpu: detected ip block number 6 <gfx_v11_0_0> (gfx_v11_0)
[    5.142511] amdgpu 0000:c5:00.0: amdgpu: detected ip block number 7 <sdma_v6_0_0> (sdma_v6_0)
[    5.142512] amdgpu 0000:c5:00.0: amdgpu: detected ip block number 8 <vcn_v4_0_5> (vcn_v4_0_5)
[    5.142513] amdgpu 0000:c5:00.0: amdgpu: detected ip block number 9 <jpeg_v4_0_5> (jpeg_v4_0_5)
[    5.142513] amdgpu 0000:c5:00.0: amdgpu: detected ip block number 10 <mes_v11_0_0> (mes_v11_0)
[    5.142514] amdgpu 0000:c5:00.0: amdgpu: detected ip block number 11 <vpe_v6_1_0> (vpe_v6_1)
[    5.142515] amdgpu 0000:c5:00.0: amdgpu: detected ip block number 12 <isp_v4_1_0> (isp_ip)
[    5.142535] amdgpu 0000:c5:00.0: amdgpu: Fetched VBIOS from VFCT
[    5.142537] amdgpu: ATOM BIOS: 113-STRIXEMU-001
[    5.183865] amdgpu 0000:c5:00.0: amdgpu: VPE: collaborate mode false
[    5.183881] amdgpu 0000:c5:00.0: amdgpu: [drm] Optional firmware "amdgpu/isp_4_1_0.bin" was not found
[    5.204377] Console: switching to colour dummy device 80x25
[    5.204947] amdgpu 0000:c5:00.0: amdgpu: Trusted Memory Zone (TMZ) feature disabled as experimental (default)
[    5.205003] amdgpu 0000:c5:00.0: amdgpu: vm size is 262144 GB, 4 levels, block size is 9-bit, fragment size is 9-bit
[    5.205014] amdgpu 0000:c5:00.0: amdgpu: VRAM: 8192M 0x0000008000000000 - 0x00000081FFFFFFFF (8192M used)
[    5.205015] amdgpu 0000:c5:00.0: amdgpu: GART: 512M 0x00007FFF00000000 - 0x00007FFF1FFFFFFF
[    5.205040] [drm] Detected VRAM RAM=8192M, BAR=8192M
[    5.205041] [drm] RAM width 128bits DDR5
[    5.205242] amdgpu 0000:c5:00.0: amdgpu: amdgpu: 8192M of VRAM memory ready
[    5.205244] amdgpu 0000:c5:00.0: amdgpu: amdgpu: 44044M of GTT memory ready.
[    5.205261] [drm] GART: num cpu pages 131072, num gpu pages 131072
[    5.205331] [drm] PCIE GART of 512M enabled (table at 0x00000081FFB00000).
[    5.205637] amdgpu 0000:c5:00.0: amdgpu: [drm] Loading DMUB firmware via PSP: version=0x09003E00
[    5.205781] amdgpu 0000:c5:00.0: amdgpu: [VCN instance 0] Found VCN firmware Version ENC: 1.24 DEC: 9 VEP: 0 Revision: 16
[    5.229399] amdgpu 0000:c5:00.0: amdgpu: reserve 0x8900000 from 0x81e0000000 for PSP TMR
[    5.426720] amdgpu 0000:c5:00.0: amdgpu: RAS: optional ras ta ucode is not available
[    5.430301] amdgpu 0000:c5:00.0: amdgpu: RAP: optional rap ta ucode is not available
[    5.430301] amdgpu 0000:c5:00.0: amdgpu: SECUREDISPLAY: optional securedisplay ta ucode is not available
[    5.457372] amdgpu 0000:c5:00.0: amdgpu: SMU is initialized successfully!
[    5.458587] amdgpu 0000:c5:00.0: amdgpu: [drm] Display Core v3.2.359 initialized on DCN 3.5
[    5.458588] amdgpu 0000:c5:00.0: amdgpu: [drm] DP-HDMI FRL PCON supported
[    5.464533] amdgpu 0000:c5:00.0: amdgpu: [drm] DMUB hardware initialized: version=0x09003E00
[    5.493990] amdgpu 0000:c5:00.0: amdgpu: [drm] HDMI-A-1: PSR support 0, DC PSR ver -1, sink PSR ver 0 DPCD caps 0x0 su_y_granularity 0
[    5.494157] amdgpu 0000:c5:00.0: amdgpu: [drm] DP-1: PSR support 0, DC PSR ver -1, sink PSR ver 0 DPCD caps 0x0 su_y_granularity 0
[    5.494299] amdgpu 0000:c5:00.0: amdgpu: [drm] DP-2: PSR support 0, DC PSR ver -1, sink PSR ver 0 DPCD caps 0x0 su_y_granularity 0
[    5.494386] amdgpu 0000:c5:00.0: amdgpu: [drm] DP-3: PSR support 0, DC PSR ver -1, sink PSR ver 0 DPCD caps 0x0 su_y_granularity 0
[    5.494447] amdgpu 0000:c5:00.0: amdgpu: [drm] DP-4: PSR support 0, DC PSR ver -1, sink PSR ver 0 DPCD caps 0x0 su_y_granularity 0
[    5.494496] amdgpu 0000:c5:00.0: amdgpu: [drm] DP-5: PSR support 0, DC PSR ver -1, sink PSR ver 0 DPCD caps 0x0 su_y_granularity 0
[    5.494545] amdgpu 0000:c5:00.0: amdgpu: [drm] DP-6: PSR support 0, DC PSR ver -1, sink PSR ver 0 DPCD caps 0x0 su_y_granularity 0
[    5.502596] kfd kfd: amdgpu: Allocated 3969056 bytes on gart
[    5.502610] kfd kfd: amdgpu: Total number of KFD nodes to be created: 1
[    5.503462] amdgpu: Virtual CRAT table created for GPU
[    5.503556] amdgpu: Topology: Add dGPU node [0x150e:0x1002]
[    5.503558] kfd kfd: amdgpu: added device 1002:150e
[    5.503564] amdgpu 0000:c5:00.0: amdgpu: SE 1, SH per SE 2, CU per SH 8, active_cu_number 16
[    5.503566] amdgpu 0000:c5:00.0: amdgpu: ring gfx_0.0.0 uses VM inv eng 0 on hub 0
[    5.503567] amdgpu 0000:c5:00.0: amdgpu: ring comp_1.0.0 uses VM inv eng 1 on hub 0
[    5.503568] amdgpu 0000:c5:00.0: amdgpu: ring comp_1.1.0 uses VM inv eng 4 on hub 0
[    5.503568] amdgpu 0000:c5:00.0: amdgpu: ring comp_1.2.0 uses VM inv eng 6 on hub 0
[    5.503569] amdgpu 0000:c5:00.0: amdgpu: ring comp_1.3.0 uses VM inv eng 7 on hub 0
[    5.503569] amdgpu 0000:c5:00.0: amdgpu: ring comp_1.0.1 uses VM inv eng 8 on hub 0
[    5.503569] amdgpu 0000:c5:00.0: amdgpu: ring comp_1.1.1 uses VM inv eng 9 on hub 0
[    5.503570] amdgpu 0000:c5:00.0: amdgpu: ring comp_1.2.1 uses VM inv eng 10 on hub 0
[    5.503570] amdgpu 0000:c5:00.0: amdgpu: ring comp_1.3.1 uses VM inv eng 11 on hub 0
[    5.503571] amdgpu 0000:c5:00.0: amdgpu: ring sdma0 uses VM inv eng 12 on hub 0
[    5.503571] amdgpu 0000:c5:00.0: amdgpu: ring vcn_unified_0 uses VM inv eng 0 on hub 8
[    5.503571] amdgpu 0000:c5:00.0: amdgpu: ring jpeg_dec_0 uses VM inv eng 1 on hub 8
[    5.503572] amdgpu 0000:c5:00.0: amdgpu: ring mes_kiq_3.1.0 uses VM inv eng 13 on hub 0
[    5.503572] amdgpu 0000:c5:00.0: amdgpu: ring vpe uses VM inv eng 4 on hub 8
[    5.504460] amdgpu 0000:c5:00.0: amdgpu: Runtime PM not available
[    5.504780] amdgpu 0000:c5:00.0: [drm] Registered 4 planes with drm panic
[    5.504781] [drm] Initialized amdgpu 3.64.0 for 0000:c5:00.0 on minor 1
[    5.507809] amdgpu 0000:c5:00.0: amdgpu: [drm] Failed to setup vendor infoframe on connector HDMI-A-1: -22
[    5.509220] fbcon: amdgpudrmfb (fb0) is primary device
[    5.509251] Console: switching to colour frame buffer device 320x67
[    5.509255] amdgpu 0000:c5:00.0: [drm] fb0: amdgpudrmfb frame buffer device
[    5.610616] systemd-journald[385]: Received SIGTERM from PID 1 (systemd).
[    5.670691] audit: type=1404 audit(1774579512.583:2): enforcing=1 old_enforcing=0 auid=4294967295 ses=4294967295 enabled=1 old-enabled=1 lsm=selinux res=1
[    5.705051] SELinux:  Permission firmware_load in class system not defined in policy.
[    5.705060] SELinux:  Permission kexec_image_load in class system not defined in policy.
[    5.705061] SELinux:  Permission kexec_initramfs_load in class system not defined in policy.
[    5.705062] SELinux:  Permission policy_load in class system not defined in policy.
[    5.705062] SELinux:  Permission x509_certificate_load in class system not defined in policy.
[    5.705120] SELinux:  Permission allowed in class io_uring not defined in policy.
[    5.705122] SELinux:  Class memfd_file not defined in policy.
[    5.705122] SELinux: the above unknown classes and permissions will be allowed
[    5.707107] SELinux:  policy capability network_peer_controls=1
[    5.707110] SELinux:  policy capability open_perms=1
[    5.707111] SELinux:  policy capability extended_socket_class=1
[    5.707112] SELinux:  policy capability always_check_network=0
[    5.707112] SELinux:  policy capability cgroup_seclabel=1
[    5.707113] SELinux:  policy capability nnp_nosuid_transition=1
[    5.707113] SELinux:  policy capability genfs_seclabel_symlinks=1
[    5.707114] SELinux:  policy capability ioctl_skip_cloexec=0
[    5.707114] SELinux:  policy capability userspace_initial_context=0
[    5.707115] SELinux:  policy capability netlink_xperm=0
[    5.707115] SELinux:  policy capability netif_wildcard=0
[    5.707116] SELinux:  policy capability genfs_seclabel_wildcard=0
[    5.707117] SELinux:  policy capability functionfs_seclabel=0
[    5.707117] SELinux:  policy capability memfd_class=0
[    5.754511] audit: type=1403 audit(1774579512.666:3): auid=4294967295 ses=4294967295 lsm=selinux res=1
[    5.754887] systemd[1]: Successfully loaded SELinux policy in 84.465ms.
[    5.764896] systemd[1]: Relabeled /dev/, /dev/shm/, /run/ in 4.877ms.
[    6.099659] systemd[1]: systemd 258.7-1.fc43 running in system mode (+PAM +AUDIT +SELINUX -APPARMOR +IMA +IPE +SMACK +SECCOMP -GCRYPT +GNUTLS +OPENSSL +ACL +BLKID +CURL +ELFUTILS +FIDO2 +IDN2 -IDN -IPTC +KMOD +LIBCRYPTSETUP +LIBCRYPTSETUP_PLUGINS +LIBFDISK +PCRE2 +PWQUALITY +P11KIT +QRENCODE +TPM2 +BZIP2 +LZ4 +XZ +ZLIB +ZSTD +BPF_FRAMEWORK +BTF +XKBCOMMON +UTMP +SYSVINIT +LIBARCHIVE)
[    6.099676] systemd[1]: Detected architecture x86-64.
[    6.185185] systemd[1]: bpf-restrict-fs: LSM BPF program attached
[    6.317985] zram: Added device: zram0
[    6.381225] audit: type=1400 audit(1774579513.293:4): avc:  denied  { getattr } for  pid=1 comm="systemd" path="socket:[10383]" dev="sockfs" ino=10383 scontext=system_u:system_r:init_t:s0 tcontext=system_u:system_r:kernel_t:s0 tclass=netlink_kobject_uevent_socket permissive=0
[    6.403933] systemd[1]: initrd-switch-root.service: Deactivated successfully.
[    6.403992] systemd[1]: Stopped initrd-switch-root.service - Switch Root.
[    6.404559] systemd[1]: systemd-journald.service: Scheduled restart job, restart counter is at 1.
[    6.404761] systemd[1]: Created slice system-getty.slice - Slice /system/getty.
[    6.404914] systemd[1]: Created slice system-systemd\x2dfsck.slice - Slice /system/systemd-fsck.
[    6.405052] systemd[1]: Created slice system-systemd\x2dzram\x2dsetup.slice - Slice /system/systemd-zram-setup.
[    6.405168] systemd[1]: Created slice user.slice - User and Session Slice.
[    6.405187] systemd[1]: systemd-ask-password-console.path - Dispatch Password Requests to Console Directory Watch skipped, unmet condition check ConditionPathExists=!/run/plymouth/pid
[    6.405218] systemd[1]: Started systemd-ask-password-wall.path - Forward Password Requests to Wall Directory Watch.
[    6.405408] systemd[1]: Set up automount proc-sys-fs-binfmt_misc.automount - Arbitrary Executable File Formats File System Automount Point.
[    6.405419] systemd[1]: Expecting device dev-disk-by\x2duuid-0545\x2d8CD7.device - /dev/disk/by-uuid/0545-8CD7...
[    6.405425] systemd[1]: Expecting device dev-disk-by\x2duuid-7e68572e\x2dc329\x2d46b9\x2dacfb\x2debd45df85463.device - /dev/disk/by-uuid/7e68572e-c329-46b9-acfb-ebd45df85463...
[    6.405430] systemd[1]: Expecting device dev-disk-by\x2duuid-a6b7c3c7\x2d7e59\x2d4e06\x2da6fd\x2dda225ec21bbd.device - /dev/disk/by-uuid/a6b7c3c7-7e59-4e06-a6fd-da225ec21bbd...
[    6.405438] systemd[1]: Expecting device dev-disk-by\x2duuid-c5c3d8fc\x2dbd38\x2d4d21\x2d8b7b\x2d92769aa4eeeb.device - /dev/disk/by-uuid/c5c3d8fc-bd38-4d21-8b7b-92769aa4eeeb...
[    6.405444] systemd[1]: Expecting device dev-zram0.device - /dev/zram0...
[    6.405452] systemd[1]: Reached target cryptsetup.target - Local Encrypted Volumes.
[    6.405460] systemd[1]: Reached target getty.target - Login Prompts.
[    6.405467] systemd[1]: Reached target imports.target - Image Downloads.
[    6.405478] systemd[1]: Stopped target initrd-switch-root.target - Switch Root.
[    6.405487] systemd[1]: Stopped target initrd-fs.target - Initrd File Systems.
[    6.405493] systemd[1]: Stopped target initrd-root-fs.target - Initrd Root File System.
[    6.405500] systemd[1]: Reached target integritysetup.target - Local Integrity Protected Volumes.
[    6.405522] systemd[1]: Reached target slices.target - Slice Units.
[    6.405537] systemd[1]: Reached target veritysetup.target - Local Verity Protected Volumes.
[    6.405670] systemd[1]: Listening on dm-event.socket - Device-mapper event daemon FIFOs.
[    6.406262] systemd[1]: Listening on lvm2-lvmpolld.socket - LVM2 poll daemon socket.
[    6.406730] systemd[1]: Listening on systemd-ask-password.socket - Query the User Interactively for a Password.
[    6.407840] systemd[1]: Listening on systemd-coredump.socket - Process Core Dump Socket.
[    6.408139] systemd[1]: Listening on systemd-creds.socket - Credential Encryption/Decryption.
[    6.408552] systemd[1]: Listening on systemd-factory-reset.socket - Factory Reset Management.
[    6.408860] systemd[1]: Listening on systemd-journald-audit.socket - Journal Audit Socket.
[    6.408893] systemd[1]: systemd-pcrextend.socket - TPM PCR Measurements skipped, unmet condition check ConditionSecurity=measured-uki
[    6.408901] systemd[1]: systemd-pcrlock.socket - Make TPM PCR Policy skipped, unmet condition check ConditionSecurity=measured-uki
[    6.408998] systemd[1]: Listening on systemd-resolved-monitor.socket - Resolve Monitor Varlink Socket.
[    6.409035] systemd[1]: Listening on systemd-resolved-varlink.socket - Resolve Service Varlink Socket.
[    6.409429] systemd[1]: Listening on systemd-udevd-control.socket - udev Control Socket.
[    6.409497] systemd[1]: Listening on systemd-udevd-varlink.socket - udev Varlink Socket.
[    6.409571] systemd[1]: Listening on systemd-userdbd.socket - User Database Manager Socket.
[    6.411079] systemd[1]: Mounting dev-hugepages.mount - Huge Pages File System...
[    6.411438] systemd[1]: Mounting dev-mqueue.mount - POSIX Message Queue File System...
[    6.411799] systemd[1]: Mounting sys-kernel-debug.mount - Kernel Debug File System...
[    6.412171] systemd[1]: Mounting sys-kernel-tracing.mount - Kernel Trace File System...
[    6.412237] systemd[1]: auth-rpcgss-module.service - Kernel Module supporting RPCSEC_GSS skipped, unmet condition check ConditionPathExists=/etc/krb5.keytab
[    6.412270] systemd[1]: fips-crypto-policy-overlay.service - Bind-mount FIPS crypto-policy in FIPS mode skipped, unmet condition check ConditionKernelCommandLine=fips=1
[    6.412918] systemd[1]: iscsi-starter.service skipped, unmet condition check ConditionDirectoryNotEmpty=/var/lib/iscsi/nodes
[    6.413499] systemd[1]: Starting kmod-static-nodes.service - Create List of Static Device Nodes...
[    6.414080] systemd[1]: Starting lvm2-monitor.service - Monitoring of LVM2 mirrors, snapshots etc. using dmeventd or progress polling...
[    6.414115] systemd[1]: modprobe@configfs.service - Load Kernel Module configfs skipped, unmet condition check ConditionKernelModuleLoaded=!configfs
[    6.414134] systemd[1]: modprobe@dm_mod.service - Load Kernel Module dm_mod skipped, unmet condition check ConditionKernelModuleLoaded=!dm_mod
[    6.414146] systemd[1]: modprobe@drm.service - Load Kernel Module drm skipped, unmet condition check ConditionKernelModuleLoaded=!drm
[    6.414172] systemd[1]: modprobe@fuse.service - Load Kernel Module fuse skipped, unmet condition check ConditionKernelModuleLoaded=!fuse
[    6.432698] systemd[1]: Mounting sys-fs-fuse-connections.mount - FUSE Control File System...
[    6.433227] systemd[1]: Starting modprobe@loop.service - Load Kernel Module loop...
[    6.433253] systemd[1]: plymouth-switch-root.service: Deactivated successfully.
[    6.433268] systemd[1]: Stopped plymouth-switch-root.service - Plymouth switch root service.
[    6.433361] systemd[1]: systemd-boot-clear-sysfail.service - Clear SysFail Entry If The Boot Is Successful skipped, unmet condition check ConditionPathExists=/sys/firmware/efi/efivars/LoaderEntrySysFail-4a67b082-0a4c-41cf-b6c7-440b29bb8c4f
[    6.433379] systemd[1]: systemd-fsck-root.service: Deactivated successfully.
[    6.433388] systemd[1]: Stopped systemd-fsck-root.service - File System Check on Root Device.
[    6.433416] systemd[1]: systemd-hibernate-clear.service - Clear Stale Hibernate Storage Info skipped, unmet condition check ConditionPathExists=/sys/firmware/efi/efivars/HibernateLocation-8cf2644b-4b0b-428f-9387-6d876050dc67
[    6.434272] systemd[1]: Starting systemd-journald.service - Journal Service...
[    6.434922] systemd[1]: Starting systemd-modules-load.service - Load Kernel Modules...
[    6.435269] systemd[1]: Starting systemd-network-generator.service - Generate Network Units from Kernel Command Line...
[    6.435287] systemd[1]: systemd-pcrmachine.service - TPM PCR Machine ID Measurement skipped, unmet condition check ConditionSecurity=measured-uki
[    6.435767] systemd[1]: Starting systemd-remount-fs.service - Remount Root and Kernel File Systems...
[    6.435807] systemd[1]: systemd-tpm2-setup-early.service - Early TPM SRK Setup skipped, unmet condition check ConditionSecurity=measured-uki
[    6.436208] systemd[1]: Starting systemd-udev-load-credentials.service - Load udev Rules from Credentials...
[    6.436608] systemd[1]: Starting systemd-udev-trigger.service - Coldplug All udev Devices...
[    6.438067] systemd[1]: Mounted dev-hugepages.mount - Huge Pages File System.
[    6.438124] systemd[1]: Mounted dev-mqueue.mount - POSIX Message Queue File System.
[    6.438163] systemd[1]: Mounted sys-kernel-debug.mount - Kernel Debug File System.
[    6.438215] systemd[1]: Mounted sys-kernel-tracing.mount - Kernel Trace File System.
[    6.438349] systemd[1]: Finished kmod-static-nodes.service - Create List of Static Device Nodes.
[    6.438412] systemd[1]: Mounted sys-fs-fuse-connections.mount - FUSE Control File System.
[    6.438852] systemd[1]: Starting systemd-tmpfiles-setup-dev-early.service - Create Static Device Nodes in /dev gracefully...
[    6.439769] loop: module loaded
[    6.440015] systemd[1]: modprobe@loop.service: Deactivated successfully.
[    6.440092] systemd[1]: Finished modprobe@loop.service - Load Kernel Module loop.
[    6.440411] systemd[1]: systemd-repart.service - Repartition Root Disk skipped, no trigger condition checks were met.
[    6.453372] BTRFS info (device nvme0n1p3 state M): use zstd compression, level 1
[    6.454215] systemd[1]: Finished systemd-modules-load.service - Load Kernel Modules.
