[    0.000000] Linux version 6.19.9-jmb585fix (user@fedora) (gcc (GCC) 15.2.1 20260123 (Red Hat 15.2.1-7), GNU ld version 2.45.1-4.fc43) #1 SMP PREEMPT_DYNAMIC Thu Mar 26 22:09:12 PDT 2026
[    0.000000] Command line: BOOT_IMAGE=(hd2,gpt2)/vmlinuz-6.19.9-jmb585fix root=UUID=7e68572e-c329-46b9-acfb-ebd45df85463 ro rootflags=subvol=root rhgb quiet random.trust_cpu=off pcie_aspm=off amd_iommu=pgtbl_v2
[    0.000000] x86/split lock detection: #DB: warning on user-space bus_locks
[    0.000000] BIOS-provided physical RAM map:
[    0.000000] BIOS-e820: [mem 0x0000000000000000-0x000000000009ffff] usable
[    0.000000] BIOS-e820: [mem 0x00000000000a0000-0x00000000000fffff] reserved
[    0.000000] BIOS-e820: [mem 0x0000000000100000-0x0000000009a7efff] usable
[    0.000000] BIOS-e820: [mem 0x0000000009a7f000-0x0000000009ffffff] reserved
[    0.000000] BIOS-e820: [mem 0x000000000a000000-0x000000000a1fffff] usable
[    0.000000] BIOS-e820: [mem 0x000000000a200000-0x000000000a23bfff] ACPI NVS
[    0.000000] BIOS-e820: [mem 0x000000000a23c000-0x0000000067f7efff] usable
[    0.000000] BIOS-e820: [mem 0x0000000067f7f000-0x000000006df7efff] reserved
[    0.000000] BIOS-e820: [mem 0x000000006df7f000-0x000000006e07efff] ACPI data
[    0.000000] BIOS-e820: [mem 0x000000006e07f000-0x000000007007efff] ACPI NVS
[    0.000000] BIOS-e820: [mem 0x000000007007f000-0x00000000781fefff] reserved
[    0.000000] BIOS-e820: [mem 0x00000000781ff000-0x0000000079ff6fff] usable
[    0.000000] BIOS-e820: [mem 0x0000000079ff7000-0x0000000079ffcfff] reserved
[    0.000000] BIOS-e820: [mem 0x0000000079ffd000-0x0000000079ffefff] usable
[    0.000000] BIOS-e820: [mem 0x0000000079fff000-0x000000007bffffff] reserved
[    0.000000] BIOS-e820: [mem 0x000000007d675000-0x000000007d6fffff] reserved
[    0.000000] BIOS-e820: [mem 0x000000007d800000-0x000000007fffffff] reserved
[    0.000000] BIOS-e820: [mem 0x00000000e0000000-0x00000000efffffff] reserved
[    0.000000] BIOS-e820: [mem 0x00000000fd000000-0x00000000ffffffff] reserved
[    0.000000] BIOS-e820: [mem 0x0000000100000000-0x000000167e17ffff] usable
[    0.000000] BIOS-e820: [mem 0x000000167f1c0000-0x00000018a01fffff] reserved
[    0.000000] NX (Execute Disable) protection: active
[    0.000000] APIC: Static calls initialized
[    0.000000] efi: EFI v2.9 by American Megatrends
[    0.000000] efi: ACPI=0x70064000 ACPI 2.0=0x70064014 TPMFinalLog=0x70033000 SMBIOS=0x77e68000 SMBIOS 3.0=0x77e67000 MEMATTR=0x631ec018 ESRT=0x65234d18 MOKvar=0x77e53000 RNG=0x6e026018 TPMEventLog=0x6e01b018 
[    0.000000] random: crng init done
[    0.000000] efi: Remove mem63: MMIO range=[0xe0000000-0xefffffff] (256MB) from e820 map
[    0.000000] e820: remove [mem 0xe0000000-0xefffffff] reserved
[    0.000000] efi: Remove mem64: MMIO range=[0xfd000000-0xfedfffff] (30MB) from e820 map
[    0.000000] e820: remove [mem 0xfd000000-0xfedfffff] reserved
[    0.000000] efi: Not removing mem65: MMIO range=[0xfee00000-0xfee00fff] (4KB) from e820 map
[    0.000000] efi: Remove mem66: MMIO range=[0xfee01000-0xffffffff] (17MB) from e820 map
[    0.000000] e820: remove [mem 0xfee01000-0xffffffff] reserved
[    0.000000] efi: Remove mem68: MMIO range=[0x1880000000-0x18a01fffff] (514MB) from e820 map
[    0.000000] e820: remove [mem 0x1880000000-0x18a01fffff] reserved
[    0.000000] SMBIOS 3.7.0 present.
[    0.000000] DMI: Micro Computer (HK) Tech Limited N5 PRO/F8NAA, BIOS 1.04 06/13/2025
[    0.000000] DMI: Memory slots populated: 2/2
[    0.000000] tsc: Fast TSC calibration using PIT
[    0.000000] tsc: Detected 1996.280 MHz processor
[    0.000124] e820: update [mem 0x00000000-0x00000fff] usable ==> reserved
[    0.000126] e820: remove [mem 0x000a0000-0x000fffff] usable
[    0.000130] last_pfn = 0x167e180 max_arch_pfn = 0x400000000
[    0.000136] MTRR map: 6 entries (3 fixed + 3 variable; max 20), built from 9 variable MTRRs
[    0.000138] x86/PAT: Configuration [0-7]: WB  WC  UC- UC  WB  WP  UC- WT  
[    0.000278] last_pfn = 0x79fff max_arch_pfn = 0x400000000
[    0.003508] esrt: Reserving ESRT space from 0x0000000065234d18 to 0x0000000065234d50.
[    0.003514] e820: update [mem 0x65234000-0x65234fff] usable ==> reserved
[    0.003528] Using GB pages for direct mapping
[    0.003699] Secure boot disabled
[    0.003700] RAMDISK: [mem 0x50dc0000-0x54ddffff]
[    0.003704] ACPI: Early table checksum verification disabled
[    0.003707] ACPI: RSDP 0x0000000070064014 000024 (v02 ALASKA)
[    0.003710] ACPI: XSDT 0x0000000070063728 00012C (v01 ALASKA A M I    01072009 AMI  01000013)
[    0.003715] ACPI: FACP 0x000000006E074000 000114 (v06 ALASKA A M I    01072009 AMI  00010013)
[    0.003719] ACPI: DSDT 0x000000006E06C000 007622 (v02 ALASKA A M I    01072009 INTL 20230331)
[    0.003721] ACPI: FACS 0x000000006FA18000 000040
[    0.003722] ACPI: SSDT 0x000000006E076000 0083FE (v02 AMD    AmdTable 00000002 MSFT 04000000)
[    0.003723] ACPI: SSDT 0x000000006E075000 000309 (v02 ALASKA CPUSSDT  01072009 AMI  01072009)
[    0.003725] ACPI: FIDT 0x000000006E06B000 00009C (v01 ALASKA A M I    01072009 AMI  00010013)
[    0.003726] ACPI: MCFG 0x000000006E06A000 00003C (v01 ALASKA A M I    01072009 MSFT 00010013)
[    0.003727] ACPI: HPET 0x000000006E069000 000038 (v01 ALASKA A M I    01072009 AMI  00000005)
[    0.003728] ACPI: UEFI 0x000000006FA16000 000048 (v01 ALASKA A M I    01072009 AMI  01000013)
[    0.003730] ACPI: FPDT 0x000000006E068000 000044 (v01 ALASKA A M I    01072009 AMI  01000013)
[    0.003731] ACPI: ABLT 0x000000006E067000 0002C2 (v00                 00000000      00000000)
[    0.003732] ACPI: VFCT 0x000000006E062000 004484 (v01 ALASKA A M I    00000001 AMD  33504F47)
[    0.003733] ACPI: BGRT 0x000000006E061000 000038 (v01 ALASKA A M I    01072009 AMI  00010013)
[    0.003735] ACPI: SSDT 0x000000006E060000 00021A (v02 AMD    Hetero   00000001 INTL 20230331)
[    0.003736] ACPI: PCCT 0x000000006E05F000 0000D4 (v02 AMD    AmdTable 00000001 AMD  00000001)
[    0.003737] ACPI: SSDT 0x000000006E057000 007EA6 (v02 AMD    AMD CPU  00000001 AMD  00000001)
[    0.003738] ACPI: TPM2 0x000000006E056000 00004C (v04 ALASKA A M I    00000001 AMI  00000000)
[    0.003739] ACPI: SSDT 0x000000006E054000 00169E (v02 AMD    CPMDFIG2 00000001 INTL 20230331)
[    0.003740] ACPI: SSDT 0x000000006E051000 002AA6 (v02 AMD    CDFAAIG2 00000001 INTL 20230331)
[    0.003742] ACPI: SSDT 0x000000006E04F000 001D2D (v02 AMD    OEMACP   00000001 INTL 20230331)
[    0.003743] ACPI: SSDT 0x000000006E04E000 000A70 (v02 AMD    OEMPMF   00000001 INTL 20230331)
[    0.003744] ACPI: SSDT 0x000000006E044000 009A53 (v02 AMD    CPMCMN   00000001 INTL 20230331)
[    0.003745] ACPI: SSDT 0x000000006E041000 0023E0 (v02 AMD    AOD      00000001 INTL 20230331)
[    0.003746] ACPI: APIC 0x000000006E03F000 000128 (v06 ALASKA A M I    01072009 AMI  00010013)
[    0.003747] ACPI: IVRS 0x000000006E03E000 0001BE (v02 AMD    AmdTable 00000001 AMD  00000001)
[    0.003749] ACPI: SSDT 0x000000006E03D000 00096A (v02 AMD    CPMMSOSC 00000001 INTL 20230331)
[    0.003750] ACPI: SSDT 0x000000006E03C000 000F5C (v02 AMD    CPMACPV8 00000001 INTL 20230331)
[    0.003751] ACPI: SSDT 0x000000006E03B000 000500 (v02 AMD    MEMTOOL0 00000002 INTL 20230331)
[    0.003752] ACPI: SSDT 0x000000006E03A000 0008ED (v02 AMD    THERMAL0 00000001 INTL 20230331)
[    0.003753] ACPI: SSDT 0x000000006E038000 00101C (v02 AMD    GPP_PME_ 00000001 INTL 20230331)
[    0.003754] ACPI: SSDT 0x000000006E02E000 00972B (v02 AMD    INTGPPC_ 00000001 INTL 20230331)
[    0.003756] ACPI: SSDT 0x000000006E029000 004608 (v02 AMD    INTGPPA_ 00000001 INTL 20230331)
[    0.003757] ACPI: SSDT 0x000000006E028000 000A04 (v02 AMD    CPMGPIO0 00000001 INTL 20230331)
[    0.003758] ACPI: SSDT 0x000000006E027000 000509 (v02 AMD    CPMSFAML 00000001 INTL 20230331)
[    0.003759] ACPI: WSMT 0x000000006E040000 000028 (v01 ALASKA A M I    01072009 AMI  00010013)
[    0.003760] ACPI: Reserving FACP table memory at [mem 0x6e074000-0x6e074113]
[    0.003761] ACPI: Reserving DSDT table memory at [mem 0x6e06c000-0x6e073621]
[    0.003761] ACPI: Reserving FACS table memory at [mem 0x6fa18000-0x6fa1803f]
[    0.003761] ACPI: Reserving SSDT table memory at [mem 0x6e076000-0x6e07e3fd]
[    0.003762] ACPI: Reserving SSDT table memory at [mem 0x6e075000-0x6e075308]
[    0.003762] ACPI: Reserving FIDT table memory at [mem 0x6e06b000-0x6e06b09b]
[    0.003762] ACPI: Reserving MCFG table memory at [mem 0x6e06a000-0x6e06a03b]
[    0.003762] ACPI: Reserving HPET table memory at [mem 0x6e069000-0x6e069037]
[    0.003763] ACPI: Reserving UEFI table memory at [mem 0x6fa16000-0x6fa16047]
[    0.003763] ACPI: Reserving FPDT table memory at [mem 0x6e068000-0x6e068043]
[    0.003763] ACPI: Reserving ABLT table memory at [mem 0x6e067000-0x6e0672c1]
[    0.003763] ACPI: Reserving VFCT table memory at [mem 0x6e062000-0x6e066483]
[    0.003764] ACPI: Reserving BGRT table memory at [mem 0x6e061000-0x6e061037]
[    0.003764] ACPI: Reserving SSDT table memory at [mem 0x6e060000-0x6e060219]
[    0.003764] ACPI: Reserving PCCT table memory at [mem 0x6e05f000-0x6e05f0d3]
[    0.003764] ACPI: Reserving SSDT table memory at [mem 0x6e057000-0x6e05eea5]
[    0.003764] ACPI: Reserving TPM2 table memory at [mem 0x6e056000-0x6e05604b]
[    0.003765] ACPI: Reserving SSDT table memory at [mem 0x6e054000-0x6e05569d]
[    0.003765] ACPI: Reserving SSDT table memory at [mem 0x6e051000-0x6e053aa5]
[    0.003765] ACPI: Reserving SSDT table memory at [mem 0x6e04f000-0x6e050d2c]
[    0.003765] ACPI: Reserving SSDT table memory at [mem 0x6e04e000-0x6e04ea6f]
[    0.003766] ACPI: Reserving SSDT table memory at [mem 0x6e044000-0x6e04da52]
[    0.003766] ACPI: Reserving SSDT table memory at [mem 0x6e041000-0x6e0433df]
[    0.003766] ACPI: Reserving APIC table memory at [mem 0x6e03f000-0x6e03f127]
[    0.003766] ACPI: Reserving IVRS table memory at [mem 0x6e03e000-0x6e03e1bd]
[    0.003767] ACPI: Reserving SSDT table memory at [mem 0x6e03d000-0x6e03d969]
[    0.003767] ACPI: Reserving SSDT table memory at [mem 0x6e03c000-0x6e03cf5b]
[    0.003767] ACPI: Reserving SSDT table memory at [mem 0x6e03b000-0x6e03b4ff]
[    0.003767] ACPI: Reserving SSDT table memory at [mem 0x6e03a000-0x6e03a8ec]
[    0.003768] ACPI: Reserving SSDT table memory at [mem 0x6e038000-0x6e03901b]
[    0.003768] ACPI: Reserving SSDT table memory at [mem 0x6e02e000-0x6e03772a]
[    0.003768] ACPI: Reserving SSDT table memory at [mem 0x6e029000-0x6e02d607]
[    0.003768] ACPI: Reserving SSDT table memory at [mem 0x6e028000-0x6e028a03]
[    0.003769] ACPI: Reserving SSDT table memory at [mem 0x6e027000-0x6e027508]
[    0.003769] ACPI: Reserving WSMT table memory at [mem 0x6e040000-0x6e040027]
[    0.003840] No NUMA configuration found
[    0.003841] Faking a node at [mem 0x0000000000000000-0x000000167e17ffff]
[    0.003846] NODE_DATA(0) allocated [mem 0x167e155280-0x167e17ffff]
[    0.003973] Zone ranges:
[    0.003974]   DMA      [mem 0x0000000000001000-0x0000000000ffffff]
[    0.003975]   DMA32    [mem 0x0000000001000000-0x00000000ffffffff]
[    0.003976]   Normal   [mem 0x0000000100000000-0x000000167e17ffff]
[    0.003976]   Device   empty
[    0.003977] Movable zone start for each node
[    0.003977] Early memory node ranges
[    0.003978]   node   0: [mem 0x0000000000001000-0x000000000009ffff]
[    0.003978]   node   0: [mem 0x0000000000100000-0x0000000009a7efff]
[    0.003979]   node   0: [mem 0x000000000a000000-0x000000000a1fffff]
[    0.003979]   node   0: [mem 0x000000000a23c000-0x0000000067f7efff]
[    0.003979]   node   0: [mem 0x00000000781ff000-0x0000000079ff6fff]
[    0.003980]   node   0: [mem 0x0000000079ffd000-0x0000000079ffefff]
[    0.003980]   node   0: [mem 0x0000000100000000-0x000000167e17ffff]
[    0.003984] Initmem setup node 0 [mem 0x0000000000001000-0x000000167e17ffff]
[    0.003988] On node 0, zone DMA: 1 pages in unavailable ranges
[    0.003995] On node 0, zone DMA: 96 pages in unavailable ranges
[    0.004038] On node 0, zone DMA32: 1409 pages in unavailable ranges
[    0.004671] On node 0, zone DMA32: 60 pages in unavailable ranges
[    0.004691] On node 0, zone DMA32: 640 pages in unavailable ranges
[    0.004691] On node 0, zone DMA32: 6 pages in unavailable ranges
[    0.054167] On node 0, zone Normal: 24577 pages in unavailable ranges
[    0.054187] On node 0, zone Normal: 7808 pages in unavailable ranges
[    0.054501] ACPI: PM-Timer IO Port: 0x808
[    0.054512] ACPI: LAPIC_NMI (acpi_id[0xff] high edge lint[0x1])
[    0.054524] IOAPIC[0]: apic_id 33, version 33, address 0xfec00000, GSI 0-23
[    0.054529] IOAPIC[1]: apic_id 34, version 33, address 0xfec01000, GSI 24-55
[    0.054531] ACPI: INT_SRC_OVR (bus 0 bus_irq 0 global_irq 2 dfl dfl)
[    0.054532] ACPI: INT_SRC_OVR (bus 0 bus_irq 1 global_irq 1 low edge)
[    0.054533] ACPI: INT_SRC_OVR (bus 0 bus_irq 9 global_irq 9 low level)
[    0.054536] ACPI: Using ACPI (MADT) for SMP configuration information
[    0.054537] ACPI: HPET id: 0x10228201 base: 0xfed00000
[    0.054546] e820: update [mem 0x626e6000-0x6277efff] usable ==> reserved
[    0.054557] CPU topo: Max. logical packages:   1
[    0.054557] CPU topo: Max. logical nodes:      1
[    0.054558] CPU topo: Num. nodes per package:  1
[    0.054559] CPU topo: Max. logical dies:       1
[    0.054559] CPU topo: Max. dies per package:   1
[    0.054561] CPU topo: Max. threads per core:   2
[    0.054561] CPU topo: Num. cores per package:    12
[    0.054562] CPU topo: Num. threads per package:  24
[    0.054562] CPU topo: Allowing 24 present CPUs plus 0 hotplug CPUs
[    0.054575] PM: hibernation: Registered nosave memory: [mem 0x00000000-0x00000fff]
[    0.054576] PM: hibernation: Registered nosave memory: [mem 0x000a0000-0x000fffff]
[    0.054577] PM: hibernation: Registered nosave memory: [mem 0x09a7f000-0x09ffffff]
[    0.054577] PM: hibernation: Registered nosave memory: [mem 0x0a200000-0x0a23bfff]
[    0.054578] PM: hibernation: Registered nosave memory: [mem 0x626e6000-0x6277efff]
[    0.054579] PM: hibernation: Registered nosave memory: [mem 0x65234000-0x65234fff]
[    0.054579] PM: hibernation: Registered nosave memory: [mem 0x67f7f000-0x781fefff]
[    0.054580] PM: hibernation: Registered nosave memory: [mem 0x79ff7000-0x79ffcfff]
[    0.054580] PM: hibernation: Registered nosave memory: [mem 0x79fff000-0xffffffff]
[    0.054582] [mem 0x80000000-0xfedfffff] available for PCI devices
[    0.054582] Booting paravirtualized kernel on bare hardware
[    0.054584] clocksource: refined-jiffies: mask: 0xffffffff max_cycles: 0xffffffff, max_idle_ns: 1910969940391419 ns
[    0.058739] setup_percpu: NR_CPUS:8192 nr_cpumask_bits:24 nr_cpu_ids:24 nr_node_ids:1
[    0.059246] percpu: Embedded 84 pages/cpu s221184 r8192 d114688 u524288
[    0.059252] pcpu-alloc: s221184 r8192 d114688 u524288 alloc=1*2097152
[    0.059253] pcpu-alloc: [0] 00 01 02 03 [0] 04 05 06 07 
[    0.059255] pcpu-alloc: [0] 08 09 10 11 [0] 12 13 14 15 
[    0.059257] pcpu-alloc: [0] 16 17 18 19 [0] 20 21 22 23 
[    0.059267] Kernel command line: BOOT_IMAGE=(hd2,gpt2)/vmlinuz-6.19.9-jmb585fix root=UUID=7e68572e-c329-46b9-acfb-ebd45df85463 ro rootflags=subvol=root rhgb quiet random.trust_cpu=off pcie_aspm=off amd_iommu=pgtbl_v2
[    0.059319] PCIe ASPM is disabled
[    0.059327] Unknown kernel command line parameters "rhgb", will be passed to user space.
[    0.059339] printk: log buffer data + meta data: 262144 + 917504 = 1179648 bytes
[    0.061572] Dentry cache hash table entries: 8388608 (order: 14, 67108864 bytes, linear)
[    0.062670] Inode-cache hash table entries: 4194304 (order: 13, 33554432 bytes, linear)
[    0.062802] software IO TLB: area num 32.
[    0.067393] Fallback order for Node 0: 0 
[    0.067400] Built 1 zonelists, mobility grouping on.  Total pages: 22968539
[    0.067401] Policy zone: Normal
[    0.067491] mem auto-init: stack:all(zero), heap alloc:on, heap free:off
[    0.139130] SLUB: HWalign=64, Order=0-3, MinObjects=0, CPUs=24, Nodes=1
[    0.149515] ftrace: allocating 62771 entries in 248 pages
[    0.149516] ftrace: allocated 248 pages with 5 groups
[    0.150009] Dynamic Preempt: lazy
[    0.150068] rcu: Preemptible hierarchical RCU implementation.
[    0.150069] rcu: 	RCU event tracing is enabled.
[    0.150069] rcu: 	RCU restricting CPUs from NR_CPUS=8192 to nr_cpu_ids=24.
[    0.150070] 	Trampoline variant of Tasks RCU enabled.
[    0.150071] 	Rude variant of Tasks RCU enabled.
[    0.150071] 	Tracing variant of Tasks RCU enabled.
[    0.150071] rcu: RCU calculated value of scheduler-enlistment delay is 100 jiffies.
[    0.150072] rcu: Adjusting geometry for rcu_fanout_leaf=16, nr_cpu_ids=24
[    0.150082] RCU Tasks: Setting shift to 5 and lim to 1 rcu_task_cb_adjust=1 rcu_task_cpu_ids=24.
[    0.150084] RCU Tasks Rude: Setting shift to 5 and lim to 1 rcu_task_cb_adjust=1 rcu_task_cpu_ids=24.
[    0.150085] RCU Tasks Trace: Setting shift to 5 and lim to 1 rcu_task_cb_adjust=1 rcu_task_cpu_ids=24.
[    0.152635] NR_IRQS: 524544, nr_irqs: 1160, preallocated irqs: 16
[    0.152826] rcu: srcu_init: Setting srcu_struct sizes based on contention.
[    0.152925] kfence: initialized - using 2097152 bytes for 255 objects at 0x(____ptrval____)-0x(____ptrval____)
[    0.152961] Console: colour dummy device 80x25
[    0.152963] printk: legacy console [tty0] enabled
[    0.152989] ACPI: Core revision 20250807
[    0.153138] clocksource: hpet: mask: 0xffffffff max_cycles: 0xffffffff, max_idle_ns: 133484873504 ns
[    0.153156] APIC: Switch to symmetric I/O mode setup
[    0.153336] AMD-Vi: ivrs, add hid:AMDI0020, uid:ID00, rdevid:0xa0
[    0.153337] AMD-Vi: ivrs, add hid:AMDI0020, uid:ID01, rdevid:0xa0
[    0.153338] AMD-Vi: ivrs, add hid:AMDI0020, uid:ID02, rdevid:0xa0
[    0.153338] AMD-Vi: ivrs, add hid:AMDI0020, uid:ID03, rdevid:0x98
[    0.153338] AMD-Vi: ivrs, add hid:AMDI0020, uid:ID04, rdevid:0x98
[    0.153339] AMD-Vi: Using global IVHD EFR:0x246577efa2254afa, EFR2:0x10
[    0.154490] ..TIMER: vector=0x30 apic1=0 pin1=2 apic2=-1 pin2=-1
[    0.159160] clocksource: tsc-early: mask: 0xffffffffffffffff max_cycles: 0x398ce811d86, max_idle_ns: 881590489199 ns
[    0.159163] Calibrating delay loop (skipped), value calculated using timer frequency.. 3992.56 BogoMIPS (lpj=1996280)
[    0.159178] RDSEED32 is broken. Disabling the corresponding CPUID bit.
[    0.159184] x86/cpu: User Mode Instruction Prevention (UMIP) activated
[    0.159219] LVT offset 1 assigned for vector 0xf9
[    0.159219] LVT offset 2 assigned for vector 0xf4
[    0.159465] Last level iTLB entries: 4KB 64, 2MB 64, 4MB 32
[    0.159466] Last level dTLB entries: 4KB 128, 2MB 128, 4MB 64, 1GB 0
[    0.159469] process: using mwait in idle threads
[    0.159471] mitigations: Enabled attack vectors: user_kernel, user_user, guest_host, guest_guest, SMT mitigations: auto
[    0.159473] Speculative Store Bypass: Mitigation: Speculative Store Bypass disabled via prctl
[    0.159474] Spectre V2 : Mitigation: Enhanced / Automatic IBRS
[    0.159475] Spectre V2 : User space: Mitigation: STIBP always-on protection
[    0.159475] Speculative Return Stack Overflow: Mitigation: IBPB on VMEXIT only
[    0.159476] VMSCAPE: Mitigation: IBPB on VMEXIT
[    0.159476] Spectre V1 : Mitigation: usercopy/swapgs barriers and __user pointer sanitization
[    0.159478] Spectre V2 : mitigation: Enabling conditional Indirect Branch Prediction Barrier
[    0.159485] x86/fpu: Supporting XSAVE feature 0x001: 'x87 floating point registers'
[    0.159486] x86/fpu: Supporting XSAVE feature 0x002: 'SSE registers'
[    0.159486] x86/fpu: Supporting XSAVE feature 0x004: 'AVX registers'
[    0.159487] x86/fpu: Supporting XSAVE feature 0x020: 'AVX-512 opmask'
[    0.159487] x86/fpu: Supporting XSAVE feature 0x040: 'AVX-512 Hi256'
[    0.159488] x86/fpu: Supporting XSAVE feature 0x080: 'AVX-512 ZMM_Hi256'
[    0.159488] x86/fpu: Supporting XSAVE feature 0x200: 'Protection Keys User registers'
[    0.159489] x86/fpu: Supporting XSAVE feature 0x800: 'Control-flow User registers'
[    0.159489] x86/fpu: Supporting XSAVE feature 0x1000: 'Control-flow Kernel registers (KVM only)'
[    0.159490] x86/fpu: xstate_offset[2]:  576, xstate_sizes[2]:  256
[    0.159491] x86/fpu: xstate_offset[5]:  832, xstate_sizes[5]:   64
[    0.159492] x86/fpu: xstate_offset[6]:  896, xstate_sizes[6]:  512
[    0.159492] x86/fpu: xstate_offset[7]: 1408, xstate_sizes[7]: 1024
[    0.159493] x86/fpu: xstate_offset[9]: 2432, xstate_sizes[9]:    8
[    0.159493] x86/fpu: xstate_offset[11]: 2440, xstate_sizes[11]:   16
[    0.159494] x86/fpu: xstate_offset[12]: 2456, xstate_sizes[12]:   24
[    0.159494] x86/fpu: Enabled xstate features 0x1ae7, context size is 2480 bytes, using 'compacted' format.
[    0.180987] Freeing SMP alternatives memory: 56K
[    0.180989] pid_max: default: 32768 minimum: 301
[    0.181037] Yama: becoming mindful.
[    0.181041] SELinux:  Initializing.
[    0.181260] LSM support for eBPF active
[    0.181272] landlock: Up and running.
[    0.181334] Mount-cache hash table entries: 131072 (order: 8, 1048576 bytes, linear)
[    0.181369] Mountpoint-cache hash table entries: 131072 (order: 8, 1048576 bytes, linear)
[    0.283747] smpboot: CPU0: AMD Ryzen AI 9 HX PRO 370 w/ Radeon 890M (family: 0x1a, model: 0x24, stepping: 0x0)
[    0.283853] Performance Events: Fam17h+ 16-deep LBR, core perfctr, AMD PMU driver.
[    0.283879] ... version:                   2
[    0.283879] ... bit width:                 48
[    0.283880] ... generic counters:          6
[    0.283880] ... generic bitmap:            000000000000003f
[    0.283880] ... fixed-purpose counters:    0
[    0.283881] ... fixed-purpose bitmap:      0000000000000000
[    0.283881] ... value mask:                0000ffffffffffff
[    0.283881] ... max period:                00007fffffffffff
[    0.283882] ... global_ctrl mask:          000000000000003f
[    0.283973] signal: max sigframe size: 3376
[    0.283990] rcu: Hierarchical SRCU implementation.
[    0.283991] rcu: 	Max phase no-delay instances is 400.
[    0.284012] Timer migration: 2 hierarchy levels; 8 children per group; 2 crossnode level
[    0.284162] NMI watchdog: Enabled. Permanently consumes one hw-PMU counter.
[    0.284162] smp: Bringing up secondary CPUs ...
[    0.284162] smpboot: x86: Booting SMP configuration:
[    0.284162] .... node  #0, CPUs:        #1  #2  #3  #4  #5  #6  #7  #8  #9 #10 #11 #12 #13 #14 #15 #16 #17 #18 #19 #20 #21 #22 #23
[    0.288632] Spectre V2 : Update user space SMT mitigation: STIBP always-on
[    0.290239] smp: Brought up 1 node, 24 CPUs
[    0.290239] smpboot: Total of 24 processors activated (95821.44 BogoMIPS)
[    0.291307] Memory: 90037744K/91874156K available (22321K kernel code, 4575K rwdata, 10776K rodata, 5168K init, 5924K bss, 1803336K reserved, 0K cma-reserved)
[    0.292519] devtmpfs: initialized
[    0.292519] x86/mm: Memory block size: 2048MB
[    0.293182] ACPI: PM: Registering ACPI NVS region [mem 0x0a200000-0x0a23bfff] (245760 bytes)
[    0.293184] ACPI: PM: Registering ACPI NVS region [mem 0x6e07f000-0x7007efff] (33554432 bytes)
[    0.293331] clocksource: jiffies: mask: 0xffffffff max_cycles: 0xffffffff, max_idle_ns: 1911260446275000 ns
[    0.293331] posixtimers hash table entries: 16384 (order: 6, 262144 bytes, linear)
[    0.293331] futex hash table entries: 8192 (524288 bytes on 1 NUMA nodes, total 512 KiB, linear).
[    0.293336] PM: RTC time: 21:09:37, date: 2026-03-27
[    0.293537] NET: Registered PF_NETLINK/PF_ROUTE protocol family
[    0.293720] DMA: preallocated 4096 KiB GFP_KERNEL pool for atomic allocations
[    0.293841] DMA: preallocated 4096 KiB GFP_KERNEL|GFP_DMA pool for atomic allocations
[    0.294193] DMA: preallocated 4096 KiB GFP_KERNEL|GFP_DMA32 pool for atomic allocations
[    0.294199] audit: initializing netlink subsys (disabled)
[    0.294203] audit: type=2000 audit(1774645777.140:1): state=initialized audit_enabled=0 res=1
[    0.294220] thermal_sys: Registered thermal governor 'fair_share'
[    0.294222] thermal_sys: Registered thermal governor 'bang_bang'
[    0.294223] thermal_sys: Registered thermal governor 'step_wise'
[    0.294223] thermal_sys: Registered thermal governor 'user_space'
[    0.294237] cpuidle: using governor menu
[    0.294303] Detected 1 PCC Subspaces
[    0.294304] Registering PCC driver as Mailbox controller
[    0.295569] efi: Freeing EFI boot services memory: 65732K
[    0.295572] acpiphp: ACPI Hot Plug PCI Controller Driver version: 0.5
[    0.295638] PCI: ECAM [mem 0xe0000000-0xefffffff] (base 0xe0000000) for domain 0000 [bus 00-ff]
[    0.295644] PCI: Using configuration type 1 for base access
[    0.295722] kprobes: kprobe jump-optimization is enabled. All kprobes are optimized if possible.
[    0.296178] HugeTLB: registered 1.00 GiB page size, pre-allocated 0 pages
[    0.296180] HugeTLB: 16380 KiB vmemmap can be freed for a 1.00 GiB page
[    0.296181] HugeTLB: registered 2.00 MiB page size, pre-allocated 0 pages
[    0.296181] HugeTLB: 28 KiB vmemmap can be freed for a 2.00 MiB page
[    0.297220] raid6: skipped pq benchmark and selected avx512x4
[    0.297221] raid6: using avx512x2 recovery algorithm
[    0.297255] fbcon: Taking over console
[    0.297277] ACPI: Added _OSI(Module Device)
[    0.297277] ACPI: Added _OSI(Processor Device)
[    0.297278] ACPI: Added _OSI(Processor Aggregator Device)
[    0.306969] ACPI: 20 ACPI AML tables successfully acquired and loaded
[    0.313375] ACPI: USB4 _OSC: OS supports USB3+ DisplayPort+ PCIe+ XDomain+
[    0.313377] ACPI: USB4 _OSC: OS controls USB3+ DisplayPort+ PCIe+ XDomain+
[    0.313575] ACPI: Interpreter enabled
[    0.313575] ACPI: PM: (supports S0 S4 S5)
[    0.313575] ACPI: Using IOAPIC for interrupt routing
[    0.313751] PCI: Using host bridge windows from ACPI; if necessary, use "pci=nocrs" and report a bug
[    0.313752] PCI: Ignoring E820 reservations for host bridge windows
[    0.313910] ACPI: Enabled 3 GPEs in block 00 to 1F
[    0.314966] ACPI: \_SB_.PCI0.GPP0.PWRS: New power resource
[    0.315443] ACPI: \_SB_.PCI0.GPP0.SWUS.PWRS: New power resource
[    0.315915] ACPI: \_SB_.PCI0.GPP1.PWRS: New power resource
[    0.316374] ACPI: \_SB_.PCI0.GPP1.SWUS.PWRS: New power resource
[    0.316586] ACPI: \_SB_.PCI0.GPPA.PWRS: New power resource
[    0.316682] ACPI: \_SB_.PCI0.GPPA.VGA_.PWRS: New power resource
[    0.316813] ACPI: \_SB_.PCI0.GPPA.ACP_.PWRS: New power resource
[    0.316944] ACPI: \_SB_.PCI0.GPPA.AZAL.PWRS: New power resource
[    0.317084] ACPI: \_SB_.PCI0.GPPA.HDAU.PWRS: New power resource
[    0.317245] ACPI: \_SB_.PCI0.GPPA.XHC1.PWRS: New power resource
[    0.317749] ACPI: \_SB_.PCI0.GPPC.XHC0.PWRS: New power resource
[    0.318674] ACPI: \_SB_.PCI0.GPPC.XHC3.PWRS: New power resource
[    0.319158] ACPI: \_SB_.PCI0.GPPC.XHC4.PWRS: New power resource
[    0.319643] ACPI: \_SB_.PCI0.GPPC.NHI0.PWRS: New power resource
[    0.319934] ACPI: \_SB_.PCI0.GPPC.NHI1.PWRS: New power resource
[    0.322224] ACPI: PCI Root Bridge [PCI0] (domain 0000 [bus 00-ff])
[    0.322228] acpi PNP0A08:00: _OSC: OS supports [ExtendedConfig Segments MSI EDR HPX-Type3]
[    0.322229] acpi PNP0A08:00: _OSC: not requesting OS control; OS requires [ExtendedConfig ASPM ClockPM MSI]
[    0.322504] PCI host bridge to bus 0000:00
[    0.322505] pci_bus 0000:00: root bus resource [io  0x0000-0x03af window]
[    0.322506] pci_bus 0000:00: root bus resource [io  0x03e0-0x0cf7 window]
[    0.322507] pci_bus 0000:00: root bus resource [io  0x03b0-0x03df window]
[    0.322507] pci_bus 0000:00: root bus resource [io  0x0d00-0xffff window]
[    0.322508] pci_bus 0000:00: root bus resource [mem 0x000a0000-0x000dffff window]
[    0.322509] pci_bus 0000:00: root bus resource [mem 0x80000000-0xdfffffff window]
[    0.322509] pci_bus 0000:00: root bus resource [mem 0xf0000000-0xfcffffff window]
[    0.322510] pci_bus 0000:00: root bus resource [mem 0x1880000000-0x7fffffffff window]
[    0.322511] pci_bus 0000:00: root bus resource [bus 00-ff]
[    0.322523] pci 0000:00:00.0: [1022:1507] type 00 class 0x060000 conventional PCI endpoint
[    0.322598] pci 0000:00:00.2: [1022:1508] type 00 class 0x080600 conventional PCI endpoint
[    0.322677] pci 0000:00:01.0: [1022:1509] type 00 class 0x060000 conventional PCI endpoint
[    0.322733] pci 0000:00:01.1: [1022:150a] type 01 class 0x060400 PCIe Root Port
[    0.322789] pci 0000:00:01.1: PCI bridge to [bus 01-60]
[    0.322794] pci 0000:00:01.1:   bridge window [io  0xa000-0xdfff]
[    0.322796] pci 0000:00:01.1:   bridge window [mem 0xc4000000-0xdbffffff]
[    0.322815] pci 0000:00:01.1:   bridge window [mem 0x5800000000-0x77ffffffff 64bit pref]
[    0.322824] pci 0000:00:01.1: enabling Extended Tags
[    0.322907] pci 0000:00:01.1: PME# supported from D0 D3hot D3cold
[    0.323473] pci 0000:00:01.2: [1022:150a] type 01 class 0x060400 PCIe Root Port
[    0.323552] pci 0000:00:01.2: PCI bridge to [bus 61-c0]
[    0.323557] pci 0000:00:01.2:   bridge window [io  0x6000-0x9fff]
[    0.323558] pci 0000:00:01.2:   bridge window [mem 0xac000000-0xc3ffffff]
[    0.323579] pci 0000:00:01.2:   bridge window [mem 0x3800000000-0x57ffffffff 64bit pref]
[    0.323587] pci 0000:00:01.2: enabling Extended Tags
[    0.323670] pci 0000:00:01.2: PME# supported from D0 D3hot D3cold
[    0.324206] pci 0000:00:02.0: [1022:1509] type 00 class 0x060000 conventional PCI endpoint
[    0.324254] pci 0000:00:02.1: [1022:150b] type 01 class 0x060400 PCIe Root Port
[    0.324269] pci 0000:00:02.1: PCI bridge to [bus c1]
[    0.324274] pci 0000:00:02.1:   bridge window [mem 0xdd400000-0xdd4fffff]
[    0.324287] pci 0000:00:02.1: enabling Extended Tags
[    0.324341] pci 0000:00:02.1: PME# supported from D0 D3hot D3cold
[    0.324447] pci 0000:00:02.2: [1022:150b] type 01 class 0x060400 PCIe Root Port
[    0.324463] pci 0000:00:02.2: PCI bridge to [bus c2]
[    0.324467] pci 0000:00:02.2:   bridge window [mem 0xdd300000-0xdd3fffff]
[    0.324480] pci 0000:00:02.2: enabling Extended Tags
[    0.324534] pci 0000:00:02.2: PME# supported from D0 D3hot D3cold
[    0.324650] pci 0000:00:02.4: [1022:150b] type 01 class 0x060400 PCIe Root Port
[    0.324665] pci 0000:00:02.4: PCI bridge to [bus c3]
[    0.324670] pci 0000:00:02.4:   bridge window [mem 0xdc000000-0xdc4fffff]
[    0.324735] pci 0000:00:02.4: PME# supported from D0 D3hot D3cold
[    0.324843] pci 0000:00:02.5: [1022:150b] type 01 class 0x060400 PCIe Root Port
[    0.324858] pci 0000:00:02.5: PCI bridge to [bus c4]
[    0.324862] pci 0000:00:02.5:   bridge window [io  0xf000-0xffff]
[    0.324864] pci 0000:00:02.5:   bridge window [mem 0xdd200000-0xdd2fffff]
[    0.324876] pci 0000:00:02.5: enabling Extended Tags
[    0.324930] pci 0000:00:02.5: PME# supported from D0 D3hot D3cold
[    0.325038] pci 0000:00:03.0: [1022:1509] type 00 class 0x060000 conventional PCI endpoint
[    0.325092] pci 0000:00:08.0: [1022:1509] type 00 class 0x060000 conventional PCI endpoint
[    0.325139] pci 0000:00:08.1: [1022:150c] type 01 class 0x060400 PCIe Root Port
[    0.325150] pci 0000:00:08.1: PCI bridge to [bus c5]
[    0.325153] pci 0000:00:08.1:   bridge window [io  0xe000-0xefff]
[    0.325154] pci 0000:00:08.1:   bridge window [mem 0xdc600000-0xdcbfffff]
[    0.325158] pci 0000:00:08.1:   bridge window [mem 0x7800000000-0x780fffffff 64bit pref]
[    0.325166] pci 0000:00:08.1: enabling Extended Tags
[    0.325198] pci 0000:00:08.1: PME# supported from D0 D3hot D3cold
[    0.325310] pci 0000:00:08.2: [1022:150c] type 01 class 0x060400 PCIe Root Port
[    0.325329] pci 0000:00:08.2: PCI bridge to [bus c6]
[    0.325333] pci 0000:00:08.2:   bridge window [mem 0xdd000000-0xdd1fffff]
[    0.325337] pci 0000:00:08.2:   bridge window [mem 0x7810000000-0x78100fffff 64bit pref]
[    0.325342] pci 0000:00:08.2: enabling Extended Tags
[    0.325374] pci 0000:00:08.2: PME# supported from D0 D3hot D3cold
[    0.325436] pci 0000:00:08.3: [1022:150c] type 01 class 0x060400 PCIe Root Port
[    0.325447] pci 0000:00:08.3: PCI bridge to [bus c7]
[    0.325451] pci 0000:00:08.3:   bridge window [mem 0xdcc00000-0xdcffffff]
[    0.325460] pci 0000:00:08.3: enabling Extended Tags
[    0.325492] pci 0000:00:08.3: PME# supported from D0 D3hot D3cold
[    0.325630] pci 0000:00:14.0: [1022:790b] type 00 class 0x0c0500 conventional PCI endpoint
[    0.325705] pci 0000:00:14.3: [1022:790e] type 00 class 0x060100 conventional PCI endpoint
[    0.325785] pci 0000:00:18.0: [1022:16f8] type 00 class 0x060000 conventional PCI endpoint
[    0.325803] pci 0000:00:18.1: [1022:16f9] type 00 class 0x060000 conventional PCI endpoint
[    0.325821] pci 0000:00:18.2: [1022:16fa] type 00 class 0x060000 conventional PCI endpoint
[    0.325839] pci 0000:00:18.3: [1022:16fb] type 00 class 0x060000 conventional PCI endpoint
[    0.325856] pci 0000:00:18.4: [1022:16fc] type 00 class 0x060000 conventional PCI endpoint
[    0.325874] pci 0000:00:18.5: [1022:16fd] type 00 class 0x060000 conventional PCI endpoint
[    0.325891] pci 0000:00:18.6: [1022:16fe] type 00 class 0x060000 conventional PCI endpoint
[    0.325910] pci 0000:00:18.7: [1022:16ff] type 00 class 0x060000 conventional PCI endpoint
[    0.325997] pci 0000:00:01.1: PCI bridge to [bus 01-60]
[    0.326076] pci 0000:00:01.2: PCI bridge to [bus 61-c0]
[    0.326132] pci 0000:c1:00.0: [197b:0585] type 00 class 0x010601 PCIe Legacy Endpoint
[    0.326185] pci 0000:c1:00.0: BAR 5 [mem 0xdd410000-0xdd411fff]
[    0.326187] pci 0000:c1:00.0: ROM [mem 0xdd400000-0xdd40ffff pref]
[    0.326263] pci 0000:c1:00.0: PME# supported from D3hot
[    0.326389] pci 0000:00:02.1: PCI bridge to [bus c1]
[    0.326439] pci 0000:c2:00.0: [1e4b:1202] type 00 class 0x010802 PCIe Endpoint
[    0.326473] pci 0000:c2:00.0: BAR 0 [mem 0xdd300000-0xdd303fff 64bit]
[    0.326549] pci 0000:c2:00.0: PME# supported from D0 D3hot D3cold
[    0.326641] pci 0000:c2:00.0: 7.876 Gb/s available PCIe bandwidth, limited by 8.0 GT/s PCIe x1 link at 0000:00:02.2 (capable of 31.504 Gb/s with 8.0 GT/s PCIe x4 link)
[    0.326686] pci 0000:00:02.2: PCI bridge to [bus c2]
[    0.326735] pci 0000:c3:00.0: [1d6a:04c0] type 00 class 0x020000 PCIe Endpoint
[    0.326767] pci 0000:c3:00.0: BAR 0 [mem 0xdc400000-0xdc47ffff 64bit]
[    0.326769] pci 0000:c3:00.0: BAR 2 [mem 0xdc4a0000-0xdc4a0fff 64bit]
[    0.326771] pci 0000:c3:00.0: BAR 4 [mem 0xdc000000-0xdc3fffff 64bit]
[    0.326773] pci 0000:c3:00.0: ROM [mem 0xdc480000-0xdc49ffff pref]
[    0.326852] pci 0000:c3:00.0: supports D1 D2
[    0.326853] pci 0000:c3:00.0: PME# supported from D0 D1 D3hot D3cold
[    0.326991] pci 0000:c3:00.0: 15.753 Gb/s available PCIe bandwidth, limited by 16.0 GT/s PCIe x1 link at 0000:00:02.4 (capable of 63.012 Gb/s with 16.0 GT/s PCIe x4 link)
[    0.327035] pci 0000:00:02.4: PCI bridge to [bus c3]
[    0.327093] pci 0000:c4:00.0: [10ec:8126] type 00 class 0x020000 PCIe Endpoint
[    0.327139] pci 0000:c4:00.0: BAR 0 [io  0xf000-0xf0ff]
[    0.327143] pci 0000:c4:00.0: BAR 2 [mem 0xdd200000-0xdd20ffff 64bit]
[    0.327146] pci 0000:c4:00.0: BAR 4 [mem 0xdd210000-0xdd213fff 64bit]
[    0.327254] pci 0000:c4:00.0: supports D1 D2
[    0.327255] pci 0000:c4:00.0: PME# supported from D0 D1 D2 D3hot D3cold
[    0.327447] pci 0000:00:02.5: PCI bridge to [bus c4]
[    0.327501] pci 0000:c5:00.0: [1002:150e] type 00 class 0x038000 PCIe Legacy Endpoint
[    0.327529] pci 0000:c5:00.0: BAR 0 [mem 0x7800000000-0x780fffffff 64bit pref]
[    0.327530] pci 0000:c5:00.0: BAR 2 [mem 0xdc600000-0xdc7fffff 64bit pref]
[    0.327531] pci 0000:c5:00.0: BAR 4 [io  0xe000-0xe0ff]
[    0.327532] pci 0000:c5:00.0: BAR 5 [mem 0xdcb00000-0xdcb7ffff]
[    0.327537] pci 0000:c5:00.0: enabling Extended Tags
[    0.327591] pci 0000:c5:00.0: PME# supported from D1 D2 D3hot D3cold
[    0.327739] pci 0000:c5:00.1: [1002:1640] type 00 class 0x040300 PCIe Legacy Endpoint
[    0.327760] pci 0000:c5:00.1: BAR 0 [mem 0xdcb88000-0xdcb8bfff]
[    0.327768] pci 0000:c5:00.1: enabling Extended Tags
[    0.327800] pci 0000:c5:00.1: PME# supported from D1 D2 D3hot D3cold
[    0.327900] pci 0000:c5:00.2: [1022:17e0] type 00 class 0x108000 PCIe Endpoint
[    0.327922] pci 0000:c5:00.2: BAR 2 [mem 0xdca00000-0xdcafffff]
[    0.327925] pci 0000:c5:00.2: BAR 5 [mem 0xdcb8e000-0xdcb8ffff]
[    0.327929] pci 0000:c5:00.2: enabling Extended Tags
[    0.328017] pci 0000:c5:00.4: [1022:151e] type 00 class 0x0c0330 PCIe Endpoint
[    0.328040] pci 0000:c5:00.4: BAR 0 [mem 0xdc900000-0xdc9fffff 64bit]
[    0.328047] pci 0000:c5:00.4: enabling Extended Tags
[    0.328082] pci 0000:c5:00.4: PME# supported from D0 D3hot D3cold
[    0.328254] pci 0000:c5:00.6: [1022:15e3] type 00 class 0x040300 PCIe Endpoint
[    0.328276] pci 0000:c5:00.6: BAR 0 [mem 0xdcb80000-0xdcb87fff]
[    0.328283] pci 0000:c5:00.6: enabling Extended Tags
[    0.328316] pci 0000:c5:00.6: PME# supported from D0 D3hot D3cold
[    0.328415] pci 0000:c5:00.7: [1022:164a] type 00 class 0x118000 PCIe Endpoint
[    0.328437] pci 0000:c5:00.7: BAR 2 [mem 0xdc800000-0xdc8fffff]
[    0.328440] pci 0000:c5:00.7: BAR 5 [mem 0xdcb8c000-0xdcb8dfff]
[    0.328444] pci 0000:c5:00.7: enabling Extended Tags
[    0.328520] pci 0000:00:08.1: PCI bridge to [bus c5]
[    0.328550] pci 0000:c6:00.0: [1022:150d] type 00 class 0x130000 PCIe Endpoint
[    0.328578] pci 0000:c6:00.0: enabling Extended Tags
[    0.328691] pci 0000:c6:00.1: [1022:17f0] type 00 class 0x118000 PCIe Endpoint
[    0.328717] pci 0000:c6:00.1: BAR 0 [mem 0xdd000000-0xdd0fffff]
[    0.328718] pci 0000:c6:00.1: BAR 1 [mem 0xdd100000-0xdd101fff]
[    0.328720] pci 0000:c6:00.1: BAR 2 [mem 0x7810000000-0x781007ffff 64bit pref]
[    0.328721] pci 0000:c6:00.1: BAR 4 [mem 0xdd103000-0xdd103fff]
[    0.328722] pci 0000:c6:00.1: BAR 5 [mem 0xdd102000-0xdd102fff]
[    0.328726] pci 0000:c6:00.1: enabling Extended Tags
[    0.328815] pci 0000:00:08.2: PCI bridge to [bus c6]
[    0.328853] pci 0000:c7:00.0: [1022:151f] type 00 class 0x0c0330 PCIe Endpoint
[    0.328877] pci 0000:c7:00.0: BAR 0 [mem 0xdce00000-0xdcefffff 64bit]
[    0.328883] pci 0000:c7:00.0: enabling Extended Tags
[    0.328927] pci 0000:c7:00.0: PME# supported from D0 D3hot D3cold
[    0.329122] pci 0000:c7:00.3: [1022:151a] type 00 class 0x0c0330 PCIe Endpoint
[    0.329146] pci 0000:c7:00.3: BAR 0 [mem 0xdcd00000-0xdcdfffff 64bit]
[    0.329152] pci 0000:c7:00.3: enabling Extended Tags
[    0.329188] pci 0000:c7:00.3: PME# supported from D0 D3hot D3cold
[    0.329356] pci 0000:c7:00.4: [1022:151b] type 00 class 0x0c0330 PCIe Endpoint
[    0.329379] pci 0000:c7:00.4: BAR 0 [mem 0xdcc00000-0xdccfffff 64bit]
[    0.329386] pci 0000:c7:00.4: enabling Extended Tags
[    0.329421] pci 0000:c7:00.4: PME# supported from D0 D3hot D3cold
[    0.329591] pci 0000:c7:00.5: [1022:151c] type 00 class 0x0c0340 PCIe Endpoint
[    0.329618] pci 0000:c7:00.5: BAR 0 [mem 0xdcf80000-0xdcffffff 64bit]
[    0.329625] pci 0000:c7:00.5: enabling Extended Tags
[    0.329660] pci 0000:c7:00.5: PME# supported from D0 D3hot D3cold
[    0.329829] pci 0000:c7:00.6: [1022:151d] type 00 class 0x0c0340 PCIe Endpoint
[    0.329856] pci 0000:c7:00.6: BAR 0 [mem 0xdcf00000-0xdcf7ffff 64bit]
[    0.329863] pci 0000:c7:00.6: enabling Extended Tags
[    0.329898] pci 0000:c7:00.6: PME# supported from D0 D3hot D3cold
[    0.330057] pci 0000:00:08.3: PCI bridge to [bus c7]
[    0.333390] ACPI: PCI: Interrupt link LNKA configured for IRQ 0
[    0.333412] ACPI: PCI: Interrupt link LNKB configured for IRQ 0
[    0.333431] ACPI: PCI: Interrupt link LNKC configured for IRQ 0
[    0.333454] ACPI: PCI: Interrupt link LNKD configured for IRQ 0
[    0.333474] ACPI: PCI: Interrupt link LNKE configured for IRQ 0
[    0.333490] ACPI: PCI: Interrupt link LNKF configured for IRQ 0
[    0.333507] ACPI: PCI: Interrupt link LNKG configured for IRQ 0
[    0.333523] ACPI: PCI: Interrupt link LNKH configured for IRQ 0
[    0.334168] iommu: Default domain type: Translated
[    0.334168] iommu: DMA domain TLB invalidation policy: lazy mode
[    0.334209] SCSI subsystem initialized
[    0.334213] libata version 3.00 loaded.
[    0.334213] ACPI: bus type USB registered
[    0.334213] usbcore: registered new interface driver usbfs
[    0.334213] usbcore: registered new interface driver hub
[    0.334213] usbcore: registered new device driver usb
[    0.334213] pps_core: LinuxPPS API ver. 1 registered
[    0.334213] pps_core: Software ver. 5.3.6 - Copyright 2005-2007 Rodolfo Giometti <giometti@linux.it>
[    0.334213] PTP clock support registered
[    0.334219] EDAC MC: Ver: 3.0.0
[    0.334252] efivars: Registered efivars operations
[    0.334302] NetLabel: Initializing
[    0.334302] NetLabel:  domain hash size = 128
[    0.334303] NetLabel:  protocols = UNLABELED CIPSOv4 CALIPSO
[    0.334310] NetLabel:  unlabeled traffic allowed by default
[    0.334312] mctp: management component transport protocol core
[    0.334313] NET: Registered PF_MCTP protocol family
[    0.334320] PCI: Using ACPI for IRQ routing
[    0.342437] PCI: pci_cache_line_size set to 64 bytes
[    0.342495] e820: reserve RAM buffer [mem 0x09a7f000-0x0bffffff]
[    0.342496] e820: reserve RAM buffer [mem 0x0a200000-0x0bffffff]
[    0.342496] e820: reserve RAM buffer [mem 0x626e6000-0x63ffffff]
[    0.342497] e820: reserve RAM buffer [mem 0x65234000-0x67ffffff]
[    0.342497] e820: reserve RAM buffer [mem 0x67f7f000-0x67ffffff]
[    0.342498] e820: reserve RAM buffer [mem 0x79ff7000-0x7bffffff]
[    0.342498] e820: reserve RAM buffer [mem 0x79fff000-0x7bffffff]
[    0.342499] e820: reserve RAM buffer [mem 0x167e180000-0x167fffffff]
[    0.342518] vgaarb: loaded
[    0.342518] hpet0: at MMIO 0xfed00000, IRQs 2, 8, 0
[    0.342518] hpet0: 3 comparators, 32-bit 14.318180 MHz counter
[    0.345205] clocksource: Switched to clocksource tsc-early
[    0.345279] VFS: Disk quotas dquot_6.6.0
[    0.345283] VFS: Dquot-cache hash table entries: 512 (order 0, 4096 bytes)
[    0.345321] pnp: PnP ACPI init
[    0.345463] system 00:01: [io  0x04d0-0x04d1] has been reserved
[    0.345465] system 00:01: [io  0x040b] has been reserved
[    0.345465] system 00:01: [io  0x04d6] has been reserved
[    0.345466] system 00:01: [io  0x0c00-0x0c01] has been reserved
[    0.345466] system 00:01: [io  0x0c14] has been reserved
[    0.345467] system 00:01: [io  0x0c50-0x0c51] has been reserved
[    0.345467] system 00:01: [io  0x0c52] has been reserved
[    0.345467] system 00:01: [io  0x0c6c] has been reserved
[    0.345468] system 00:01: [io  0x0c6f] has been reserved
[    0.345468] system 00:01: [io  0x0cd0-0x0cd1] has been reserved
[    0.345469] system 00:01: [io  0x0cd2-0x0cd3] has been reserved
[    0.345469] system 00:01: [io  0x0cd4-0x0cd5] has been reserved
[    0.345470] system 00:01: [io  0x0cd6-0x0cd7] has been reserved
[    0.345470] system 00:01: [io  0x0cd8-0x0cdf] has been reserved
[    0.345470] system 00:01: [io  0x0800-0x089f] has been reserved
[    0.345471] system 00:01: [io  0x0b00-0x0b0f] has been reserved
[    0.345471] system 00:01: [io  0x0b20-0x0b3f] has been reserved
[    0.345472] system 00:01: [io  0x0900-0x090f] has been reserved
[    0.345472] system 00:01: [io  0x0910-0x091f] has been reserved
[    0.345474] system 00:01: [mem 0xfec00000-0xfec00fff] could not be reserved
[    0.345474] system 00:01: [mem 0xfec01000-0xfec01fff] could not be reserved
[    0.345476] system 00:01: [mem 0xfedc0000-0xfedc0fff] has been reserved
[    0.345476] system 00:01: [mem 0xfee00000-0xfee00fff] has been reserved
[    0.345477] system 00:01: [mem 0xfed80000-0xfed8ffff] could not be reserved
[    0.345477] system 00:01: [mem 0xfec10000-0xfec10fff] has been reserved
[    0.345478] system 00:01: [mem 0xff000000-0xffffffff] has been reserved
[    0.346947] system 00:02: [mem 0xe0000000-0xefffffff] has been reserved
[    0.347145] pnp: PnP ACPI: found 3 devices
[    0.352759] clocksource: acpi_pm: mask: 0xffffff max_cycles: 0xffffff, max_idle_ns: 2085701024 ns
[    0.352785] NET: Registered PF_INET protocol family
[    0.352867] IP idents hash table entries: 262144 (order: 9, 2097152 bytes, linear)
[    0.353959] tcp_listen_portaddr_hash hash table entries: 65536 (order: 8, 1048576 bytes, linear)
[    0.353992] Table-perturb hash table entries: 65536 (order: 6, 262144 bytes, linear)
[    0.354136] TCP established hash table entries: 524288 (order: 10, 4194304 bytes, linear)
[    0.354356] TCP bind hash table entries: 65536 (order: 9, 2097152 bytes, linear)
[    0.354408] TCP: Hash tables configured (established 524288 bind 65536)
[    0.354511] MPTCP token hash table entries: 65536 (order: 9, 1572864 bytes, linear)
[    0.354687] UDP hash table entries: 65536 (order: 10, 4194304 bytes, linear)
[    0.354966] UDP-Lite hash table entries: 65536 (order: 10, 4194304 bytes, linear)
[    0.355130] NET: Registered PF_UNIX/PF_LOCAL protocol family
[    0.355136] NET: Registered PF_XDP protocol family
[    0.355153] pci 0000:00:01.1: PCI bridge to [bus 01-60]
[    0.355162] pci 0000:00:01.1:   bridge window [io  0xa000-0xdfff]
[    0.355171] pci 0000:00:01.1:   bridge window [mem 0xc4000000-0xdbffffff]
[    0.355197] pci 0000:00:01.1:   bridge window [mem 0x5800000000-0x77ffffffff 64bit pref]
[    0.355224] pci 0000:00:01.2: PCI bridge to [bus 61-c0]
[    0.355226] pci 0000:00:01.2:   bridge window [io  0x6000-0x9fff]
[    0.355251] pci 0000:00:01.2:   bridge window [mem 0xac000000-0xc3ffffff]
[    0.355252] pci 0000:00:01.2:   bridge window [mem 0x3800000000-0x57ffffffff 64bit pref]
[    0.355256] pci 0000:00:02.1: PCI bridge to [bus c1]
[    0.355259] pci 0000:00:02.1:   bridge window [mem 0xdd400000-0xdd4fffff]
[    0.355264] pci 0000:00:02.2: PCI bridge to [bus c2]
[    0.355266] pci 0000:00:02.2:   bridge window [mem 0xdd300000-0xdd3fffff]
[    0.355271] pci 0000:00:02.4: PCI bridge to [bus c3]
[    0.355274] pci 0000:00:02.4:   bridge window [mem 0xdc000000-0xdc4fffff]
[    0.355278] pci 0000:00:02.5: PCI bridge to [bus c4]
[    0.355279] pci 0000:00:02.5:   bridge window [io  0xf000-0xffff]
[    0.355282] pci 0000:00:02.5:   bridge window [mem 0xdd200000-0xdd2fffff]
[    0.355288] pci 0000:00:08.1: PCI bridge to [bus c5]
[    0.355294] pci 0000:00:08.1:   bridge window [io  0xe000-0xefff]
[    0.355296] pci 0000:00:08.1:   bridge window [mem 0xdc600000-0xdcbfffff]
[    0.355297] pci 0000:00:08.1:   bridge window [mem 0x7800000000-0x780fffffff 64bit pref]
[    0.355300] pci 0000:00:08.2: PCI bridge to [bus c6]
[    0.355301] pci 0000:00:08.2:   bridge window [mem 0xdd000000-0xdd1fffff]
[    0.355303] pci 0000:00:08.2:   bridge window [mem 0x7810000000-0x78100fffff 64bit pref]
[    0.355305] pci 0000:00:08.3: PCI bridge to [bus c7]
[    0.355307] pci 0000:00:08.3:   bridge window [mem 0xdcc00000-0xdcffffff]
[    0.355325] pci_bus 0000:00: resource 4 [io  0x0000-0x03af window]
[    0.355326] pci_bus 0000:00: resource 5 [io  0x03e0-0x0cf7 window]
[    0.355327] pci_bus 0000:00: resource 6 [io  0x03b0-0x03df window]
[    0.355327] pci_bus 0000:00: resource 7 [io  0x0d00-0xffff window]
[    0.355328] pci_bus 0000:00: resource 8 [mem 0x000a0000-0x000dffff window]
[    0.355328] pci_bus 0000:00: resource 9 [mem 0x80000000-0xdfffffff window]
[    0.355329] pci_bus 0000:00: resource 10 [mem 0xf0000000-0xfcffffff window]
[    0.355329] pci_bus 0000:00: resource 11 [mem 0x1880000000-0x7fffffffff window]
[    0.355330] pci_bus 0000:01: resource 0 [io  0xa000-0xdfff]
[    0.355331] pci_bus 0000:01: resource 1 [mem 0xc4000000-0xdbffffff]
[    0.355331] pci_bus 0000:01: resource 2 [mem 0x5800000000-0x77ffffffff 64bit pref]
[    0.355332] pci_bus 0000:61: resource 0 [io  0x6000-0x9fff]
[    0.355333] pci_bus 0000:61: resource 1 [mem 0xac000000-0xc3ffffff]
[    0.355333] pci_bus 0000:61: resource 2 [mem 0x3800000000-0x57ffffffff 64bit pref]
[    0.355334] pci_bus 0000:c1: resource 1 [mem 0xdd400000-0xdd4fffff]
[    0.355334] pci_bus 0000:c2: resource 1 [mem 0xdd300000-0xdd3fffff]
[    0.355335] pci_bus 0000:c3: resource 1 [mem 0xdc000000-0xdc4fffff]
[    0.355336] pci_bus 0000:c4: resource 0 [io  0xf000-0xffff]
[    0.355337] pci_bus 0000:c4: resource 1 [mem 0xdd200000-0xdd2fffff]
[    0.355337] pci_bus 0000:c5: resource 0 [io  0xe000-0xefff]
[    0.355338] pci_bus 0000:c5: resource 1 [mem 0xdc600000-0xdcbfffff]
[    0.355338] pci_bus 0000:c5: resource 2 [mem 0x7800000000-0x780fffffff 64bit pref]
[    0.355339] pci_bus 0000:c6: resource 1 [mem 0xdd000000-0xdd1fffff]
[    0.355339] pci_bus 0000:c6: resource 2 [mem 0x7810000000-0x78100fffff 64bit pref]
[    0.355340] pci_bus 0000:c7: resource 1 [mem 0xdcc00000-0xdcffffff]
[    0.355470] pci 0000:c5:00.1: D0 power state depends on 0000:c5:00.0
[    0.355754] PCI: CLS 64 bytes, default 64
[    0.355790] pci 0000:00:00.2: AMD-Vi: IOMMU performance counters supported
[    0.355805] Trying to unpack rootfs image as initramfs...
[    0.355847] pci 0000:00:01.0: Adding to iommu group 0
[    0.355862] pci 0000:00:01.1: Adding to iommu group 1
[    0.355888] pci 0000:00:01.2: Adding to iommu group 2
[    0.355912] pci 0000:00:02.0: Adding to iommu group 3
[    0.355922] pci 0000:00:02.1: Adding to iommu group 4
[    0.355932] pci 0000:00:02.2: Adding to iommu group 5
[    0.355941] pci 0000:00:02.4: Adding to iommu group 6
[    0.355951] pci 0000:00:02.5: Adding to iommu group 7
[    0.355961] pci 0000:00:03.0: Adding to iommu group 8
[    0.355983] pci 0000:00:08.0: Adding to iommu group 9
[    0.355992] pci 0000:00:08.1: Adding to iommu group 10
[    0.356001] pci 0000:00:08.2: Adding to iommu group 11
[    0.356010] pci 0000:00:08.3: Adding to iommu group 12
[    0.356021] pci 0000:00:14.0: Adding to iommu group 13
[    0.356028] pci 0000:00:14.3: Adding to iommu group 13
[    0.356054] pci 0000:00:18.0: Adding to iommu group 14
[    0.356060] pci 0000:00:18.1: Adding to iommu group 14
[    0.356067] pci 0000:00:18.2: Adding to iommu group 14
[    0.356073] pci 0000:00:18.3: Adding to iommu group 14
[    0.356079] pci 0000:00:18.4: Adding to iommu group 14
[    0.356085] pci 0000:00:18.5: Adding to iommu group 14
[    0.356091] pci 0000:00:18.6: Adding to iommu group 14
[    0.356097] pci 0000:00:18.7: Adding to iommu group 14
[    0.356109] pci 0000:c1:00.0: Adding to iommu group 15
[    0.356117] pci 0000:c2:00.0: Adding to iommu group 16
[    0.356124] pci 0000:c3:00.0: Adding to iommu group 17
[    0.356131] pci 0000:c4:00.0: Adding to iommu group 18
[    0.356162] pci 0000:c5:00.0: Adding to iommu group 19
[    0.356170] pci 0000:c5:00.1: Adding to iommu group 20
[    0.356179] pci 0000:c5:00.2: Adding to iommu group 21
[    0.356188] pci 0000:c5:00.4: Adding to iommu group 22
[    0.356197] pci 0000:c5:00.6: Adding to iommu group 23
[    0.356207] pci 0000:c5:00.7: Adding to iommu group 24
[    0.356216] pci 0000:c6:00.0: Adding to iommu group 25
[    0.356226] pci 0000:c6:00.1: Adding to iommu group 26
[    0.356235] pci 0000:c7:00.0: Adding to iommu group 27
[    0.356244] pci 0000:c7:00.3: Adding to iommu group 28
[    0.356253] pci 0000:c7:00.4: Adding to iommu group 29
[    0.356263] pci 0000:c7:00.5: Adding to iommu group 30
[    0.356272] pci 0000:c7:00.6: Adding to iommu group 31
[    0.358936] AMD-Vi: Extended features (0x246577efa2254afa, 0x10): PPR NX GT [5] IA GA PC GA_vAPIC
[    0.358942] AMD-Vi: Interrupt remapping enabled
[    0.358942] AMD-Vi: V2 page table enabled (Paging mode : 4 level)
[    0.359072] AMD-Vi: Virtual APIC enabled
[    0.359112] PCI-DMA: Using software bounce buffering for IO (SWIOTLB)
[    0.359120] software IO TLB: mapped [mem 0x000000005d941000-0x0000000061941000] (64MB)
[    0.359152] LVT offset 0 assigned for vector 0x400
[    0.359478] perf: AMD IBS detected (0x00081bff)
[    0.360438] amd_uncore: 8 amd_df counters detected
[    0.360442] amd_uncore: 6 amd_l3 counters detected
[    0.360449] amd_uncore: 4 amd_umc_0 counters detected
[    0.360451] amd_uncore: 4 amd_umc_1 counters detected
[    0.360452] amd_uncore: 4 amd_umc_2 counters detected
[    0.360453] amd_uncore: 4 amd_umc_3 counters detected
[    0.361442] perf/amd_iommu: Detected AMD IOMMU #0 (2 banks, 4 counters/bank).
[    0.371871] Initialise system trusted keyrings
[    0.371879] Key type blacklist registered
[    0.371906] workingset: timestamp_bits=36 max_order=25 bucket_order=0
[    0.372225] integrity: Platform Keyring initialized
[    0.372227] integrity: Machine keyring initialized
[    0.372264] cryptd: max_cpu_qlen set to 1000
[    0.377244] NET: Registered PF_ALG protocol family
[    0.377248] xor: automatically using best checksumming function   avx       
[    0.377249] Key type asymmetric registered
[    0.377250] Asymmetric key parser 'x509' registered
[    0.377561] Block layer SCSI generic (bsg) driver version 0.4 loaded (major 244)
[    0.377596] io scheduler mq-deadline registered
[    0.377597] io scheduler kyber registered
[    0.377601] io scheduler bfq registered
[    0.378428] atomic64_test: passed for x86-64 platform with CX8 and with SSE
[    0.380658] input: Power Button as /devices/LNXSYSTM:00/LNXSYBUS:00/PNP0C0C:00/input/input0
[    0.380670] ACPI: button: Power Button [PWRB]
[    0.380905] Monitor-Mwait will be used to enter C-1 state
[    0.385375] Estimated ratio of average max frequency by base frequency (times 1024): 1832
[    0.385480] thermal LNXTHERM:00: registered as thermal_zone0
[    0.385481] ACPI: thermal: Thermal Zone [TZ01] (20 C)
[    0.385571] Serial: 8250/16550 driver, 32 ports, IRQ sharing enabled
[    0.386529] Non-volatile memory driver v1.3
[    0.386531] Linux agpgart interface v0.103
[    0.425304] tpm_crb MSFT0101:00: Disabling hwrng
[    0.425471] ACPI: bus type drm_connector registered
[    0.427686] ahci 0000:c1:00.0: enabling device (0000 -> 0002)
[    0.427708] ahci 0000:c1:00.0: controller can't do 64bit DMA, forcing 32bit
[    0.427958] ahci 0000:c1:00.0: SSS flag set, parallel bus scan disabled
[    0.428008] ahci 0000:c1:00.0: AHCI vers 0001.0301, 32 command slots, 6 Gbps, SATA mode
[    0.428010] ahci 0000:c1:00.0: 5/5 ports implemented (port mask 0x1f)
[    0.428010] ahci 0000:c1:00.0: flags: ncq sntf stag pm led clo pmp fbs pio slum part ccc apst boh 
[    0.428333] scsi host0: ahci
[    0.428460] scsi host1: ahci
[    0.428526] scsi host2: ahci
[    0.428581] scsi host3: ahci
[    0.428633] scsi host4: ahci
[    0.428660] ata1: SATA max UDMA/133 abar m8192@0xdd410000 port 0xdd410100 irq 40 lpm-pol 1 ext
[    0.428662] ata2: SATA max UDMA/133 abar m8192@0xdd410000 port 0xdd410180 irq 41 lpm-pol 1 ext
[    0.428664] ata3: SATA max UDMA/133 abar m8192@0xdd410000 port 0xdd410200 irq 42 lpm-pol 1 ext
[    0.428665] ata4: SATA max UDMA/133 abar m8192@0xdd410000 port 0xdd410280 irq 43 lpm-pol 1 ext
[    0.428666] ata5: SATA max UDMA/133 abar m8192@0xdd410000 port 0xdd410300 irq 44 lpm-pol 1 ext
[    0.428721] CAN device driver interface
[    0.428805] xhci_hcd 0000:c5:00.4: xHCI Host Controller
[    0.428825] xhci_hcd 0000:c5:00.4: new USB bus registered, assigned bus number 1
[    0.429252] xhci_hcd 0000:c5:00.4: hcc params 0x0118ffc5 hci version 0x120 quirks 0x0000000200000010
[    0.429432] xhci_hcd 0000:c5:00.4: xHCI Host Controller
[    0.429454] xhci_hcd 0000:c5:00.4: new USB bus registered, assigned bus number 2
[    0.429455] xhci_hcd 0000:c5:00.4: Host supports USB 3.1 Enhanced SuperSpeed
[    0.429482] usb usb1: New USB device found, idVendor=1d6b, idProduct=0002, bcdDevice= 6.19
[    0.429483] usb usb1: New USB device strings: Mfr=3, Product=2, SerialNumber=1
[    0.429484] usb usb1: Product: xHCI Host Controller
[    0.429484] usb usb1: Manufacturer: Linux 6.19.9-jmb585fix xhci-hcd
[    0.429485] usb usb1: SerialNumber: 0000:c5:00.4
[    0.429546] hub 1-0:1.0: USB hub found
[    0.429563] hub 1-0:1.0: 1 port detected
[    0.429828] usb usb2: We don't know the algorithms for LPM for this host, disabling LPM.
[    0.429837] usb usb2: New USB device found, idVendor=1d6b, idProduct=0003, bcdDevice= 6.19
[    0.429838] usb usb2: New USB device strings: Mfr=3, Product=2, SerialNumber=1
[    0.429839] usb usb2: Product: xHCI Host Controller
[    0.429839] usb usb2: Manufacturer: Linux 6.19.9-jmb585fix xhci-hcd
[    0.429839] usb usb2: SerialNumber: 0000:c5:00.4
[    0.429879] hub 2-0:1.0: USB hub found
[    0.429886] hub 2-0:1.0: 1 port detected
[    0.430178] xhci_hcd 0000:c7:00.0: xHCI Host Controller
[    0.430197] xhci_hcd 0000:c7:00.0: new USB bus registered, assigned bus number 3
[    0.430631] xhci_hcd 0000:c7:00.0: hcc params 0x0128ffc5 hci version 0x120 quirks 0x0000000200000010
[    0.430806] xhci_hcd 0000:c7:00.0: xHCI Host Controller
[    0.430822] xhci_hcd 0000:c7:00.0: new USB bus registered, assigned bus number 4
[    0.430822] xhci_hcd 0000:c7:00.0: Host supports USB 3.1 Enhanced SuperSpeed
[    0.430837] usb usb3: New USB device found, idVendor=1d6b, idProduct=0002, bcdDevice= 6.19
[    0.430837] usb usb3: New USB device strings: Mfr=3, Product=2, SerialNumber=1
[    0.430838] usb usb3: Product: xHCI Host Controller
[    0.430838] usb usb3: Manufacturer: Linux 6.19.9-jmb585fix xhci-hcd
[    0.430839] usb usb3: SerialNumber: 0000:c7:00.0
[    0.430887] hub 3-0:1.0: USB hub found
[    0.430896] hub 3-0:1.0: 5 ports detected
[    0.431984] usb usb4: We don't know the algorithms for LPM for this host, disabling LPM.
[    0.431991] usb usb4: New USB device found, idVendor=1d6b, idProduct=0003, bcdDevice= 6.19
[    0.431992] usb usb4: New USB device strings: Mfr=3, Product=2, SerialNumber=1
[    0.431992] usb usb4: Product: xHCI Host Controller
[    0.431993] usb usb4: Manufacturer: Linux 6.19.9-jmb585fix xhci-hcd
[    0.431993] usb usb4: SerialNumber: 0000:c7:00.0
[    0.432028] hub 4-0:1.0: USB hub found
[    0.432035] hub 4-0:1.0: 2 ports detected
[    0.432544] xhci_hcd 0000:c7:00.3: xHCI Host Controller
[    0.432562] xhci_hcd 0000:c7:00.3: new USB bus registered, assigned bus number 5
[    0.432914] xhci_hcd 0000:c7:00.3: hcc params 0x0118ffc5 hci version 0x120 quirks 0x0000000200000010
[    0.433126] xhci_hcd 0000:c7:00.3: xHCI Host Controller
[    0.433142] xhci_hcd 0000:c7:00.3: new USB bus registered, assigned bus number 6
[    0.433142] xhci_hcd 0000:c7:00.3: Host supports USB 3.1 Enhanced SuperSpeed
[    0.433156] usb usb5: New USB device found, idVendor=1d6b, idProduct=0002, bcdDevice= 6.19
[    0.433157] usb usb5: New USB device strings: Mfr=3, Product=2, SerialNumber=1
[    0.433157] usb usb5: Product: xHCI Host Controller
[    0.433158] usb usb5: Manufacturer: Linux 6.19.9-jmb585fix xhci-hcd
[    0.433158] usb usb5: SerialNumber: 0000:c7:00.3
[    0.433195] hub 5-0:1.0: USB hub found
[    0.433202] hub 5-0:1.0: 1 port detected
[    0.433457] usb usb6: We don't know the algorithms for LPM for this host, disabling LPM.
[    0.433464] usb usb6: New USB device found, idVendor=1d6b, idProduct=0003, bcdDevice= 6.19
[    0.433465] usb usb6: New USB device strings: Mfr=3, Product=2, SerialNumber=1
[    0.433465] usb usb6: Product: xHCI Host Controller
[    0.433466] usb usb6: Manufacturer: Linux 6.19.9-jmb585fix xhci-hcd
[    0.433466] usb usb6: SerialNumber: 0000:c7:00.3
[    0.433500] hub 6-0:1.0: USB hub found
[    0.433506] hub 6-0:1.0: 1 port detected
[    0.433839] xhci_hcd 0000:c7:00.4: xHCI Host Controller
[    0.433860] xhci_hcd 0000:c7:00.4: new USB bus registered, assigned bus number 7
[    0.434191] xhci_hcd 0000:c7:00.4: hcc params 0x0118ffc5 hci version 0x120 quirks 0x0000000200000010
[    0.434401] xhci_hcd 0000:c7:00.4: xHCI Host Controller
[    0.434418] xhci_hcd 0000:c7:00.4: new USB bus registered, assigned bus number 8
[    0.434419] xhci_hcd 0000:c7:00.4: Host supports USB 3.1 Enhanced SuperSpeed
[    0.434433] usb usb7: New USB device found, idVendor=1d6b, idProduct=0002, bcdDevice= 6.19
[    0.434434] usb usb7: New USB device strings: Mfr=3, Product=2, SerialNumber=1
[    0.434435] usb usb7: Product: xHCI Host Controller
[    0.434435] usb usb7: Manufacturer: Linux 6.19.9-jmb585fix xhci-hcd
[    0.434435] usb usb7: SerialNumber: 0000:c7:00.4
[    0.434472] hub 7-0:1.0: USB hub found
[    0.434475] hub 7-0:1.0: 1 port detected
[    0.434722] usb usb8: We don't know the algorithms for LPM for this host, disabling LPM.
[    0.434729] usb usb8: New USB device found, idVendor=1d6b, idProduct=0003, bcdDevice= 6.19
[    0.434730] usb usb8: New USB device strings: Mfr=3, Product=2, SerialNumber=1
[    0.434730] usb usb8: Product: xHCI Host Controller
[    0.434731] usb usb8: Manufacturer: Linux 6.19.9-jmb585fix xhci-hcd
[    0.434731] usb usb8: SerialNumber: 0000:c7:00.4
[    0.434764] hub 8-0:1.0: USB hub found
[    0.434771] hub 8-0:1.0: 1 port detected
[    0.435096] usbcore: registered new interface driver usbserial_generic
[    0.435099] usbserial: USB Serial support registered for generic
[    0.435116] i8042: PNP: No PS/2 controller found.
[    0.435136] mousedev: PS/2 mouse device common for all mice
[    0.435171] rtc_cmos 00:00: RTC can wake from S4
[    0.435385] rtc_cmos 00:00: registered as rtc0
[    0.435418] rtc_cmos 00:00: setting system clock to 2026-03-27T21:09:37 UTC (1774645777)
[    0.435436] rtc_cmos 00:00: alarms up to one month, y3k, 114 bytes nvram
[    0.435445] device-mapper: core: CONFIG_IMA_DISABLE_HTABLE is disabled. Duplicate IMA measurements will not be recorded in the IMA log.
[    0.435448] device-mapper: uevent: version 1.0.3
[    0.435474] device-mapper: ioctl: 4.50.0-ioctl (2025-04-28) initialised: dm-devel@lists.linux.dev
[    0.437086] simple-framebuffer simple-framebuffer.0: [drm] Registered 1 planes with drm panic
[    0.437098] [drm] Initialized simpledrm 1.0.0 for simple-framebuffer.0 on minor 0
[    0.437685] Console: switching to colour frame buffer device 100x37
[    0.438138] simple-framebuffer simple-framebuffer.0: [drm] fb0: simpledrmdrmfb frame buffer device
[    0.438177] ccp 0000:c5:00.2: enabling device (0000 -> 0002)
[    0.439440] ccp 0000:c5:00.2: tee enabled
[    0.439441] ccp 0000:c5:00.2: psp: TSME enabled
[    0.439442] ccp 0000:c5:00.2: psp enabled
[    0.439461] hid: raw HID events driver (C) Jiri Kosina
[    0.439476] usbcore: registered new interface driver usbhid
[    0.439476] usbhid: USB HID core driver
[    0.441675] drop_monitor: Initializing network drop monitor service
[    0.441714] Initializing XFRM netlink socket
[    0.441728] NET: Registered PF_INET6 protocol family
[    0.441973] Segment Routing with IPv6
[    0.441974] RPL Segment Routing with IPv6
[    0.441977] In-situ OAM (IOAM) with IPv6
[    0.441986] mip6: Mobile IPv6
[    0.441988] NET: Registered PF_PACKET protocol family
[    0.441989] can: controller area network core
[    0.441994] NET: Registered PF_CAN protocol family
[    0.445704] x86/amd: Previous system reset reason [0x00080800]: software wrote 0x6 to reset control register 0xCF9
[    0.445710] microcode: Current revision: 0x0b20401b
[    0.453767] resctrl: L3 allocation detected
[    0.453768] resctrl: MB allocation detected
[    0.453768] resctrl: SMBA allocation detected
[    0.453769] resctrl: L3 monitoring detected
[    0.453787] IPI shorthand broadcast: enabled
[    0.454576] sched_clock: Marking stable (453001162, 1310257)->(456965816, -2654397)
[    0.454780] registered taskstats version 1
[    0.456029] Loading compiled-in X.509 certificates
[    0.463162] Loaded X.509 cert 'Build time autogenerated kernel key: REDACTED'
[    0.464877] Demotion targets for Node 0: null
[    0.464879] page_owner is disabled
[    0.464944] Key type .fscrypt registered
[    0.464944] Key type fscrypt-provisioning registered
[    0.465105] Btrfs loaded, zoned=yes, fsverity=yes
[    0.465119] Key type big_key registered
[    0.465121] Key type trusted registered
[    0.465532] Key type encrypted registered
[    0.465537] Loading compiled-in module X.509 certificates
[    0.465729] Loaded X.509 cert 'Build time autogenerated kernel key: REDACTED'
[    0.465809] ima: Allocated hash algorithm: sha256
[    0.520949] ima: No architecture policies found
[    0.520974] evm: Initialising EVM extended attributes:
[    0.520975] evm: security.selinux
[    0.520976] evm: security.SMACK64 (disabled)
[    0.520976] evm: security.SMACK64EXEC (disabled)
[    0.520977] evm: security.SMACK64TRANSMUTE (disabled)
[    0.520978] evm: security.SMACK64MMAP (disabled)
[    0.520978] evm: security.apparmor (disabled)
[    0.520978] evm: security.ima
[    0.520979] evm: security.capability
[    0.520979] evm: HMAC attrs: 0x1
[    0.521091] integrity: Loading X.509 certificate: UEFI:db
[    0.521118] integrity: Loaded X.509 cert 'MINISFORUM OWN CA: 815a459eeaeb7a9e42fabf9897858520'
[    0.521119] integrity: Loading X.509 certificate: UEFI:db
[    0.521129] integrity: Loaded X.509 cert 'Microsoft Corporation: Windows UEFI CA 2023: aefc5fbbbe055d8f8daa585473499417ab5a5272'
[    0.521129] integrity: Loading X.509 certificate: UEFI:db
[    0.521135] integrity: Loaded X.509 cert 'Microsoft Corporation UEFI CA 2011: 13adbf4309bd82709c8cd54f316ed522988a1bd4'
[    0.521135] integrity: Loading X.509 certificate: UEFI:db
[    0.521139] integrity: Loaded X.509 cert 'Microsoft Windows Production PCA 2011: a92902398e16c49778cd90f99e4f9ae17c55af53'
[    0.521140] integrity: Loading X.509 certificate: UEFI:db
[    0.521145] integrity: Loaded X.509 cert 'Microsoft UEFI CA 2023: 81aa6b3244c935bce0d6628af39827421e32497d'
[    0.521145] integrity: Loading X.509 certificate: UEFI:db
[    0.521149] integrity: Loaded X.509 cert 'Microsoft Option ROM UEFI CA 2023: 514fbf937fa46fb57bf07af8bed84b3b864b1711'
[    0.523190] alg: No test for 842 (842-scomp)
[    0.523544] Freeing initrd memory: 65664K
[    0.525282] PM:   Magic number: 2:855:197
[    0.525380] acpi PNP0100:00: hash matches
[    0.525416] RAS: Correctable Errors collector initialized.
[    0.525891] clk: Disabling unused clocks
[    0.525893] PM: genpd: Disabling unused power domains
[    0.674681] usb 3-1: new high-speed USB device number 2 using xhci_hcd
[    0.674717] usb 7-1: new high-speed USB device number 2 using xhci_hcd
[    0.737290] ata1: SATA link down (SStatus 0 SControl 300)
[    0.803475] usb 7-1: New USB device found, idVendor=14cd, idProduct=8608, bcdDevice= 0.00
[    0.803486] usb 7-1: New USB device strings: Mfr=1, Product=3, SerialNumber=0
[    0.803488] usb 7-1: Product: USB 2.0 Hub            
[    0.803491] usb 7-1: Manufacturer: USB Device  
[    0.851058] hub 7-1:1.0: USB hub found
[    0.851348] hub 7-1:1.0: 4 ports detected
[    0.865621] usb 3-1: New USB device found, idVendor=154b, idProduct=00ee, bcdDevice= 1.10
[    0.865626] usb 3-1: New USB device strings: Mfr=1, Product=2, SerialNumber=3
[    0.865627] usb 3-1: Product: USB 2.0 FD
[    0.865628] usb 3-1: Manufacturer: PNY
[    0.865628] usb 3-1: SerialNumber: REDACTED
[    1.131951] usb 7-1.1: new full-speed USB device number 3 using xhci_hcd
[    1.217966] ata2: SATA link up 6.0 Gbps (SStatus 133 SControl 300)
[    1.218322] ata2.00: ATA-12: ST28000NT000-4AB103, EN02, max UDMA/133
[    1.238858] usb 7-1.1: New USB device found, idVendor=1532, idProduct=0083, bcdDevice= 2.00
[    1.238874] usb 7-1.1: New USB device strings: Mfr=1, Product=2, SerialNumber=0
[    1.238877] usb 7-1.1: Product: Razer Basilisk X HyperSpeed
[    1.238879] usb 7-1.1: Manufacturer: Razer
[    1.262507] ata2.00: 54689529856 sectors, multi 16: LBA48 NCQ (depth 32), AA
[    1.263536] ata2.00: Command duration guideline is not supported
[    1.264054] ata2.00: Features: NCQ-sndrcv NCQ-prio CDL
[    1.295652] ata2.00: Command duration guideline is not supported
[    1.296139] ata2.00: configured for UDMA/133
[    1.306516] scsi 1:0:0:0: Direct-Access     ATA      ST28000NT000-4AB EN02 PQ: 0 ANSI: 5
[    1.306831] sd 1:0:0:0: [sda] 54689529856 512-byte logical blocks: (28.0 TB/25.5 TiB)
[    1.306833] sd 1:0:0:0: [sda] 4096-byte physical blocks
[    1.306840] sd 1:0:0:0: [sda] Write Protect is off
[    1.306843] sd 1:0:0:0: [sda] Mode Sense: 00 3a 00 00
[    1.306853] sd 1:0:0:0: [sda] Write cache: enabled, read cache: enabled, doesn't support DPO or FUA
[    1.306872] sd 1:0:0:0: [sda] Preferred minimum I/O size 4096 bytes
[    1.307159] sd 1:0:0:0: Attached scsi generic sg0 type 0
[    1.342777] sd 1:0:0:0: [sda] Attached SCSI disk
[    1.369138] input: Razer Razer Basilisk X HyperSpeed as /devices/pci0000:00/0000:00:08.3/0000:c7:00.4/usb7/7-1/7-1.1/7-1.1:1.0/0003:1532:0083.0001/input/input1
[    1.369289] hid-generic 0003:1532:0083.0001: input,hidraw0: USB HID v1.11 Mouse [Razer Razer Basilisk X HyperSpeed] on usb-0000:c7:00.4-1.1/input0
[    1.374256] input: Razer Razer Basilisk X HyperSpeed Keyboard as /devices/pci0000:00/0000:00:08.3/0000:c7:00.4/usb7/7-1/7-1.1/7-1.1:1.1/0003:1532:0083.0002/input/input2
[    1.401686] tsc: Refined TSC clocksource calibration: 1996.223 MHz
[    1.401702] clocksource: tsc: mask: 0xffffffffffffffff max_cycles: 0x398c7c87362, max_idle_ns: 881590574140 ns
[    1.401943] clocksource: Switched to clocksource tsc
[    1.424901] input: Razer Razer Basilisk X HyperSpeed as /devices/pci0000:00/0000:00:08.3/0000:c7:00.4/usb7/7-1/7-1.1/7-1.1:1.1/0003:1532:0083.0002/input/input3
[    1.424976] hid-generic 0003:1532:0083.0002: input,hidraw1: USB HID v1.11 Keyboard [Razer Razer Basilisk X HyperSpeed] on usb-0000:c7:00.4-1.1/input1
[    1.429153] input: Razer Razer Basilisk X HyperSpeed as /devices/pci0000:00/0000:00:08.3/0000:c7:00.4/usb7/7-1/7-1.1/7-1.1:1.2/0003:1532:0083.0003/input/input4
[    1.482610] hid-generic 0003:1532:0083.0003: input,hidraw2: USB HID v1.11 Keyboard [Razer Razer Basilisk X HyperSpeed] on usb-0000:c7:00.4-1.1/input2
[    1.555943] usb 7-1.3: new full-speed USB device number 4 using xhci_hcd
[    1.662857] usb 7-1.3: New USB device found, idVendor=05ac, idProduct=024f, bcdDevice= 1.04
[    1.662871] usb 7-1.3: New USB device strings: Mfr=1, Product=2, SerialNumber=0
[    1.662874] usb 7-1.3: Product: Keychron K8
[    1.662876] usb 7-1.3: Manufacturer: Keychron K8
[    1.777723] ata3: SATA link up 6.0 Gbps (SStatus 133 SControl 300)
[    1.778427] ata3.00: ATA-12: ST28000NT000-4AB103, EN02, max UDMA/133
[    1.830917] usb 7-1.4: new high-speed USB device number 5 using xhci_hcd
[    1.841197] ata3.00: 54689529856 sectors, multi 16: LBA48 NCQ (depth 32), AA
[    1.843244] ata3.00: Command duration guideline is not supported
[    1.843833] ata3.00: Features: NCQ-sndrcv NCQ-prio CDL
[    1.874081] ata3.00: Command duration guideline is not supported
[    1.874675] ata3.00: configured for UDMA/133
[    1.885615] scsi 2:0:0:0: Direct-Access     ATA      ST28000NT000-4AB EN02 PQ: 0 ANSI: 5
[    1.885956] sd 2:0:0:0: [sdb] 54689529856 512-byte logical blocks: (28.0 TB/25.5 TiB)
[    1.885957] sd 2:0:0:0: Attached scsi generic sg1 type 0
[    1.885961] sd 2:0:0:0: [sdb] 4096-byte physical blocks
[    1.885970] sd 2:0:0:0: [sdb] Write Protect is off
[    1.885973] sd 2:0:0:0: [sdb] Mode Sense: 00 3a 00 00
[    1.885983] sd 2:0:0:0: [sdb] Write cache: enabled, read cache: enabled, doesn't support DPO or FUA
[    1.886002] sd 2:0:0:0: [sdb] Preferred minimum I/O size 4096 bytes
[    1.920436] sd 2:0:0:0: [sdb] Attached SCSI disk
[    1.931110] usb 7-1.4: New USB device found, idVendor=05e3, idProduct=0745, bcdDevice= 9.04
[    1.931124] usb 7-1.4: New USB device strings: Mfr=0, Product=1, SerialNumber=2
[    1.931128] usb 7-1.4: Product: USB Storage
[    1.931130] usb 7-1.4: SerialNumber: 000000000904
[    2.353694] ata4: SATA link up 6.0 Gbps (SStatus 133 SControl 300)
[    2.355200] ata4.00: ATA-10: WDC WD60EFAX-68JH4N1, 83.00A83, max UDMA/133
[    2.362626] ata4.00: 11721045168 sectors, multi 16: LBA48 NCQ (depth 32), AA
[    2.362639] ata4.00: Features: HIPM DIPM NCQ-prio
[    2.370515] ata4.00: configured for UDMA/133
[    2.381353] scsi 3:0:0:0: Direct-Access     ATA      WDC WD60EFAX-68J 0A83 PQ: 0 ANSI: 5
[    2.381672] sd 3:0:0:0: Attached scsi generic sg2 type 0
[    2.381704] sd 3:0:0:0: [sdc] 11721045168 512-byte logical blocks: (6.00 TB/5.46 TiB)
[    2.381710] sd 3:0:0:0: [sdc] 4096-byte physical blocks
[    2.381751] sd 3:0:0:0: [sdc] Write Protect is off
[    2.381759] sd 3:0:0:0: [sdc] Mode Sense: 00 3a 00 00
[    2.381773] sd 3:0:0:0: [sdc] Write cache: enabled, read cache: enabled, doesn't support DPO or FUA
[    2.381793] sd 3:0:0:0: [sdc] Preferred minimum I/O size 4096 bytes
[    2.849946] ata5: SATA link up 6.0 Gbps (SStatus 133 SControl 300)
[    2.850767] sd 3:0:0:0: [sdc] Attached SCSI disk
[    2.851734] ata5.00: ATA-10: WDC WD60EFAX-68JH4N1, 83.00A83, max UDMA/133
[    2.860492] ata5.00: 11721045168 sectors, multi 16: LBA48 NCQ (depth 32), AA
[    2.860510] ata5.00: Features: HIPM DIPM NCQ-prio
[    2.870520] ata5.00: configured for UDMA/133
[    2.881801] scsi 4:0:0:0: Direct-Access     ATA      WDC WD60EFAX-68J 0A83 PQ: 0 ANSI: 5
[    2.882061] sd 4:0:0:0: [sdd] 11721045168 512-byte logical blocks: (6.00 TB/5.46 TiB)
[    2.882064] sd 4:0:0:0: [sdd] 4096-byte physical blocks
[    2.882071] sd 4:0:0:0: [sdd] Write Protect is off
[    2.882073] sd 4:0:0:0: [sdd] Mode Sense: 00 3a 00 00
[    2.882082] sd 4:0:0:0: [sdd] Write cache: enabled, read cache: enabled, doesn't support DPO or FUA
[    2.882094] sd 4:0:0:0: Attached scsi generic sg3 type 0
[    2.882168] sd 4:0:0:0: [sdd] Preferred minimum I/O size 4096 bytes
[    3.374959] sd 4:0:0:0: [sdd] Attached SCSI disk
[    3.376601] Freeing unused decrypted memory: 2028K
[    3.377341] Freeing unused kernel image (initmem) memory: 5168K
[    3.377352] Write protecting the kernel read-only data: 34816k
[    3.377948] Freeing unused kernel image (text/rodata gap) memory: 204K
[    3.378127] Freeing unused kernel image (rodata/data gap) memory: 1512K
[    3.404562] x86/mm: Checked W+X mappings: passed, no W+X pages found.
[    3.404577] Run /init as init process
[    3.404578]   with arguments:
[    3.404579]     /init
[    3.404580]     rhgb
[    3.404580]   with environment:
[    3.404581]     HOME=/
[    3.404581]     TERM=linux
[    3.432086] systemd[1]: Successfully made /usr/ read-only.
[    3.433064] systemd[1]: systemd 258.7-1.fc43 running in system mode (+PAM +AUDIT +SELINUX -APPARMOR +IMA +IPE +SMACK +SECCOMP -GCRYPT +GNUTLS +OPENSSL +ACL +BLKID +CURL +ELFUTILS +FIDO2 +IDN2 -IDN -IPTC +KMOD +LIBCRYPTSETUP +LIBCRYPTSETUP_PLUGINS +LIBFDISK +PCRE2 +PWQUALITY +P11KIT +QRENCODE +TPM2 +BZIP2 +LZ4 +XZ +ZLIB +ZSTD +BPF_FRAMEWORK +BTF +XKBCOMMON +UTMP +SYSVINIT +LIBARCHIVE)
[    3.433075] systemd[1]: Detected architecture x86-64.
[    3.433077] systemd[1]: Running in initrd.
[    3.433486] systemd[1]: No hostname configured, using default hostname.
[    3.433528] systemd[1]: Hostname set to <fedora>.
[    3.463443] systemd[1]: bpf-restrict-fs: Failed to load BPF object: No such process
[    3.499102] systemd[1]: Queued start job for default target initrd.target.
[    3.517619] systemd[1]: Expecting device dev-disk-by\x2duuid-7e68572e\x2dc329\x2d46b9\x2dacfb\x2debd45df85463.device - /dev/disk/by-uuid/7e68572e-c329-46b9-acfb-ebd45df85463...
[    3.517657] systemd[1]: Reached target initrd-usr-fs.target - Initrd /usr File System.
[    3.517675] systemd[1]: Reached target slices.target - Slice Units.
[    3.517686] systemd[1]: Reached target swap.target - Swaps.
[    3.517694] systemd[1]: Reached target timers.target - Timer Units.
[    3.517745] systemd[1]: Listening on systemd-journald-dev-log.socket - Journal Socket (/dev/log).
[    3.517774] systemd[1]: Listening on systemd-journald.socket - Journal Sockets.
[    3.517799] systemd[1]: Listening on systemd-udevd-control.socket - udev Control Socket.
[    3.517816] systemd[1]: Listening on systemd-udevd-kernel.socket - udev Kernel Socket.
[    3.517823] systemd[1]: Reached target sockets.target - Socket Units.
[    3.518474] systemd[1]: Starting kmod-static-nodes.service - Create List of Static Device Nodes...
[    3.518499] systemd[1]: memstrack.service - Memstrack Anylazing Service skipped, no trigger condition checks were met.
[    3.519435] systemd[1]: Starting systemd-journald.service - Journal Service...
[    3.519989] systemd[1]: Starting systemd-modules-load.service - Load Kernel Modules...
[    3.520039] systemd[1]: systemd-pcrphase-initrd.service - TPM PCR Barrier (initrd) skipped, unmet condition check ConditionSecurity=measured-uki
[    3.520766] systemd[1]: Starting systemd-vconsole-setup.service - Virtual Console Setup...
[    3.521786] systemd[1]: Finished kmod-static-nodes.service - Create List of Static Device Nodes.
[    3.522460] systemd[1]: Starting systemd-tmpfiles-setup-dev-early.service - Create Static Device Nodes in /dev gracefully...
[    3.525623] i2c_dev: i2c /dev entries driver
[    3.529560] systemd-journald[377]: Collecting audit messages is disabled.
[    3.530632] fuse: init (API version 7.45)
[    3.531262] systemd[1]: Finished systemd-tmpfiles-setup-dev-early.service - Create Static Device Nodes in /dev gracefully.
[    3.531484] systemd[1]: Finished systemd-modules-load.service - Load Kernel Modules.
[    3.532122] systemd[1]: Starting systemd-sysctl.service - Apply Kernel Variables...
[    3.532799] systemd[1]: Starting systemd-sysusers.service - Create System Users...
[    3.537753] systemd[1]: Finished systemd-sysctl.service - Apply Kernel Variables.
[    3.538772] systemd[1]: Finished systemd-sysusers.service - Create System Users.
[    3.539261] systemd[1]: Starting systemd-tmpfiles-setup-dev.service - Create Static Device Nodes in /dev...
[    3.547276] systemd[1]: Finished systemd-tmpfiles-setup-dev.service - Create Static Device Nodes in /dev.
[    3.547336] systemd[1]: Reached target local-fs-pre.target - Preparation for Local File Systems.
[    3.547347] systemd[1]: Reached target local-fs.target - Local File Systems.
[    3.549771] systemd[1]: Finished systemd-vconsole-setup.service - Virtual Console Setup.
[    3.550232] systemd[1]: Starting dracut-cmdline-ask.service - dracut ask for additional cmdline parameters...
[    3.561503] systemd[1]: Finished dracut-cmdline-ask.service - dracut ask for additional cmdline parameters.
[    3.562003] systemd[1]: Starting dracut-cmdline.service - dracut cmdline hook...
[    3.563925] systemd[1]: Started systemd-journald.service - Journal Service.
[    3.754644] sp5100_tco: SP5100/SB800 TCO WatchDog Timer Driver
[    3.754795] ACPI: video: Video Device [VGA] (multi-head: yes  rom: no  post: no)
[    3.756148] sp5100-tco sp5100-tco: Using 0xfeb00000 for watchdog MMIO address
[    3.756232] input: Video Bus as /devices/LNXSYSTM:00/LNXSYBUS:00/PNP0A08:00/device:17/LNXVIDEO:00/input/input5
[    3.757420] pcie_mp2_amd 0000:c5:00.7: enabling device (0000 -> 0002)
[    3.758043] sp5100-tco sp5100-tco: initialized. heartbeat=60 sec (nowayout=0)
[    3.760300] Key type psk registered
[    3.767525] ACPI: bus type thunderbolt registered
[    3.767678] apple 0003:05AC:024F.0004: Non-apple keyboard detected; function keys will default to fnmode=2 behavior
[    3.767786] input: Keychron K8 Keychron K8 as /devices/pci0000:00/0000:00:08.3/0000:c7:00.4/usb7/7-1/7-1.3/7-1.3:1.0/0003:05AC:024F.0004/input/input6
[    3.768198] usb-storage 3-1:1.0: USB Mass Storage device detected
[    3.768398] scsi host5: usb-storage 3-1:1.0
[    3.768603] usb-storage 7-1.4:1.0: USB Mass Storage device detected
[    3.768733] scsi host6: usb-storage 7-1.4:1.0
[    3.768811] usbcore: registered new interface driver usb-storage
[    3.772811] usbcore: registered new interface driver uas
[    3.774520] BTRFS: device label 6TB_RAID devid 1 transid 2444 /dev/sdc (8:32) scanned by (udev-worker) (563)
[    3.775441] amdxdna 0000:c6:00.1: enabling device (0000 -> 0002)
[    3.775560] nvme nvme0: pci function 0000:c2:00.0
[    3.784015] nvme nvme0: allocated 8 MiB host memory buffer (1 segment).
[    3.790576] nvme nvme0: 8/0/0 default/read/poll queues
[    3.794608] nvme nvme0: Ignoring bogus Namespace Identifiers
[    3.798142]  nvme0n1: p1 p2 p3
[    3.828856] BTRFS: device label 6TB_RAID devid 2 transid 2444 /dev/sdd (8:48) scanned by (udev-worker) (512)
[    3.842578] BTRFS: device label 28TB_RAID devid 1 transid 11854 /dev/sda (8:0) scanned by (udev-worker) (525)
[    3.854998] BTRFS: device label 28TB_RAID devid 2 transid 11854 /dev/sdb (8:16) scanned by (udev-worker) (518)
[    3.866440] apple 0003:05AC:024F.0004: input,hidraw3: USB HID v1.11 Keyboard [Keychron K8 Keychron K8] on usb-0000:c7:00.4-1.3/input0
[    3.866617] apple 0003:05AC:024F.0005: Fn key not found (Apple Wireless Keyboard clone?), disabling Fn key handling
[    3.866619] apple 0003:05AC:024F.0005: Non-apple keyboard detected; function keys will default to fnmode=2 behavior
[    3.866668] input: Keychron K8 Keychron K8 as /devices/pci0000:00/0000:00:08.3/0000:c7:00.4/usb7/7-1/7-1.3/7-1.3:1.1/0003:05AC:024F.0005/input/input7
[    3.866740] apple 0003:05AC:024F.0005: input,hidraw4: USB HID v1.11 Keyboard [Keychron K8 Keychron K8] on usb-0000:c7:00.4-1.3/input1
[    3.896933] [drm] Initialized amdxdna_accel_driver 0.6.0 for 0000:c6:00.1 on minor 0
[    4.796935] scsi 5:0:0:0: Direct-Access     PNY      USB 2.0 FD       PMAP PQ: 0 ANSI: 6
[    4.797486] scsi 6:0:0:0: Direct-Access     Generic  MassStorageClass 0904 PQ: 0 ANSI: 6
[    4.797706] sd 6:0:0:0: Attached scsi generic sg4 type 0
[    4.797925] sd 5:0:0:0: Attached scsi generic sg5 type 0
[    4.798743] sd 6:0:0:0: [sde] Media removed, stopped polling
[    4.802916] BTRFS: device label fedora devid 1 transid 72206 /dev/nvme0n1p3 (259:3) scanned by mount (632)
[    4.803065] BTRFS info (device nvme0n1p3): first mount of filesystem 7e68572e-c329-46b9-acfb-ebd45df85463
[    4.803077] BTRFS info (device nvme0n1p3): using crc32c (crc32c-lib) checksum algorithm
[    4.807729] BTRFS info (device nvme0n1p3): enabling ssd optimizations
[    4.807731] BTRFS info (device nvme0n1p3): turning on async discard
[    4.807732] BTRFS info (device nvme0n1p3): enabling free space tree
[    4.845385] sd 6:0:0:0: [sde] Attached SCSI removable disk
[    4.943815] sd 5:0:0:0: [sdf] 60628992 512-byte logical blocks: (31.0 GB/28.9 GiB)
[    4.945289] sd 5:0:0:0: [sdf] Write Protect is off
[    4.945294] sd 5:0:0:0: [sdf] Mode Sense: 45 00 00 00
[    4.946478] sd 5:0:0:0: [sdf] Write cache: disabled, read cache: enabled, doesn't support DPO or FUA
[    5.018667] amdgpu: Virtual CRAT table created for CPU
[    5.018676] amdgpu: Topology: Add CPU node
[    5.018774] amdgpu 0000:c5:00.0: enabling device (0006 -> 0007)
[    5.018817] amdgpu 0000:c5:00.0: amdgpu: initializing kernel modesetting (IP DISCOVERY 0x1002:0x150E 0x1F4C:0xB020 0xD1).
[    5.018824] amdgpu 0000:c5:00.0: amdgpu: register mmio base: 0xDCB00000
[    5.018825] amdgpu 0000:c5:00.0: amdgpu: register mmio size: 524288
[    5.020675] amdgpu 0000:c5:00.0: amdgpu: detected ip block number 0 <common_v1_0_0> (soc21_common)
[    5.020678] amdgpu 0000:c5:00.0: amdgpu: detected ip block number 1 <gmc_v11_0_0> (gmc_v11_0)
[    5.020679] amdgpu 0000:c5:00.0: amdgpu: detected ip block number 2 <ih_v6_0_0> (ih_v6_1)
[    5.020680] amdgpu 0000:c5:00.0: amdgpu: detected ip block number 3 <psp_v13_0_0> (psp)
[    5.020681] amdgpu 0000:c5:00.0: amdgpu: detected ip block number 4 <smu_v14_0_0> (smu)
[    5.020682] amdgpu 0000:c5:00.0: amdgpu: detected ip block number 5 <dce_v1_0_0> (dm)
[    5.020683] amdgpu 0000:c5:00.0: amdgpu: detected ip block number 6 <gfx_v11_0_0> (gfx_v11_0)
[    5.020684] amdgpu 0000:c5:00.0: amdgpu: detected ip block number 7 <sdma_v6_0_0> (sdma_v6_0)
[    5.020685] amdgpu 0000:c5:00.0: amdgpu: detected ip block number 8 <vcn_v4_0_5> (vcn_v4_0_5)
[    5.020686] amdgpu 0000:c5:00.0: amdgpu: detected ip block number 9 <jpeg_v4_0_5> (jpeg_v4_0_5)
[    5.020686] amdgpu 0000:c5:00.0: amdgpu: detected ip block number 10 <mes_v11_0_0> (mes_v11_0)
[    5.020687] amdgpu 0000:c5:00.0: amdgpu: detected ip block number 11 <vpe_v6_1_0> (vpe_v6_1)
[    5.020688] amdgpu 0000:c5:00.0: amdgpu: detected ip block number 12 <isp_v4_1_0> (isp_ip)
[    5.020711] amdgpu 0000:c5:00.0: amdgpu: Fetched VBIOS from VFCT
[    5.020713] amdgpu: ATOM BIOS: 113-STRIXEMU-001
[    5.039877]  sdf: sdf1
[    5.039931] sd 5:0:0:0: [sdf] Attached SCSI removable disk
[    5.062002] amdgpu 0000:c5:00.0: amdgpu: VPE: collaborate mode false
[    5.062016] amdgpu 0000:c5:00.0: amdgpu: [drm] Optional firmware "amdgpu/isp_4_1_0.bin" was not found
[    5.085428] Console: switching to colour dummy device 80x25
[    5.086814] amdgpu 0000:c5:00.0: amdgpu: Trusted Memory Zone (TMZ) feature disabled as experimental (default)
[    5.086865] amdgpu 0000:c5:00.0: amdgpu: vm size is 262144 GB, 4 levels, block size is 9-bit, fragment size is 9-bit
[    5.086877] amdgpu 0000:c5:00.0: amdgpu: VRAM: 8192M 0x0000008000000000 - 0x00000081FFFFFFFF (8192M used)
[    5.086878] amdgpu 0000:c5:00.0: amdgpu: GART: 512M 0x00007FFF00000000 - 0x00007FFF1FFFFFFF
[    5.086903] [drm] Detected VRAM RAM=8192M, BAR=8192M
[    5.086904] [drm] RAM width 128bits DDR5
[    5.087149] amdgpu 0000:c5:00.0: amdgpu: amdgpu: 8192M of VRAM memory ready
[    5.087151] amdgpu 0000:c5:00.0: amdgpu: amdgpu: 44048M of GTT memory ready.
[    5.087170] [drm] GART: num cpu pages 131072, num gpu pages 131072
[    5.087230] [drm] PCIE GART of 512M enabled (table at 0x0000008000300000).
[    5.087670] amdgpu 0000:c5:00.0: amdgpu: [drm] Loading DMUB firmware via PSP: version=0x09003E00
[    5.087875] amdgpu 0000:c5:00.0: amdgpu: [VCN instance 0] Found VCN firmware Version ENC: 1.24 DEC: 9 VEP: 0 Revision: 16
[    5.111676] amdgpu 0000:c5:00.0: amdgpu: reserve 0x8900000 from 0x81e0000000 for PSP TMR
[    5.307617] amdgpu 0000:c5:00.0: amdgpu: RAS: optional ras ta ucode is not available
[    5.311200] amdgpu 0000:c5:00.0: amdgpu: RAP: optional rap ta ucode is not available
[    5.311201] amdgpu 0000:c5:00.0: amdgpu: SECUREDISPLAY: optional securedisplay ta ucode is not available
[    5.340240] amdgpu 0000:c5:00.0: amdgpu: SMU is initialized successfully!
[    5.341451] amdgpu 0000:c5:00.0: amdgpu: [drm] Display Core v3.2.359 initialized on DCN 3.5
[    5.341453] amdgpu 0000:c5:00.0: amdgpu: [drm] DP-HDMI FRL PCON supported
[    5.345386] amdgpu 0000:c5:00.0: amdgpu: [drm] DMUB hardware initialized: version=0x09003E00
[    5.375448] amdgpu 0000:c5:00.0: amdgpu: [drm] HDMI-A-1: PSR support 0, DC PSR ver -1, sink PSR ver 0 DPCD caps 0x0 su_y_granularity 0
[    5.376001] amdgpu 0000:c5:00.0: amdgpu: [drm] DP-1: PSR support 0, DC PSR ver -1, sink PSR ver 0 DPCD caps 0x0 su_y_granularity 0
[    5.376266] amdgpu 0000:c5:00.0: amdgpu: [drm] DP-2: PSR support 0, DC PSR ver -1, sink PSR ver 0 DPCD caps 0x0 su_y_granularity 0
[    5.376866] amdgpu 0000:c5:00.0: amdgpu: [drm] DP-3: PSR support 0, DC PSR ver -1, sink PSR ver 0 DPCD caps 0x0 su_y_granularity 0
[    5.376978] amdgpu 0000:c5:00.0: amdgpu: [drm] DP-4: PSR support 0, DC PSR ver -1, sink PSR ver 0 DPCD caps 0x0 su_y_granularity 0
[    5.377081] amdgpu 0000:c5:00.0: amdgpu: [drm] DP-5: PSR support 0, DC PSR ver -1, sink PSR ver 0 DPCD caps 0x0 su_y_granularity 0
[    5.377183] amdgpu 0000:c5:00.0: amdgpu: [drm] DP-6: PSR support 0, DC PSR ver -1, sink PSR ver 0 DPCD caps 0x0 su_y_granularity 0
[    5.384835] kfd kfd: amdgpu: Allocated 3969056 bytes on gart
[    5.384850] kfd kfd: amdgpu: Total number of KFD nodes to be created: 1
[    5.385235] amdgpu: Virtual CRAT table created for GPU
[    5.385336] amdgpu: Topology: Add dGPU node [0x150e:0x1002]
[    5.385338] kfd kfd: amdgpu: added device 1002:150e
[    5.385345] amdgpu 0000:c5:00.0: amdgpu: SE 1, SH per SE 2, CU per SH 8, active_cu_number 16
[    5.385347] amdgpu 0000:c5:00.0: amdgpu: ring gfx_0.0.0 uses VM inv eng 0 on hub 0
[    5.385348] amdgpu 0000:c5:00.0: amdgpu: ring comp_1.0.0 uses VM inv eng 1 on hub 0
[    5.385348] amdgpu 0000:c5:00.0: amdgpu: ring comp_1.1.0 uses VM inv eng 4 on hub 0
[    5.385349] amdgpu 0000:c5:00.0: amdgpu: ring comp_1.2.0 uses VM inv eng 6 on hub 0
[    5.385349] amdgpu 0000:c5:00.0: amdgpu: ring comp_1.3.0 uses VM inv eng 7 on hub 0
[    5.385349] amdgpu 0000:c5:00.0: amdgpu: ring comp_1.0.1 uses VM inv eng 8 on hub 0
[    5.385350] amdgpu 0000:c5:00.0: amdgpu: ring comp_1.1.1 uses VM inv eng 9 on hub 0
[    5.385350] amdgpu 0000:c5:00.0: amdgpu: ring comp_1.2.1 uses VM inv eng 10 on hub 0
[    5.385351] amdgpu 0000:c5:00.0: amdgpu: ring comp_1.3.1 uses VM inv eng 11 on hub 0
[    5.385351] amdgpu 0000:c5:00.0: amdgpu: ring sdma0 uses VM inv eng 12 on hub 0
[    5.385351] amdgpu 0000:c5:00.0: amdgpu: ring vcn_unified_0 uses VM inv eng 0 on hub 8
[    5.385352] amdgpu 0000:c5:00.0: amdgpu: ring jpeg_dec_0 uses VM inv eng 1 on hub 8
[    5.385352] amdgpu 0000:c5:00.0: amdgpu: ring mes_kiq_3.1.0 uses VM inv eng 13 on hub 0
[    5.385353] amdgpu 0000:c5:00.0: amdgpu: ring vpe uses VM inv eng 4 on hub 8
[    5.386412] amdgpu 0000:c5:00.0: amdgpu: Runtime PM not available
[    5.386835] amdgpu 0000:c5:00.0: [drm] Registered 4 planes with drm panic
[    5.386836] [drm] Initialized amdgpu 3.64.0 for 0000:c5:00.0 on minor 1
[    5.388613] amdgpu 0000:c5:00.0: amdgpu: [drm] Failed to setup vendor infoframe on connector HDMI-A-1: -22
[    5.390237] fbcon: amdgpudrmfb (fb0) is primary device
[    5.390418] [drm] pre_validate_dsc:1667 MST_DSC dsc precompute is not needed
[    5.828691] amdgpu 0000:c5:00.0: [drm] REG_WAIT timeout 1us * 100000 tries - optc35_disable_crtc line:162
[    6.241834] amdgpu 0000:c5:00.0: [drm] REG_WAIT timeout 1us * 100000 tries - optc35_disable_crtc line:165
[    6.293181] Console: switching to colour frame buffer device 320x67
[    6.311927] amdgpu 0000:c5:00.0: [drm] fb0: amdgpudrmfb frame buffer device
[    6.424694] systemd-journald[377]: Received SIGTERM from PID 1 (systemd).
[    6.492657] audit: type=1404 audit(1774645783.556:2): enforcing=1 old_enforcing=0 auid=4294967295 ses=4294967295 enabled=1 old-enabled=1 lsm=selinux res=1
[    6.532418] SELinux:  Permission firmware_load in class system not defined in policy.
[    6.532426] SELinux:  Permission kexec_image_load in class system not defined in policy.
[    6.532428] SELinux:  Permission kexec_initramfs_load in class system not defined in policy.
[    6.532428] SELinux:  Permission policy_load in class system not defined in policy.
[    6.532429] SELinux:  Permission x509_certificate_load in class system not defined in policy.
[    6.532486] SELinux:  Permission allowed in class io_uring not defined in policy.
[    6.532487] SELinux:  Class memfd_file not defined in policy.
[    6.532488] SELinux: the above unknown classes and permissions will be allowed
[    6.534423] SELinux:  policy capability network_peer_controls=1
[    6.534426] SELinux:  policy capability open_perms=1
[    6.534427] SELinux:  policy capability extended_socket_class=1
[    6.534428] SELinux:  policy capability always_check_network=0
[    6.534428] SELinux:  policy capability cgroup_seclabel=1
[    6.534429] SELinux:  policy capability nnp_nosuid_transition=1
[    6.534430] SELinux:  policy capability genfs_seclabel_symlinks=1
[    6.534430] SELinux:  policy capability ioctl_skip_cloexec=0
[    6.534431] SELinux:  policy capability userspace_initial_context=0
[    6.534431] SELinux:  policy capability netlink_xperm=0
[    6.534432] SELinux:  policy capability netif_wildcard=0
[    6.534432] SELinux:  policy capability genfs_seclabel_wildcard=0
[    6.534433] SELinux:  policy capability functionfs_seclabel=0
[    6.534433] SELinux:  policy capability memfd_class=0
[    6.577591] audit: type=1403 audit(1774645783.640:3): auid=4294967295 ses=4294967295 lsm=selinux res=1
[    6.578075] systemd[1]: Successfully loaded SELinux policy in 85.654ms.
[    6.589384] systemd[1]: Relabeled /dev/, /dev/shm/, /run/ in 6.643ms.
[    6.924530] systemd[1]: systemd 258.7-1.fc43 running in system mode (+PAM +AUDIT +SELINUX -APPARMOR +IMA +IPE +SMACK +SECCOMP -GCRYPT +GNUTLS +OPENSSL +ACL +BLKID +CURL +ELFUTILS +FIDO2 +IDN2 -IDN -IPTC +KMOD +LIBCRYPTSETUP +LIBCRYPTSETUP_PLUGINS +LIBFDISK +PCRE2 +PWQUALITY +P11KIT +QRENCODE +TPM2 +BZIP2 +LZ4 +XZ +ZLIB +ZSTD +BPF_FRAMEWORK +BTF +XKBCOMMON +UTMP +SYSVINIT +LIBARCHIVE)
[    6.924549] systemd[1]: Detected architecture x86-64.
[    6.979595] systemd[1]: bpf-restrict-fs: Failed to load BPF object: No such process
[    7.115828] zram: Added device: zram0
[    7.211428] audit: type=1400 audit(1774645784.274:4): avc:  denied  { getattr } for  pid=1 comm="systemd" path="socket:[545]" dev="sockfs" ino=545 scontext=system_u:system_r:init_t:s0 tcontext=system_u:system_r:kernel_t:s0 tclass=netlink_kobject_uevent_socket permissive=0
[    7.227500] systemd[1]: initrd-switch-root.service: Deactivated successfully.
[    7.227584] systemd[1]: Stopped initrd-switch-root.service - Switch Root.
[    7.228252] systemd[1]: systemd-journald.service: Scheduled restart job, restart counter is at 1.
[    7.228627] systemd[1]: Created slice system-getty.slice - Slice /system/getty.
[    7.228860] systemd[1]: Created slice system-systemd\x2dfsck.slice - Slice /system/systemd-fsck.
[    7.229064] systemd[1]: Created slice system-systemd\x2dzram\x2dsetup.slice - Slice /system/systemd-zram-setup.
[    7.229224] systemd[1]: Created slice user.slice - User and Session Slice.
[    7.229250] systemd[1]: systemd-ask-password-console.path - Dispatch Password Requests to Console Directory Watch skipped, unmet condition check ConditionPathExists=!/run/plymouth/pid
[    7.229298] systemd[1]: Started systemd-ask-password-wall.path - Forward Password Requests to Wall Directory Watch.
[    7.229525] systemd[1]: Set up automount proc-sys-fs-binfmt_misc.automount - Arbitrary Executable File Formats File System Automount Point.
[    7.229541] systemd[1]: Expecting device dev-disk-by\x2duuid-0545\x2d8CD7.device - /dev/disk/by-uuid/0545-8CD7...
[    7.229549] systemd[1]: Expecting device dev-disk-by\x2duuid-7e68572e\x2dc329\x2d46b9\x2dacfb\x2debd45df85463.device - /dev/disk/by-uuid/7e68572e-c329-46b9-acfb-ebd45df85463...
[    7.229559] systemd[1]: Expecting device dev-disk-by\x2duuid-7f9cfad2\x2dd592\x2d43ee\x2db173\x2d4a1cdccf507e.device - /dev/disk/by-uuid/7f9cfad2-d592-43ee-b173-4a1cdccf507e...
[    7.229568] systemd[1]: Expecting device dev-disk-by\x2duuid-a6b7c3c7\x2d7e59\x2d4e06\x2da6fd\x2dda225ec21bbd.device - /dev/disk/by-uuid/a6b7c3c7-7e59-4e06-a6fd-da225ec21bbd...
[    7.229575] systemd[1]: Expecting device dev-disk-by\x2duuid-c5c3d8fc\x2dbd38\x2d4d21\x2d8b7b\x2d92769aa4eeeb.device - /dev/disk/by-uuid/c5c3d8fc-bd38-4d21-8b7b-92769aa4eeeb...
[    7.229583] systemd[1]: Expecting device dev-zram0.device - /dev/zram0...
[    7.229593] systemd[1]: Reached target cryptsetup.target - Local Encrypted Volumes.
[    7.229605] systemd[1]: Reached target getty.target - Login Prompts.
[    7.229615] systemd[1]: Reached target imports.target - Image Downloads.
[    7.229629] systemd[1]: Stopped target initrd-switch-root.target - Switch Root.
[    7.229642] systemd[1]: Stopped target initrd-fs.target - Initrd File Systems.
[    7.229651] systemd[1]: Stopped target initrd-root-fs.target - Initrd Root File System.
[    7.229662] systemd[1]: Reached target integritysetup.target - Local Integrity Protected Volumes.
[    7.229696] systemd[1]: Reached target slices.target - Slice Units.
[    7.229717] systemd[1]: Reached target veritysetup.target - Local Verity Protected Volumes.
[    7.229886] systemd[1]: Listening on dm-event.socket - Device-mapper event daemon FIFOs.
[    7.230733] systemd[1]: Listening on lvm2-lvmpolld.socket - LVM2 poll daemon socket.
[    7.231404] systemd[1]: Listening on systemd-ask-password.socket - Query the User Interactively for a Password.
[    7.233013] systemd[1]: Listening on systemd-coredump.socket - Process Core Dump Socket.
[    7.233450] systemd[1]: Listening on systemd-creds.socket - Credential Encryption/Decryption.
[    7.234035] systemd[1]: Listening on systemd-factory-reset.socket - Factory Reset Management.
[    7.234356] systemd[1]: Listening on systemd-journald-audit.socket - Journal Audit Socket.
[    7.234401] systemd[1]: systemd-pcrextend.socket - TPM PCR Measurements skipped, unmet condition check ConditionSecurity=measured-uki
[    7.234411] systemd[1]: systemd-pcrlock.socket - Make TPM PCR Policy skipped, unmet condition check ConditionSecurity=measured-uki
[    7.234550] systemd[1]: Listening on systemd-resolved-monitor.socket - Resolve Monitor Varlink Socket.
[    7.234602] systemd[1]: Listening on systemd-resolved-varlink.socket - Resolve Service Varlink Socket.
[    7.235132] systemd[1]: Listening on systemd-udevd-control.socket - udev Control Socket.
[    7.235232] systemd[1]: Listening on systemd-udevd-varlink.socket - udev Varlink Socket.
[    7.235344] systemd[1]: Listening on systemd-userdbd.socket - User Database Manager Socket.
[    7.237266] systemd[1]: Mounting dev-hugepages.mount - Huge Pages File System...
[    7.237707] systemd[1]: Mounting dev-mqueue.mount - POSIX Message Queue File System...
[    7.238198] systemd[1]: Mounting sys-kernel-debug.mount - Kernel Debug File System...
[    7.238750] systemd[1]: Mounting sys-kernel-tracing.mount - Kernel Trace File System...
[    7.238844] systemd[1]: auth-rpcgss-module.service - Kernel Module supporting RPCSEC_GSS skipped, unmet condition check ConditionPathExists=/etc/krb5.keytab
[    7.238889] systemd[1]: fips-crypto-policy-overlay.service - Bind-mount FIPS crypto-policy in FIPS mode skipped, unmet condition check ConditionKernelCommandLine=fips=1
[    7.239525] systemd[1]: iscsi-starter.service skipped, unmet condition check ConditionDirectoryNotEmpty=/var/lib/iscsi/nodes
[    7.240184] systemd[1]: Starting kmod-static-nodes.service - Create List of Static Device Nodes...
[    7.261606] systemd[1]: Starting lvm2-monitor.service - Monitoring of LVM2 mirrors, snapshots etc. using dmeventd or progress polling...
[    7.261687] systemd[1]: modprobe@configfs.service - Load Kernel Module configfs skipped, unmet condition check ConditionKernelModuleLoaded=!configfs
[    7.261725] systemd[1]: modprobe@dm_mod.service - Load Kernel Module dm_mod skipped, unmet condition check ConditionKernelModuleLoaded=!dm_mod
[    7.261797] systemd[1]: modprobe@drm.service - Load Kernel Module drm skipped, unmet condition check ConditionKernelModuleLoaded=!drm
[    7.261828] systemd[1]: modprobe@fuse.service - Load Kernel Module fuse skipped, unmet condition check ConditionKernelModuleLoaded=!fuse
[    7.262443] systemd[1]: Mounting sys-fs-fuse-connections.mount - FUSE Control File System...
[    7.263028] systemd[1]: Starting modprobe@loop.service - Load Kernel Module loop...
[    7.263064] systemd[1]: plymouth-switch-root.service: Deactivated successfully.
[    7.263083] systemd[1]: Stopped plymouth-switch-root.service - Plymouth switch root service.
[    7.263182] systemd[1]: systemd-boot-clear-sysfail.service - Clear SysFail Entry If The Boot Is Successful skipped, unmet condition check ConditionPathExists=/sys/firmware/efi/efivars/LoaderEntrySysFail-4a67b082-0a4c-41cf-b6c7-440b29bb8c4f
[    7.263205] systemd[1]: systemd-fsck-root.service: Deactivated successfully.
[    7.263216] systemd[1]: Stopped systemd-fsck-root.service - File System Check on Root Device.
[    7.263252] systemd[1]: systemd-hibernate-clear.service - Clear Stale Hibernate Storage Info skipped, unmet condition check ConditionPathExists=/sys/firmware/efi/efivars/HibernateLocation-8cf2644b-4b0b-428f-9387-6d876050dc67
[    7.264290] systemd[1]: Starting systemd-journald.service - Journal Service...
[    7.265202] systemd[1]: Starting systemd-modules-load.service - Load Kernel Modules...
[    7.265681] systemd[1]: Starting systemd-network-generator.service - Generate Network Units from Kernel Command Line...
[    7.265705] systemd[1]: systemd-pcrmachine.service - TPM PCR Machine ID Measurement skipped, unmet condition check ConditionSecurity=measured-uki
[    7.266166] systemd[1]: Starting systemd-remount-fs.service - Remount Root and Kernel File Systems...
[    7.266216] systemd[1]: systemd-tpm2-setup-early.service - Early TPM SRK Setup skipped, unmet condition check ConditionSecurity=measured-uki
